2026-04-24T11:21:23,320 [main] INFO  a.f.a.t.Tool$ - # APALACHE version: 0.56.1 | build: 70cdaf4
2026-04-24T11:21:23,338 [main] INFO  a.f.a.t.t.o.CheckCmd - Tuning: search.outputTraces=false
2026-04-24T11:21:23,488 [main] INFO  a.f.a.i.p.PassChainExecutor - PASS #0: SanyParser
2026-04-24T11:21:24,141 [main] WARN  a.f.a.t.i.ModuleTranslator - WORKAROUND #130: labelling operator n as recursive, though SANY did not tell us so.
2026-04-24T11:21:24,141 [main] WARN  a.f.a.t.i.ModuleTranslator - WORKAROUND #130: labelling operator n as recursive, though SANY did not tell us so.
2026-04-24T11:21:24,141 [main] WARN  a.f.a.t.i.ModuleTranslator - WORKAROUND #130: labelling operator n as recursive, though SANY did not tell us so.
2026-04-24T11:21:24,142 [main] WARN  a.f.a.t.i.ModuleTranslator - WORKAROUND #130: labelling operator n as recursive, though SANY did not tell us so.
2026-04-24T11:21:24,317 [main] DEBUG a.f.a.i.p.PassChainExecutor - PASS #0: SanyParser [OK]
2026-04-24T11:21:24,317 [main] INFO  a.f.a.i.p.PassChainExecutor - PASS #1: TypeCheckerSnowcat
2026-04-24T11:21:24,317 [main] INFO  a.f.a.t.p.t.EtcTypeCheckerPassImpl -  > Running Snowcat .::.
2026-04-24T11:21:24,512 [main] ERROR a.f.a.t.t.TypeCheckerTool - Parsing error in the type annotation: Set(Message)
2026-04-24T11:21:24,515 [main] DEBUG a.f.a.i.p.PassChainExecutor - Adapted exception intercepted: 
at.forsyte.apalache.tla.typecheck.TypingInputException: Parser error in type annotation of msgs: '(' expected but ) found
	at at.forsyte.apalache.tla.typecheck.TypeCheckerTool.$anonfun$parseTypeAnnotations$4(TypeCheckerTool.scala:159)
	at scala.collection.StrictOptimizedIterableOps.map(StrictOptimizedIterableOps.scala:100)
	at scala.collection.StrictOptimizedIterableOps.map$(StrictOptimizedIterableOps.scala:87)
	at scala.collection.mutable.HashMap.map(HashMap.scala:35)
	at at.forsyte.apalache.tla.typecheck.TypeCheckerTool.parseTypeAnnotations(TypeCheckerTool.scala:145)
	at at.forsyte.apalache.tla.typecheck.TypeCheckerTool.check(TypeCheckerTool.scala:37)
	at at.forsyte.apalache.tla.passes.typecheck.EtcTypeCheckerPassImpl.execute(EtcTypeCheckerPassImpl.scala:54)
	at at.forsyte.apalache.infra.passes.PassChainExecutor.exec(PassChainExecutor.scala:71)
	at at.forsyte.apalache.infra.passes.PassChainExecutor.$anonfun$runPassOnModule$3(PassChainExecutor.scala:60)
	at scala.util.Either.flatMap(Either.scala:360)
	at at.forsyte.apalache.infra.passes.PassChainExecutor.$anonfun$runPassOnModule$1(PassChainExecutor.scala:58)
	at scala.collection.LinearSeqOps.foldLeft(LinearSeq.scala:183)
	at scala.collection.LinearSeqOps.foldLeft$(LinearSeq.scala:179)
	at scala.collection.immutable.List.foldLeft(List.scala:79)
	at at.forsyte.apalache.infra.passes.PassChainExecutor.runOnPasses(PassChainExecutor.scala:51)
	at at.forsyte.apalache.infra.passes.PassChainExecutor.run(PassChainExecutor.scala:42)
	at at.forsyte.apalache.tla.tooling.opt.CheckCmd.run(CheckCmd.scala:137)
	at at.forsyte.apalache.tla.Tool$.runCommand(Tool.scala:139)
	at at.forsyte.apalache.tla.Tool$.run(Tool.scala:119)
	at at.forsyte.apalache.tla.Tool$.main(Tool.scala:40)
	at at.forsyte.apalache.tla.Tool.main(Tool.scala)
2026-04-24T11:21:24,574 [main] ERROR a.f.a.t.Tool$ - <unknown>: type input error: Parser error in type annotation of msgs: '(' expected but ) found
2026-04-24T11:21:24,575 [main] INFO  a.f.a.t.Tool$ - It took me 0 days  0 hours  0 min  1 sec
2026-04-24T11:21:24,575 [main] INFO  a.f.a.t.Tool$ - Total time: 1.252 sec
