2026-04-27T11:33:21,661 [main] INFO  a.f.a.t.Tool$ - # APALACHE version: 0.56.1 | build: 70cdaf4
2026-04-27T11:33:21,680 [main] INFO  a.f.a.t.t.o.CheckCmd - Tuning: search.outputTraces=false
2026-04-27T11:33:21,871 [main] INFO  a.f.a.i.p.PassChainExecutor - PASS #0: SanyParser
2026-04-27T11:33:22,499 [main] WARN  a.f.a.t.i.ModuleTranslator - WORKAROUND #130: labelling operator n as recursive, though SANY did not tell us so.
2026-04-27T11:33:22,499 [main] WARN  a.f.a.t.i.ModuleTranslator - WORKAROUND #130: labelling operator n as recursive, though SANY did not tell us so.
2026-04-27T11:33:22,499 [main] WARN  a.f.a.t.i.ModuleTranslator - WORKAROUND #130: labelling operator n as recursive, though SANY did not tell us so.
2026-04-27T11:33:22,584 [main] DEBUG a.f.a.i.p.PassChainExecutor - PASS #0: SanyParser [OK]
2026-04-27T11:33:22,585 [main] INFO  a.f.a.i.p.PassChainExecutor - PASS #1: TypeCheckerSnowcat
2026-04-27T11:33:22,585 [main] INFO  a.f.a.t.p.t.EtcTypeCheckerPassImpl -  > Running Snowcat .::.
2026-04-27T11:33:32,898 [main] INFO  a.f.a.t.p.t.EtcTypeCheckerPassImpl -  > Your types are purrfect!
2026-04-27T11:33:32,899 [main] INFO  a.f.a.t.p.t.EtcTypeCheckerPassImpl -  > All expressions are typed
2026-04-27T11:33:32,899 [main] DEBUG a.f.a.i.p.PassChainExecutor - PASS #1: TypeCheckerSnowcat [OK]
2026-04-27T11:33:32,900 [main] INFO  a.f.a.i.p.PassChainExecutor - PASS #2: ConfigurationPass
2026-04-27T11:33:32,906 [main] DEBUG a.f.a.i.p.PassChainExecutor - Adapted exception intercepted: 
at.forsyte.apalache.tla.lir.LanguagePredError: Some declarations do not fit in the fragment NonrecursiveLanguagePred$
	at at.forsyte.apalache.tla.lir.transformations.LanguageWatchdog.check(LanguageWatchdog.scala:34)
	at at.forsyte.apalache.tla.passes.pp.ConfigurationPassImpl.execute(ConfigurationPassImpl.scala:46)
	at at.forsyte.apalache.infra.passes.PassChainExecutor.exec(PassChainExecutor.scala:71)
	at at.forsyte.apalache.infra.passes.PassChainExecutor.$anonfun$runPassOnModule$3(PassChainExecutor.scala:60)
	at scala.util.Either.flatMap(Either.scala:360)
	at at.forsyte.apalache.infra.passes.PassChainExecutor.$anonfun$runPassOnModule$1(PassChainExecutor.scala:58)
	at scala.collection.LinearSeqOps.foldLeft(LinearSeq.scala:183)
	at scala.collection.LinearSeqOps.foldLeft$(LinearSeq.scala:179)
	at scala.collection.immutable.List.foldLeft(List.scala:79)
	at at.forsyte.apalache.infra.passes.PassChainExecutor.runOnPasses(PassChainExecutor.scala:51)
	at at.forsyte.apalache.infra.passes.PassChainExecutor.run(PassChainExecutor.scala:42)
	at at.forsyte.apalache.tla.tooling.opt.CheckCmd.run(CheckCmd.scala:137)
	at at.forsyte.apalache.tla.Tool$.runCommand(Tool.scala:139)
	at at.forsyte.apalache.tla.Tool$.run(Tool.scala:119)
	at at.forsyte.apalache.tla.Tool$.main(Tool.scala:40)
	at at.forsyte.apalache.tla.Tool.main(Tool.scala)
2026-04-27T11:33:32,946 [main] ERROR a.f.a.t.b.c.CheckerExceptionAdapter - <unknown>: unexpected expression: RECURSIVE n(). Apalache does not support recursive operators.
2026-04-27T11:33:32,978 [main] ERROR a.f.a.t.b.c.CheckerExceptionAdapter - <unknown>: unexpected expression: RECURSIVE n(). Apalache does not support recursive operators.
2026-04-27T11:33:33,005 [main] ERROR a.f.a.t.b.c.CheckerExceptionAdapter - <unknown>: unexpected expression: RECURSIVE n(). Apalache does not support recursive operators.
2026-04-27T11:33:33,006 [main] ERROR a.f.a.t.Tool$ - Unexpected expressions in the specification (see the error messages)
2026-04-27T11:33:33,007 [main] INFO  a.f.a.t.Tool$ - It took me 0 days  0 hours  0 min 11 sec
2026-04-27T11:33:33,007 [main] INFO  a.f.a.t.Tool$ - Total time: 11.343 sec
