2026-04-24T11:13:28,420 [main] INFO  a.f.a.t.Tool$ - # APALACHE version: 0.56.1 | build: 70cdaf4
2026-04-24T11:13:28,430 [main] INFO  a.f.a.t.t.o.TypeCheckCmd - Type checking typedefs.tla
2026-04-24T11:13:28,554 [main] INFO  a.f.a.i.p.PassChainExecutor - PASS #0: SanyParser
2026-04-24T11:13:28,751 [main] DEBUG a.f.a.i.p.PassChainExecutor - PASS #0: SanyParser [OK]
2026-04-24T11:13:28,751 [main] INFO  a.f.a.i.p.PassChainExecutor - PASS #1: TypeCheckerSnowcat
2026-04-24T11:13:28,751 [main] INFO  a.f.a.t.p.t.EtcTypeCheckerPassImpl -  > Running Snowcat .::.
2026-04-24T11:13:29,104 [main] DEBUG a.f.a.i.p.PassChainExecutor - Adapted exception intercepted: 
at.forsyte.apalache.tla.typecheck.TypingInputException: Missing @typeAlias: preAcceptOKMessage = <type>;
	at at.forsyte.apalache.tla.typecheck.etc.TypeAliasSubstitution$.recFun$1(TypeAliasSubstitution.scala:156)
	at at.forsyte.apalache.tla.typecheck.etc.TypeAliasSubstitution$.recFun$1(TypeAliasSubstitution.scala:200)
	at at.forsyte.apalache.tla.typecheck.etc.TypeAliasSubstitution$.$anonfun$mk$9(TypeAliasSubstitution.scala:248)
	at at.forsyte.apalache.tla.typecheck.etc.TypeAliasSubstitution.apply(TypeAliasSubstitution.scala:20)
	at at.forsyte.apalache.tla.typecheck.etc.ToEtcExpr.$anonfun$findTypeFromTagOrAnnotation$1(ToEtcExpr.scala:116)
	at scala.Option.map(Option.scala:242)
	at at.forsyte.apalache.tla.typecheck.etc.ToEtcExpr.findTypeFromTagOrAnnotation(ToEtcExpr.scala:115)
	at at.forsyte.apalache.tla.typecheck.etc.ToEtcExpr.operDefToDecl(ToEtcExpr.scala:86)
	at at.forsyte.apalache.tla.typecheck.etc.ToEtcExpr.apply(ToEtcExpr.scala:57)
	at at.forsyte.apalache.tla.typecheck.TypeCheckerTool.$anonfun$check$1(TypeCheckerTool.scala:46)
	at scala.collection.immutable.List.foldRight(List.scala:342)
	at at.forsyte.apalache.tla.typecheck.TypeCheckerTool.check(TypeCheckerTool.scala:45)
	at at.forsyte.apalache.tla.passes.typecheck.EtcTypeCheckerPassImpl.execute(EtcTypeCheckerPassImpl.scala:54)
	at at.forsyte.apalache.infra.passes.PassChainExecutor.exec(PassChainExecutor.scala:71)
	at at.forsyte.apalache.infra.passes.PassChainExecutor.$anonfun$runPassOnModule$3(PassChainExecutor.scala:60)
	at scala.util.Either.flatMap(Either.scala:360)
	at at.forsyte.apalache.infra.passes.PassChainExecutor.$anonfun$runPassOnModule$1(PassChainExecutor.scala:58)
	at scala.collection.LinearSeqOps.foldLeft(LinearSeq.scala:183)
	at scala.collection.LinearSeqOps.foldLeft$(LinearSeq.scala:179)
	at scala.collection.immutable.List.foldLeft(List.scala:79)
	at at.forsyte.apalache.infra.passes.PassChainExecutor.runOnPasses(PassChainExecutor.scala:51)
	at at.forsyte.apalache.infra.passes.PassChainExecutor.run(PassChainExecutor.scala:42)
	at at.forsyte.apalache.tla.tooling.opt.TypeCheckCmd.run(TypeCheckCmd.scala:41)
	at at.forsyte.apalache.tla.Tool$.runCommand(Tool.scala:139)
	at at.forsyte.apalache.tla.Tool$.run(Tool.scala:119)
	at at.forsyte.apalache.tla.Tool$.main(Tool.scala:40)
	at at.forsyte.apalache.tla.Tool.main(Tool.scala)
2026-04-24T11:13:29,105 [main] ERROR a.f.a.t.Tool$ - Typing input error: Missing @typeAlias: preAcceptOKMessage = <type>;
2026-04-24T11:13:29,106 [main] INFO  a.f.a.t.Tool$ - It took me 0 days  0 hours  0 min  0 sec
2026-04-24T11:13:29,106 [main] INFO  a.f.a.t.Tool$ - Total time: 0.682 sec
