2026-04-27T11:54:06,638 [main] INFO  a.f.a.t.Tool$ - # APALACHE version: 0.56.1 | build: 70cdaf4
2026-04-27T11:54:06,658 [main] INFO  a.f.a.i.p.o.OptionGroup$ -   > AccordSpec.cfg: Loading TLC configuration
2026-04-27T11:54:06,703 [main] WARN  a.f.a.i.t.TlcConfigParserApalache$ - TLC config option CHECK_DEADLOCK true will be ignored
2026-04-27T11:54:06,708 [main] INFO  a.f.a.i.p.o.OptionGroup$ -   > Using inv predicate(s) Agreement, Ordering, Acyclicity from the TLC config
2026-04-27T11:54:06,709 [main] INFO  a.f.a.t.t.o.CheckCmd - Tuning: search.outputTraces=false
2026-04-27T11:54:06,877 [main] INFO  a.f.a.i.p.PassChainExecutor - PASS #0: SanyParser
2026-04-27T11:54:07,492 [main] DEBUG a.f.a.i.p.PassChainExecutor - PASS #0: SanyParser [OK]
2026-04-27T11:54:07,493 [main] INFO  a.f.a.i.p.PassChainExecutor - PASS #1: TypeCheckerSnowcat
2026-04-27T11:54:07,493 [main] INFO  a.f.a.t.p.t.EtcTypeCheckerPassImpl -  > Running Snowcat .::.
2026-04-27T11:54:16,155 [main] INFO  a.f.a.t.p.t.EtcTypeCheckerPassImpl -  > Your types are purrfect!
2026-04-27T11:54:16,155 [main] INFO  a.f.a.t.p.t.EtcTypeCheckerPassImpl -  > All expressions are typed
2026-04-27T11:54:16,156 [main] DEBUG a.f.a.i.p.PassChainExecutor - PASS #1: TypeCheckerSnowcat [OK]
2026-04-27T11:54:16,156 [main] INFO  a.f.a.i.p.PassChainExecutor - PASS #2: ConfigurationPass
2026-04-27T11:54:16,339 [main] INFO  a.f.a.t.p.p.ConfigurationPassImpl -   > AccordSpec.cfg: Using SPECIFICATION Spec
2026-04-27T11:54:16,341 [main] INFO  a.f.a.t.p.p.ConfigurationPassImpl -   > AccordSpec.cfg: found INVARIANTS: Agreement, Ordering, Acyclicity
2026-04-27T11:54:16,343 [main] INFO  a.f.a.t.p.p.ConfigurationPassImpl -   > Set the initialization predicate to Init
2026-04-27T11:54:16,344 [main] INFO  a.f.a.t.p.p.ConfigurationPassImpl -   > Set the transition predicate to Next
2026-04-27T11:54:16,344 [main] INFO  a.f.a.t.p.p.ConfigurationPassImpl -   > Set the constant initialization predicate to CInit
2026-04-27T11:54:16,344 [main] INFO  a.f.a.t.p.p.ConfigurationPassImpl -   > Set an invariant to Agreement
2026-04-27T11:54:16,344 [main] INFO  a.f.a.t.p.p.ConfigurationPassImpl -   > Set an invariant to Ordering
2026-04-27T11:54:16,344 [main] INFO  a.f.a.t.p.p.ConfigurationPassImpl -   > Set an invariant to Acyclicity
2026-04-27T11:54:16,345 [main] DEBUG a.f.a.i.p.PassChainExecutor - Adapted exception intercepted: 
at.forsyte.apalache.io.ConfigurationError: Operator Acyclicity not found (used as an invariant)
	at at.forsyte.apalache.tla.passes.pp.ConfigurationPassImpl.assertDecl$1(ConfigurationPassImpl.scala:213)
	at at.forsyte.apalache.tla.passes.pp.ConfigurationPassImpl.$anonfun$ensureDeclarationsArePresent$3(ConfigurationPassImpl.scala:223)
	at at.forsyte.apalache.tla.passes.pp.ConfigurationPassImpl.$anonfun$ensureDeclarationsArePresent$3$adapted(ConfigurationPassImpl.scala:223)
	at scala.collection.immutable.List.foreach(List.scala:323)
	at at.forsyte.apalache.tla.passes.pp.ConfigurationPassImpl.ensureDeclarationsArePresent(ConfigurationPassImpl.scala:223)
	at at.forsyte.apalache.tla.passes.pp.ConfigurationPassImpl.execute(ConfigurationPassImpl.scala:95)
	at at.forsyte.apalache.infra.passes.PassChainExecutor.exec(PassChainExecutor.scala:71)
	at at.forsyte.apalache.infra.passes.PassChainExecutor.$anonfun$runPassOnModule$3(PassChainExecutor.scala:60)
	at scala.util.Either.flatMap(Either.scala:360)
	at at.forsyte.apalache.infra.passes.PassChainExecutor.$anonfun$runPassOnModule$1(PassChainExecutor.scala:58)
	at scala.collection.LinearSeqOps.foldLeft(LinearSeq.scala:183)
	at scala.collection.LinearSeqOps.foldLeft$(LinearSeq.scala:179)
	at scala.collection.immutable.List.foldLeft(List.scala:79)
	at at.forsyte.apalache.infra.passes.PassChainExecutor.runOnPasses(PassChainExecutor.scala:51)
	at at.forsyte.apalache.infra.passes.PassChainExecutor.run(PassChainExecutor.scala:42)
	at at.forsyte.apalache.tla.tooling.opt.CheckCmd.run(CheckCmd.scala:137)
	at at.forsyte.apalache.tla.Tool$.runCommand(Tool.scala:139)
	at at.forsyte.apalache.tla.Tool$.run(Tool.scala:119)
	at at.forsyte.apalache.tla.Tool$.main(Tool.scala:40)
	at at.forsyte.apalache.tla.Tool.main(Tool.scala)
2026-04-27T11:54:16,346 [main] ERROR a.f.a.t.Tool$ - Configuration error (see the manual): Operator Acyclicity not found (used as an invariant)
2026-04-27T11:54:16,347 [main] INFO  a.f.a.t.Tool$ - It took me 0 days  0 hours  0 min  9 sec
2026-04-27T11:54:16,347 [main] INFO  a.f.a.t.Tool$ - Total time: 9.706 sec
