TLC2 Version 2.19 of 08 August 2024 (rev: 5a47802)
Warning: Please run the Java VM which executes TLC with a throughput optimized garbage collector by passing the "-XX:+UseParallelGC" property.
(Use the -nowarning option to disable this warning.)
Running Random Simulation with seed 2960980768885034926 with 10 workers on 72 cores with 30208MB heap and 64MB offheap memory [pid: 3848913] (Linux 6.12.69+deb13-cloud-amd64 amd64, Debian 21.0.10 x86_64).
Parsing file /home/alexandre.siret/AccordTLASpec/SpecAccord/RecoveryAndCommitSpec/AccordSpec.tla
Parsing file /tmp/TLC.tla
Parsing file /tmp/Naturals.tla
Parsing file /tmp/Sequences.tla
Parsing file /tmp/FiniteSets.tla
Semantic processing of module Naturals
Semantic processing of module Sequences
Semantic processing of module FiniteSets
Semantic processing of module TLC
Semantic processing of module AccordSpec
Starting... (2026-03-16 15:23:04)
Computed 1 initial states...
Progress: 8390388 states checked.
Progress: 16921982 states checked.
Progress: 25497180 states checked.
Progress: 34091037 states checked.
Progress: 42654683 states checked.
Progress: 51249699 states checked.
Progress: 59857596 states checked.
Progress: 68471356 states checked.
Progress: 77084547 states checked.
Progress: 85694836 states checked.
Progress: 94323696 states checked.
Progress: 102991495 states checked.
Progress: 111624880 states checked.
Progress: 120267240 states checked.
Progress: 128923472 states checked.
Progress: 137562917 states checked.
Progress: 146212225 states checked.
Progress: 154874425 states checked.
Progress: 163533023 states checked.
Progress: 172177281 states checked.
Progress: 180823101 states checked.
Progress: 189487952 states checked.
Progress: 198084805 states checked.
Progress: 206675227 states checked.
Progress: 215315582 states checked.
Progress: 223945488 states checked.
Progress: 232560890 states checked.
Progress: 241162449 states checked.
Progress: 249794464 states checked.
Progress: 258412886 states checked.
Progress: 267048812 states checked.
Progress: 275711516 states checked.
Progress: 284306194 states checked.
Progress: 292940487 states checked.
Progress: 301545896 states checked.
Progress: 310139509 states checked.
Progress: 318760044 states checked.
Progress: 327380746 states checked.
Progress: 336005650 states checked.
Progress: 344605149 states checked.
Progress: 353246987 states checked.
Progress: 361876720 states checked.
Progress: 370487650 states checked.
Progress: 379067038 states checked.
Progress: 387654188 states checked.
Progress: 396267358 states checked.
Progress: 404907352 states checked.
Progress: 413548221 states checked.
Progress: 422166585 states checked.
Progress: 430777819 states checked.
Progress: 439375299 states checked.
Progress: 447972767 states checked.
Progress: 456597807 states checked.
Progress: 465189675 states checked.
Progress: 473817660 states checked.
Progress: 482382421 states checked.
Progress: 490938556 states checked.
Progress: 499538884 states checked.
Progress: 508146369 states checked.
Progress: 516737884 states checked.
Progress: 525373596 states checked.
Progress: 533976913 states checked.
Progress: 542552847 states checked.
Progress: 551203393 states checked.
Progress: 559851876 states checked.
Progress: 568489919 states checked.
Progress: 577140679 states checked.
Progress: 585774414 states checked.
Progress: 594348129 states checked.
Progress: 602973090 states checked.
Progress: 611600895 states checked.
Progress: 620255382 states checked.
Progress: 628885274 states checked.
Progress: 637514862 states checked.
Progress: 646176220 states checked.
Progress: 654809776 states checked.
Progress: 663448986 states checked.
Progress: 672110851 states checked.
Progress: 680735436 states checked.
Progress: 689392104 states checked.
Progress: 698032531 states checked.
Progress: 706619450 states checked.
Progress: 715263702 states checked.
Progress: 723919237 states checked.
Progress: 732572771 states checked.
Progress: 741189416 states checked.
Progress: 749789669 states checked.
Progress: 758375886 states checked.
Progress: 766963533 states checked.
Progress: 775620441 states checked.
Progress: 784265491 states checked.
Progress: 792927052 states checked.
Progress: 801573931 states checked.
Progress: 810197329 states checked.
Progress: 818845331 states checked.
Progress: 827508673 states checked.
Progress: 836130414 states checked.
Progress: 844756206 states checked.
Progress: 853389452 states checked.
Progress: 862017809 states checked.
Progress: 870668393 states checked.
Progress: 879276647 states checked.
Progress: 887875534 states checked.
Progress: 896485007 states checked.
Progress: 905086029 states checked.
Progress: 913674927 states checked.
Progress: 922293936 states checked.
Progress: 930913092 states checked.
Progress: 939520089 states checked.
Progress: 948191582 states checked.
Progress: 956854979 states checked.
Progress: 965454438 states checked.
Progress: 974023326 states checked.
Progress: 982621253 states checked.
Progress: 991244149 states checked.
Progress: 999840632 states checked.
Progress: 1008476793 states checked.
Progress: 1017115066 states checked.
Progress: 1025750937 states checked.
Progress: 1034368250 states checked.
Progress: 1042980262 states checked.
Progress: 1051596692 states checked.
Progress: 1060196846 states checked.
Progress: 1068801782 states checked.
Progress: 1077411425 states checked.
Progress: 1086052290 states checked.
Progress: 1094662091 states checked.
Progress: 1103263642 states checked.
Progress: 1111865112 states checked.
Progress: 1120450294 states checked.
Progress: 1129050239 states checked.
Progress: 1137644024 states checked.
Progress: 1146283990 states checked.
Progress: 1154889742 states checked.
Progress: 1163458001 states checked.
Progress: 1172069139 states checked.
Progress: 1180713172 states checked.
Progress: 1189337819 states checked.
Progress: 1197967180 states checked.
Progress: 1206595332 states checked.
Progress: 1215168927 states checked.
Progress: 1223740588 states checked.
Progress: 1232361208 states checked.
Progress: 1240995772 states checked.
Progress: 1249636158 states checked.
Progress: 1258233378 states checked.
Progress: 1266821915 states checked.
Progress: 1275423534 states checked.
Progress: 1284043203 states checked.
Progress: 1292639722 states checked.
Progress: 1301270522 states checked.
Progress: 1309875563 states checked.
Progress: 1318542952 states checked.
Progress: 1327172943 states checked.
Progress: 1335843852 states checked.
Progress: 1344477764 states checked.
Progress: 1353112654 states checked.
Progress: 1361735001 states checked.
Progress: 1370360435 states checked.
Progress: 1379010033 states checked.
Progress: 1387657909 states checked.
Progress: 1396289477 states checked.
Progress: 1404932249 states checked.
Progress: 1413572825 states checked.
Progress: 1422213752 states checked.
Progress: 1430747005 states checked.
Progress: 1439334604 states checked.
Progress: 1447979483 states checked.
Progress: 1456605615 states checked.
Progress: 1465251919 states checked.
Progress: 1473881387 states checked.
Progress: 1482473104 states checked.
Progress: 1491041055 states checked.
Progress: 1499685731 states checked.
Progress: 1508335500 states checked.
Progress: 1516969083 states checked.
Progress: 1525623443 states checked.
Progress: 1534182779 states checked.
Progress: 1542808552 states checked.
Progress: 1551418842 states checked.
Progress: 1559989770 states checked.
Progress: 1568647273 states checked.
Progress: 1577274101 states checked.
Progress: 1585908963 states checked.
Progress: 1594542780 states checked.
Progress: 1603192198 states checked.
Progress: 1611842828 states checked.
Progress: 1620496599 states checked.
Progress: 1629148283 states checked.
Progress: 1637806077 states checked.
Progress: 1646442720 states checked.
Progress: 1655043445 states checked.
Progress: 1663668004 states checked.
Progress: 1672276601 states checked.
Progress: 1680929171 states checked.
Progress: 1689558499 states checked.
Progress: 1698225039 states checked.
Progress: 1706861782 states checked.
Progress: 1715492259 states checked.
Progress: 1724109183 states checked.
Progress: 1732730735 states checked.
Progress: 1741371606 states checked.
Progress: 1750033667 states checked.
Progress: 1758678532 states checked.
Progress: 1767349924 states checked.
Progress: 1775978632 states checked.
Progress: 1784654196 states checked.
Progress: 1793312674 states checked.
Progress: 1801936078 states checked.
Progress: 1810576954 states checked.
Progress: 1819216098 states checked.
Progress: 1827828635 states checked.
Progress: 1836439352 states checked.
Progress: 1845103163 states checked.
Progress: 1853783305 states checked.
Progress: 1862425352 states checked.
Progress: 1871060996 states checked.
Progress: 1879679069 states checked.
Progress: 1888271415 states checked.
Progress: 1896845426 states checked.
Progress: 1905497489 states checked.
Progress: 1914130626 states checked.
Progress: 1922777865 states checked.
Progress: 1931434389 states checked.
Progress: 1940110223 states checked.
Progress: 1948799540 states checked.
Progress: 1957460555 states checked.
Progress: 1966092143 states checked.
Progress: 1974724853 states checked.
Progress: 1983384174 states checked.
Progress: 1992029898 states checked.
Progress: 2000648236 states checked.
Progress: 2009323895 states checked.
Progress: 2017989797 states checked.
Progress: 2026616593 states checked.
Progress: 2035231335 states checked.
Progress: 2043879614 states checked.
Progress: 2052510570 states checked.
Progress: 2061157293 states checked.
Progress: 2069810716 states checked.
Progress: 2078426314 states checked.
Progress: 2087058016 states checked.
Progress: 2095724067 states checked.
Progress: 2104364606 states checked.
Progress: 2113003471 states checked.
Progress: 2121661358 states checked.
Progress: 2130245317 states checked.
Progress: 2138815542 states checked.
Progress: 2147450625 states checked.
Progress: 2156109400 states checked.
Progress: 2164724558 states checked.
Progress: 2173320685 states checked.
Progress: 2181933211 states checked.
Progress: 2190554244 states checked.
Progress: 2199202870 states checked.
Progress: 2207823906 states checked.
Progress: 2216463599 states checked.
Progress: 2225082440 states checked.
Progress: 2233691677 states checked.
Progress: 2242298271 states checked.
Progress: 2250932679 states checked.
Progress: 2259545064 states checked.
Progress: 2268200516 states checked.
Progress: 2276860279 states checked.
Progress: 2285501188 states checked.
Progress: 2294152955 states checked.
Progress: 2302800302 states checked.
Progress: 2311452000 states checked.
Progress: 2320091182 states checked.
Progress: 2328697698 states checked.
Progress: 2337320808 states checked.
Progress: 2345974974 states checked.
Progress: 2354611895 states checked.
Progress: 2363209811 states checked.
Progress: 2371846852 states checked.
Progress: 2380495461 states checked.
Progress: 2389099767 states checked.
Progress: 2397719864 states checked.
Progress: 2406346255 states checked.
Progress: 2414957685 states checked.
Progress: 2423569215 states checked.
Progress: 2432165947 states checked.
Progress: 2440779921 states checked.
Progress: 2449407614 states checked.
Progress: 2458038348 states checked.
Progress: 2466693749 states checked.
Progress: 2475356144 states checked.
Progress: 2484027053 states checked.
Progress: 2492680886 states checked.
Progress: 2501280590 states checked.
Progress: 2509868743 states checked.
Progress: 2518535228 states checked.
Progress: 2527198536 states checked.
Progress: 2535854060 states checked.
Progress: 2544488435 states checked.
Progress: 2553157535 states checked.
Progress: 2561810712 states checked.
Progress: 2570410201 states checked.
Progress: 2579015819 states checked.
Progress: 2587647842 states checked.
Progress: 2596275337 states checked.
Progress: 2604910496 states checked.
Progress: 2613544479 states checked.
Progress: 2622168140 states checked.
Progress: 2630792694 states checked.
Progress: 2639401115 states checked.
Progress: 2648035994 states checked.
Progress: 2656679462 states checked.
Progress: 2665315241 states checked.
Progress: 2673907365 states checked.
Progress: 2682547416 states checked.
Progress: 2691189698 states checked.
Progress: 2699826385 states checked.
Progress: 2708431476 states checked.
Progress: 2716987890 states checked.
Progress: 2725576462 states checked.
Progress: 2734187114 states checked.
Progress: 2742817333 states checked.
Progress: 2751438258 states checked.
Progress: 2760096061 states checked.
Progress: 2768741896 states checked.
Progress: 2777388347 states checked.
Progress: 2786033242 states checked.
Progress: 2794673904 states checked.
Progress: 2803312647 states checked.
Progress: 2811952685 states checked.
Progress: 2820555801 states checked.
Progress: 2829216625 states checked.
Progress: 2837834942 states checked.
Progress: 2846439130 states checked.
Progress: 2855013549 states checked.
Progress: 2863617630 states checked.
Progress: 2872165856 states checked.
Progress: 2880751826 states checked.
Progress: 2889400129 states checked.
Progress: 2898035912 states checked.
Progress: 2906693705 states checked.
Progress: 2915338161 states checked.
Progress: 2923996654 states checked.
Progress: 2932623470 states checked.
Progress: 2941252213 states checked.
Progress: 2949884206 states checked.
Progress: 2958517756 states checked.
Progress: 2967169515 states checked.
Progress: 2975810421 states checked.
Progress: 2984435884 states checked.
Progress: 2993079101 states checked.
Progress: 3001719114 states checked.
Progress: 3010333725 states checked.
Progress: 3018965048 states checked.
Progress: 3027610169 states checked.
Progress: 3036244711 states checked.
Progress: 3044902357 states checked.
Progress: 3053539592 states checked.
Progress: 3062167138 states checked.
Progress: 3070773898 states checked.
Progress: 3079421153 states checked.
Progress: 3088070353 states checked.
Progress: 3096718089 states checked.
Progress: 3105365484 states checked.
Progress: 3114020302 states checked.
Progress: 3122667290 states checked.
Progress: 3131292310 states checked.
Progress: 3139920907 states checked.
Progress: 3148554984 states checked.
Progress: 3157209883 states checked.
Progress: 3165864966 states checked.
Progress: 3174519800 states checked.
Progress: 3183178646 states checked.
Progress: 3191786594 states checked.
Progress: 3200424901 states checked.
Progress: 3209048381 states checked.
Progress: 3217707963 states checked.
Progress: 3226362096 states checked.
Progress: 3235015645 states checked.
Progress: 3243646526 states checked.
Progress: 3252267429 states checked.
Progress: 3260875314 states checked.
Progress: 3269499373 states checked.
Progress: 3278057195 states checked.
Progress: 3286644040 states checked.
Progress: 3295298836 states checked.
Progress: 3303917925 states checked.
Progress: 3312541614 states checked.
Progress: 3321185427 states checked.
Progress: 3329835072 states checked.
Progress: 3338485699 states checked.
Progress: 3347132331 states checked.
Progress: 3355755376 states checked.
Progress: 3364393081 states checked.
Progress: 3373038920 states checked.
Progress: 3381668338 states checked.
Progress: 3390287834 states checked.
Progress: 3398902782 states checked.
Progress: 3407510005 states checked.
Progress: 3416149820 states checked.
Progress: 3424767496 states checked.
Progress: 3433385198 states checked.
Progress: 3441991913 states checked.
Progress: 3450638691 states checked.
Progress: 3459260473 states checked.
Progress: 3467881158 states checked.
Progress: 3476462803 states checked.
Progress: 3485009812 states checked.
Progress: 3493605122 states checked.
Progress: 3502265855 states checked.
Progress: 3510933573 states checked.
Progress: 3519599337 states checked.
Progress: 3528250450 states checked.
Progress: 3536920303 states checked.
Progress: 3545559040 states checked.
Progress: 3554202555 states checked.
Progress: 3562844057 states checked.
Progress: 3571494674 states checked.
Progress: 3580173657 states checked.
Progress: 3588810302 states checked.
Progress: 3597463119 states checked.
Progress: 3606126098 states checked.
Progress: 3614771266 states checked.
Progress: 3623394567 states checked.
Progress: 3632016063 states checked.
Progress: 3640621034 states checked.
Progress: 3649233024 states checked.
Progress: 3657863025 states checked.
Progress: 3666534712 states checked.
Progress: 3675127323 states checked.
Progress: 3683741634 states checked.
Progress: 3692343674 states checked.
Progress: 3700950289 states checked.
Progress: 3709572541 states checked.
Progress: 3718212021 states checked.
Progress: 3726858793 states checked.
Progress: 3735498075 states checked.
Progress: 3744088823 states checked.
Progress: 3752705133 states checked.
Progress: 3761331229 states checked.
Progress: 3769974757 states checked.
Progress: 3778595406 states checked.
Progress: 3787224060 states checked.
Progress: 3795884878 states checked.
Progress: 3804538358 states checked.
Progress: 3813169815 states checked.
Progress: 3821822530 states checked.
Progress: 3830478908 states checked.
Progress: 3839111988 states checked.
Progress: 3847739055 states checked.
Progress: 3856403795 states checked.
Progress: 3865001494 states checked.
Progress: 3873622234 states checked.
Progress: 3882274279 states checked.
Progress: 3890928256 states checked.
Progress: 3899565266 states checked.
Progress: 3908171008 states checked.
Progress: 3916788490 states checked.
Progress: 3925396110 states checked.
Progress: 3934003564 states checked.
Progress: 3942628742 states checked.
Progress: 3951227288 states checked.
Progress: 3959848512 states checked.
Progress: 3968470944 states checked.
Progress: 3977094627 states checked.
Progress: 3985681060 states checked.
Progress: 3994281599 states checked.
Progress: 4002873203 states checked.
Progress: 4011530020 states checked.
Progress: 4020164619 states checked.
Progress: 4028801553 states checked.
Progress: 4037438304 states checked.
Progress: 4046072113 states checked.
Progress: 4054670530 states checked.
Progress: 4063296724 states checked.
Progress: 4071932385 states checked.
Progress: 4080557318 states checked.
Progress: 4089187704 states checked.
Progress: 4097818504 states checked.
Progress: 4106415410 states checked.
Progress: 4115042183 states checked.
Progress: 4123670968 states checked.
Progress: 4132302450 states checked.
Progress: 4140925951 states checked.
Progress: 4149581970 states checked.
Progress: 4158188585 states checked.
Progress: 4166766824 states checked.
Progress: 4175362484 states checked.
Progress: 4183994210 states checked.
Progress: 4192637464 states checked.
Progress: 4201305944 states checked.
Progress: 4209965077 states checked.
Progress: 4218590438 states checked.
Progress: 4227142968 states checked.
Progress: 4235761967 states checked.
Progress: 4244389138 states checked.
Progress: 4253039659 states checked.
Progress: 4261690699 states checked.
Progress: 4270369677 states checked.
Progress: 4279026711 states checked.
Progress: 4287666369 states checked.
Progress: 4296315985 states checked.
Progress: 4304973657 states checked.
Progress: 4313619442 states checked.
Progress: 4322263867 states checked.
Progress: 4330889739 states checked.
Progress: 4339527693 states checked.
Progress: 4348109968 states checked.
Progress: 4356756838 states checked.
Progress: 4365398377 states checked.
Progress: 4374042022 states checked.
Progress: 4382691387 states checked.
Progress: 4391354930 states checked.
Progress: 4400001091 states checked.
Progress: 4408629606 states checked.
Progress: 4417294330 states checked.
Progress: 4425955926 states checked.
Progress: 4434591850 states checked.
Progress: 4443219478 states checked.
Progress: 4451869031 states checked.
Progress: 4460526400 states checked.
Progress: 4469144991 states checked.
Progress: 4477786632 states checked.
Progress: 4486417378 states checked.
Progress: 4495027248 states checked.
Progress: 4503664487 states checked.
Progress: 4512316418 states checked.
Progress: 4520958490 states checked.
Progress: 4529587500 states checked.
Progress: 4538251650 states checked.
Progress: 4546876738 states checked.
Progress: 4555560073 states checked.
Progress: 4564241177 states checked.
Progress: 4572914528 states checked.
Progress: 4581554591 states checked.
Progress: 4590176291 states checked.
Progress: 4598795695 states checked.
Progress: 4607411248 states checked.
Progress: 4616046047 states checked.
Progress: 4624731274 states checked.
Progress: 4633404967 states checked.
Progress: 4642060000 states checked.
Progress: 4650684142 states checked.
Progress: 4659301631 states checked.
Progress: 4667927712 states checked.
Progress: 4676584634 states checked.
Progress: 4685242529 states checked.
Progress: 4693904714 states checked.
Progress: 4702557864 states checked.
Progress: 4711219764 states checked.
Progress: 4719862646 states checked.
Progress: 4728485396 states checked.
Progress: 4737114307 states checked.
Progress: 4745762285 states checked.
Progress: 4754380407 states checked.
Progress: 4762972075 states checked.
Progress: 4771587508 states checked.
Progress: 4780189262 states checked.
Progress: 4788816129 states checked.
Progress: 4797421122 states checked.
Progress: 4805999849 states checked.
Progress: 4814624104 states checked.
Progress: 4823286773 states checked.
Progress: 4831945010 states checked.
Progress: 4840574586 states checked.
Progress: 4849222525 states checked.
Progress: 4857848970 states checked.
Progress: 4866468902 states checked.
Progress: 4875133049 states checked.
Progress: 4883816271 states checked.
Progress: 4892470861 states checked.
Progress: 4901144303 states checked.
Progress: 4909802487 states checked.
Progress: 4918450487 states checked.
Progress: 4927127074 states checked.
Progress: 4935725575 states checked.
Progress: 4944374356 states checked.
Progress: 4953048590 states checked.
Progress: 4961684679 states checked.
Progress: 4970332939 states checked.
Progress: 4978983184 states checked.
Progress: 4987637971 states checked.
Progress: 4996271706 states checked.
Progress: 5004914344 states checked.
Progress: 5013566701 states checked.
Progress: 5022219305 states checked.
Progress: 5030872444 states checked.
Progress: 5039494231 states checked.
Progress: 5048115954 states checked.
Progress: 5056796780 states checked.
Progress: 5065489061 states checked.
Progress: 5074176115 states checked.
Progress: 5082855449 states checked.
Progress: 5091513880 states checked.
Progress: 5100133039 states checked.
Progress: 5108768201 states checked.
Progress: 5117390026 states checked.
Progress: 5126056564 states checked.
Progress: 5134706292 states checked.
Progress: 5143368139 states checked.
Progress: 5152044565 states checked.
Progress: 5160681590 states checked.
Progress: 5169282458 states checked.
Progress: 5177901758 states checked.
Progress: 5186546761 states checked.
Progress: 5195220120 states checked.
Progress: 5203874177 states checked.
Progress: 5212526625 states checked.
Progress: 5221204889 states checked.
Progress: 5229916251 states checked.
Progress: 5238618217 states checked.
Progress: 5247305897 states checked.
Progress: 5255973731 states checked.
Progress: 5264624255 states checked.
Progress: 5273316524 states checked.
Progress: 5281950583 states checked.
Progress: 5290594254 states checked.
Progress: 5299257611 states checked.
Progress: 5307906412 states checked.
Progress: 5316592326 states checked.
Progress: 5325245237 states checked.
Progress: 5333915178 states checked.
Progress: 5342553476 states checked.
Progress: 5351163205 states checked.
Progress: 5359813204 states checked.
Progress: 5368440822 states checked.
Progress: 5377076652 states checked.
Progress: 5385711516 states checked.
Progress: 5394361927 states checked.
Progress: 5402988881 states checked.
Progress: 5411632255 states checked.
Progress: 5420293253 states checked.
Progress: 5428942927 states checked.
Progress: 5437582485 states checked.
Progress: 5446178181 states checked.
Progress: 5454803663 states checked.
Progress: 5463424657 states checked.
Progress: 5472064558 states checked.
Progress: 5480722024 states checked.
Progress: 5489394877 states checked.
Progress: 5498074318 states checked.
Progress: 5506767475 states checked.
Progress: 5515434105 states checked.
Progress: 5524110702 states checked.
Progress: 5532770232 states checked.
Progress: 5541450874 states checked.
Progress: 5550107575 states checked.
Progress: 5558753157 states checked.
Progress: 5567401212 states checked.
Progress: 5576001224 states checked.
Progress: 5584641907 states checked.
Progress: 5593336724 states checked.
Progress: 5601978341 states checked.
Progress: 5610617225 states checked.
Progress: 5619295113 states checked.
Progress: 5627948273 states checked.
Progress: 5636623581 states checked.
Progress: 5645282423 states checked.
Progress: 5653937166 states checked.
Progress: 5662597556 states checked.
Progress: 5671266622 states checked.
Progress: 5679903131 states checked.
Progress: 5688570588 states checked.
Progress: 5697226183 states checked.
Progress: 5705890951 states checked.
Progress: 5714571766 states checked.
Progress: 5723245752 states checked.
Progress: 5731931595 states checked.
Progress: 5740559627 states checked.
Progress: 5749240803 states checked.
Progress: 5757921977 states checked.
Progress: 5766572991 states checked.
Progress: 5775225666 states checked.
Progress: 5783899666 states checked.
Progress: 5792523513 states checked.
Progress: 5801152497 states checked.
Progress: 5809798486 states checked.
Progress: 5818475114 states checked.
Progress: 5827166441 states checked.
Progress: 5835860262 states checked.
Progress: 5844554890 states checked.
Progress: 5853251411 states checked.
Progress: 5861913129 states checked.
Progress: 5870595456 states checked.
Progress: 5879245717 states checked.
Progress: 5887903681 states checked.
Progress: 5896565055 states checked.
Progress: 5905219107 states checked.
Progress: 5913880453 states checked.
Progress: 5922532310 states checked.
Progress: 5931190392 states checked.
Progress: 5939861346 states checked.
Progress: 5948505325 states checked.
Progress: 5957193920 states checked.
Progress: 5965898019 states checked.
Progress: 5974564819 states checked.
Progress: 5983251882 states checked.
Progress: 5991902355 states checked.
Progress: 6000555400 states checked.
Progress: 6009195359 states checked.
Progress: 6017848635 states checked.
Progress: 6026483674 states checked.
Progress: 6035125929 states checked.
Progress: 6043754608 states checked.
Progress: 6052425231 states checked.
Progress: 6061126542 states checked.
Progress: 6069819564 states checked.
Progress: 6078447400 states checked.
Progress: 6087060813 states checked.
Progress: 6095683907 states checked.
Progress: 6104348029 states checked.
Progress: 6113012036 states checked.
Progress: 6121681137 states checked.
Progress: 6130358644 states checked.
Progress: 6139028314 states checked.
Progress: 6147690710 states checked.
Progress: 6156316577 states checked.
Progress: 6164933158 states checked.
Progress: 6173577118 states checked.
Progress: 6182276523 states checked.
Progress: 6190969986 states checked.
Progress: 6199620848 states checked.
Progress: 6208287265 states checked.
Progress: 6216944327 states checked.
Progress: 6225600168 states checked.
Progress: 6234254329 states checked.
Progress: 6242911009 states checked.
Progress: 6251613149 states checked.
Progress: 6260298508 states checked.
Progress: 6268969119 states checked.
Progress: 6277659755 states checked.
Progress: 6286313664 states checked.
Progress: 6295006150 states checked.
Progress: 6303691957 states checked.
Progress: 6312392755 states checked.
Progress: 6321073941 states checked.
Progress: 6329786398 states checked.
Progress: 6338480837 states checked.
Progress: 6347156591 states checked.
Progress: 6355831658 states checked.
Progress: 6364527077 states checked.
Progress: 6373221920 states checked.
Progress: 6381928932 states checked.
Progress: 6390626785 states checked.
Progress: 6399320346 states checked.
Progress: 6408013867 states checked.
Progress: 6416702840 states checked.
Progress: 6425317676 states checked.
Progress: 6433965818 states checked.
Progress: 6442621605 states checked.
Progress: 6451315772 states checked.
Progress: 6459980357 states checked.
Progress: 6468619158 states checked.
Progress: 6477277776 states checked.
Progress: 6485961039 states checked.
Progress: 6494631209 states checked.
Progress: 6503299331 states checked.
Progress: 6511975900 states checked.
Progress: 6520614812 states checked.
Progress: 6529264925 states checked.
Progress: 6537914724 states checked.
Progress: 6546604996 states checked.
Progress: 6555267402 states checked.
Progress: 6563921260 states checked.
Progress: 6572572317 states checked.
Progress: 6581243669 states checked.
Progress: 6589894368 states checked.
Progress: 6598544357 states checked.
Progress: 6607186288 states checked.
Progress: 6615840868 states checked.
Progress: 6624496372 states checked.
Progress: 6633114639 states checked.
Progress: 6641749435 states checked.
Progress: 6650402780 states checked.
Progress: 6659089298 states checked.
Progress: 6667751896 states checked.
Progress: 6676404908 states checked.
Progress: 6685056214 states checked.
Progress: 6693723755 states checked.
Progress: 6702408168 states checked.
Progress: 6711082202 states checked.
Progress: 6719760415 states checked.
Progress: 6728465856 states checked.
Progress: 6737133359 states checked.
Progress: 6745812634 states checked.
Progress: 6754472359 states checked.
Progress: 6763134575 states checked.
Progress: 6771806735 states checked.
Progress: 6780475899 states checked.
Progress: 6789165445 states checked.
Progress: 6797859579 states checked.
Progress: 6806502065 states checked.
Progress: 6815162980 states checked.
Progress: 6823841794 states checked.
Progress: 6832534511 states checked.
Progress: 6841221115 states checked.
Progress: 6849902142 states checked.
Progress: 6858587702 states checked.
Progress: 6867277572 states checked.
Progress: 6875936200 states checked.
Progress: 6884547478 states checked.
Progress: 6893183380 states checked.
Progress: 6901846251 states checked.
Progress: 6910503737 states checked.
Progress: 6919178248 states checked.
Progress: 6927857934 states checked.
Progress: 6936521835 states checked.
Progress: 6945201982 states checked.
Progress: 6953850184 states checked.
Progress: 6962506996 states checked.
Progress: 6971158211 states checked.
Progress: 6979793322 states checked.
Progress: 6988432421 states checked.
Progress: 6997098646 states checked.
Progress: 7005763151 states checked.
Progress: 7014427443 states checked.
Progress: 7023114191 states checked.
Progress: 7031794533 states checked.
Progress: 7040457846 states checked.
Progress: 7049129739 states checked.
Progress: 7057811639 states checked.
Progress: 7066473148 states checked.
Progress: 7075100118 states checked.
Progress: 7083726186 states checked.
Progress: 7092355574 states checked.
Progress: 7100971603 states checked.
Progress: 7109624689 states checked.
Progress: 7118286582 states checked.
Progress: 7126944814 states checked.
Progress: 7135597956 states checked.
Progress: 7144258781 states checked.
Progress: 7152916942 states checked.
Progress: 7161593114 states checked.
Progress: 7170219860 states checked.
Progress: 7178886329 states checked.
Progress: 7187570959 states checked.
Progress: 7196256787 states checked.
Progress: 7204941243 states checked.
Progress: 7213592837 states checked.
Progress: 7222255094 states checked.
Progress: 7230924171 states checked.
Progress: 7239562564 states checked.
Progress: 7248182233 states checked.
Progress: 7256800774 states checked.
Progress: 7265445324 states checked.
Progress: 7274070209 states checked.
Progress: 7282704962 states checked.
Progress: 7291394228 states checked.
Progress: 7300046663 states checked.
Progress: 7308662717 states checked.
Progress: 7317357491 states checked.
Progress: 7326028675 states checked.
Progress: 7334676029 states checked.
Progress: 7343314592 states checked.
Progress: 7351968473 states checked.
Progress: 7360602921 states checked.
Progress: 7369278140 states checked.
Progress: 7377955122 states checked.
Progress: 7386603519 states checked.
Progress: 7395248378 states checked.
Progress: 7403911201 states checked.
Progress: 7412570430 states checked.
Progress: 7421202262 states checked.
Progress: 7429830032 states checked.
Progress: 7438461710 states checked.
Progress: 7447095896 states checked.
Progress: 7455735202 states checked.
Progress: 7464401372 states checked.
Progress: 7473026776 states checked.
Progress: 7481677680 states checked.
Progress: 7490281516 states checked.
Progress: 7498907765 states checked.
Progress: 7507547122 states checked.
Progress: 7516170959 states checked.
Progress: 7524794408 states checked.
Progress: 7533451679 states checked.
Progress: 7542120599 states checked.
Progress: 7550802808 states checked.
Progress: 7559486141 states checked.
Progress: 7568173953 states checked.
Progress: 7576856559 states checked.
Progress: 7585541817 states checked.
Progress: 7594183696 states checked.
Progress: 7602844867 states checked.
Progress: 7611511834 states checked.
Progress: 7620178433 states checked.
Progress: 7628813754 states checked.
Progress: 7637428779 states checked.
Progress: 7646087846 states checked.
Progress: 7654741252 states checked.
Progress: 7663386122 states checked.
Progress: 7672036411 states checked.
Progress: 7680706435 states checked.
Progress: 7689357887 states checked.
Progress: 7698057054 states checked.
Progress: 7706750024 states checked.
Progress: 7715428115 states checked.
Progress: 7724101579 states checked.
Progress: 7732789725 states checked.
Progress: 7741448385 states checked.
Progress: 7750126762 states checked.
Progress: 7758799705 states checked.
Progress: 7767490647 states checked.
Progress: 7776205236 states checked.
Progress: 7784917131 states checked.
Progress: 7793597040 states checked.
Progress: 7802279680 states checked.
Progress: 7810951752 states checked.
Progress: 7819648190 states checked.
Progress: 7828336046 states checked.
Progress: 7837029281 states checked.
Progress: 7845736156 states checked.
Progress: 7854409443 states checked.
Progress: 7863081672 states checked.
Progress: 7871771626 states checked.
Progress: 7880447151 states checked.
Progress: 7889094498 states checked.
Progress: 7897759282 states checked.
Progress: 7906459398 states checked.
Progress: 7915106621 states checked.
Progress: 7923789618 states checked.
Progress: 7932478751 states checked.
Progress: 7941188649 states checked.
Progress: 7949910191 states checked.
Progress: 7958610289 states checked.
Progress: 7967299811 states checked.
Progress: 7975993398 states checked.
Progress: 7984683081 states checked.
Progress: 7993345418 states checked.
Progress: 8002015602 states checked.
Progress: 8010679237 states checked.
Progress: 8019376287 states checked.
Progress: 8028058073 states checked.
Progress: 8036747313 states checked.
Progress: 8045426061 states checked.
Progress: 8054087706 states checked.
Progress: 8062767922 states checked.
Progress: 8071437136 states checked.
Progress: 8080125794 states checked.
Progress: 8088822017 states checked.
Progress: 8097512044 states checked.
Progress: 8106211971 states checked.
Progress: 8114919049 states checked.
Progress: 8123605382 states checked.
Progress: 8132256140 states checked.
Progress: 8140964914 states checked.
Progress: 8149663232 states checked.
Progress: 8158312372 states checked.
Progress: 8166951820 states checked.
Progress: 8175620071 states checked.
Progress: 8184345071 states checked.
Progress: 8193048682 states checked.
Progress: 8201754651 states checked.
Progress: 8210434154 states checked.
Progress: 8219050232 states checked.
Progress: 8227673176 states checked.
Progress: 8236296830 states checked.
Progress: 8244903074 states checked.
Progress: 8253530020 states checked.
Progress: 8262183003 states checked.
Progress: 8270839808 states checked.
Progress: 8279488333 states checked.
Progress: 8288163679 states checked.
Progress: 8296789723 states checked.
Progress: 8305450728 states checked.
Progress: 8314121534 states checked.
Progress: 8322787460 states checked.
Progress: 8331452563 states checked.
Progress: 8340110166 states checked.
Progress: 8348768700 states checked.
Progress: 8357433990 states checked.
Progress: 8366128710 states checked.
Progress: 8374793909 states checked.
Progress: 8383456457 states checked.
Progress: 8392090521 states checked.
Progress: 8400682497 states checked.
Progress: 8409293007 states checked.
Progress: 8417954910 states checked.
Progress: 8426596199 states checked.
Progress: 8435228025 states checked.
Progress: 8443908431 states checked.
Progress: 8452604741 states checked.
Progress: 8461242887 states checked.
Progress: 8469910134 states checked.
Progress: 8478585594 states checked.
Progress: 8487267797 states checked.
Progress: 8495930708 states checked.
Progress: 8504577390 states checked.
Progress: 8513220758 states checked.
Progress: 8521846408 states checked.
Progress: 8530426419 states checked.
Progress: 8539060030 states checked.
Progress: 8547728206 states checked.
Progress: 8556382575 states checked.
Progress: 8564990012 states checked.
Progress: 8573611892 states checked.
Progress: 8582234432 states checked.
Progress: 8590888531 states checked.
Progress: 8599507197 states checked.
Progress: 8608134195 states checked.
Progress: 8616762416 states checked.
Progress: 8625432897 states checked.
Progress: 8634103809 states checked.
Progress: 8642784169 states checked.
Progress: 8651417173 states checked.
Progress: 8660047840 states checked.
Progress: 8668651817 states checked.
Progress: 8677262183 states checked.
Progress: 8685903255 states checked.
Progress: 8694548381 states checked.
Progress: 8703149882 states checked.
Progress: 8711811213 states checked.
Progress: 8720477631 states checked.
Progress: 8729131223 states checked.
Progress: 8737778387 states checked.
Progress: 8746446105 states checked.
Progress: 8755083029 states checked.
Progress: 8763737860 states checked.
Progress: 8772366644 states checked.
Progress: 8780986761 states checked.
Progress: 8789560166 states checked.
Progress: 8798094875 states checked.
Progress: 8806762520 states checked.
Progress: 8815451781 states checked.
Progress: 8824120413 states checked.
Progress: 8832796823 states checked.
Progress: 8841488507 states checked.
Progress: 8850146558 states checked.
Progress: 8858778729 states checked.
Progress: 8867430443 states checked.
Progress: 8876100903 states checked.
Progress: 8884783536 states checked.
Progress: 8893411526 states checked.
Progress: 8902046956 states checked.
Progress: 8910634665 states checked.
Progress: 8919197377 states checked.
Progress: 8927784713 states checked.
Progress: 8936351572 states checked.
Progress: 8944897983 states checked.
Progress: 8953449373 states checked.
Progress: 8962080501 states checked.
Progress: 8970726405 states checked.
Progress: 8979392823 states checked.
Progress: 8988037289 states checked.
Progress: 8996697330 states checked.
Progress: 9005386696 states checked.
Progress: 9014048496 states checked.
Progress: 9022682345 states checked.
Progress: 9031344297 states checked.
Progress: 9039964704 states checked.
Progress: 9048604721 states checked.
Progress: 9057227003 states checked.
Progress: 9065868578 states checked.
Progress: 9074509628 states checked.
Progress: 9083139339 states checked.
Progress: 9091802184 states checked.
Progress: 9100487533 states checked.
Progress: 9109124204 states checked.
Progress: 9117780340 states checked.
Progress: 9126443129 states checked.
Progress: 9135103651 states checked.
Progress: 9143765697 states checked.
Progress: 9152417120 states checked.
Progress: 9161070336 states checked.
Progress: 9169706598 states checked.
Progress: 9178318717 states checked.
Progress: 9186925023 states checked.
Progress: 9195544957 states checked.
Progress: 9204175465 states checked.
Progress: 9212808231 states checked.
Progress: 9221379486 states checked.
Progress: 9229997385 states checked.
Progress: 9238624039 states checked.
Progress: 9247228940 states checked.
Progress: 9255864822 states checked.
Progress: 9264475953 states checked.
Progress: 9273114756 states checked.
Progress: 9281751446 states checked.
Progress: 9290333986 states checked.
Progress: 9298922539 states checked.
Progress: 9307536243 states checked.
Progress: 9316131904 states checked.
Progress: 9324705336 states checked.
Progress: 9333317882 states checked.
Progress: 9341896887 states checked.
Progress: 9350531745 states checked.
Progress: 9359174605 states checked.
Progress: 9367829920 states checked.
Progress: 9376418276 states checked.
Progress: 9385100803 states checked.
Progress: 9393743378 states checked.
Progress: 9402420096 states checked.
Progress: 9411096568 states checked.
Progress: 9419772525 states checked.
Progress: 9428418067 states checked.
Progress: 9437073940 states checked.
Progress: 9445722667 states checked.
Progress: 9454374244 states checked.
Progress: 9463022377 states checked.
Progress: 9471693015 states checked.
Progress: 9480342084 states checked.
Progress: 9488970762 states checked.
Progress: 9497574234 states checked.
Progress: 9506218792 states checked.
Progress: 9514842371 states checked.
Progress: 9523439253 states checked.
Progress: 9532041150 states checked.
Progress: 9540676624 states checked.
Progress: 9549304941 states checked.
Progress: 9557974834 states checked.
Progress: 9566631646 states checked.
Progress: 9575273625 states checked.
Progress: 9583888374 states checked.
Progress: 9592510744 states checked.
Progress: 9601138590 states checked.
Progress: 9609769614 states checked.
Progress: 9618373604 states checked.
Progress: 9626976715 states checked.
Progress: 9635636156 states checked.
Progress: 9644283915 states checked.
Progress: 9652936131 states checked.
Progress: 9661581871 states checked.
Progress: 9670223361 states checked.
Progress: 9678860703 states checked.
Progress: 9687473856 states checked.
Progress: 9696063016 states checked.
Progress: 9704647770 states checked.
Progress: 9713238368 states checked.
Progress: 9721867885 states checked.
Progress: 9730478439 states checked.
Progress: 9739084034 states checked.
Progress: 9747719989 states checked.
Progress: 9756358202 states checked.
Progress: 9764972602 states checked.
Progress: 9773584741 states checked.
Progress: 9782213296 states checked.
Progress: 9790844330 states checked.
Progress: 9799487808 states checked.
Progress: 9808139308 states checked.
Progress: 9816822200 states checked.
Progress: 9825498725 states checked.
Progress: 9834159156 states checked.
Progress: 9842783604 states checked.
Progress: 9851407835 states checked.
Progress: 9860024422 states checked.
Progress: 9868654888 states checked.
Progress: 9877229635 states checked.
Progress: 9885839431 states checked.
Progress: 9894474108 states checked.
Progress: 9903128571 states checked.
Progress: 9911774941 states checked.
Progress: 9920422878 states checked.
Progress: 9929077223 states checked.
Progress: 9937670095 states checked.
Progress: 9946213752 states checked.
