TLC2 Version 2.19 of 08 August 2024 (rev: 5a47802)
Warning: Please run the Java VM which executes TLC with a throughput optimized garbage collector by passing the "-XX:+UseParallelGC" property.
(Use the -nowarning option to disable this warning.)
Running Random Simulation with seed -7123455705291843852 with 50 workers on 72 cores with 30208MB heap and 64MB offheap memory [pid: 4140754] (Linux 6.12.69+deb13-cloud-amd64 amd64, Debian 21.0.10 x86_64).
Parsing file /home/alexandre.siret/AccordTLASpec/SpecAccord/RecoveryAndCommitSpec/AccordSpec.tla
Parsing file /tmp/TLC.tla
Parsing file /tmp/Naturals.tla
Parsing file /tmp/Sequences.tla
Parsing file /tmp/FiniteSets.tla
Semantic processing of module Naturals
Semantic processing of module Sequences
Semantic processing of module FiniteSets
Semantic processing of module TLC
Semantic processing of module AccordSpec
Starting... (2026-03-25 09:50:01)
Computed 1 initial states...
Progress: 15870931 states checked.
Progress: 32199806 states checked.
Progress: 48537439 states checked.
Progress: 64896739 states checked.
Progress: 81246135 states checked.
Progress: 97630870 states checked.
Progress: 114000370 states checked.
Progress: 130348310 states checked.
Progress: 146709218 states checked.
Progress: 163073097 states checked.
Progress: 179445269 states checked.
Progress: 195813894 states checked.
Progress: 212209805 states checked.
Progress: 228626168 states checked.
Progress: 245024058 states checked.
Progress: 261420501 states checked.
Progress: 277828778 states checked.
Progress: 294272491 states checked.
Progress: 310676070 states checked.
Progress: 327074592 states checked.
Progress: 343480410 states checked.
Progress: 359920267 states checked.
Progress: 376348113 states checked.
Progress: 392800255 states checked.
Progress: 409218817 states checked.
Progress: 425668487 states checked.
Progress: 442084664 states checked.
Progress: 458511923 states checked.
Progress: 474934396 states checked.
Progress: 491361623 states checked.
Progress: 507797801 states checked.
Progress: 524229146 states checked.
Progress: 540658921 states checked.
Progress: 556979066 states checked.
Progress: 573342999 states checked.
Progress: 589712418 states checked.
Progress: 606096297 states checked.
Progress: 622478054 states checked.
Progress: 638807103 states checked.
Progress: 655168061 states checked.
Progress: 671542404 states checked.
Progress: 687948648 states checked.
Progress: 704287584 states checked.
Progress: 720597823 states checked.
Progress: 737000342 states checked.
Progress: 753360336 states checked.
Progress: 769775860 states checked.
Progress: 786154477 states checked.
Progress: 802553715 states checked.
Progress: 818951011 states checked.
Progress: 835371232 states checked.
Progress: 851799081 states checked.
Progress: 868219610 states checked.
Progress: 884609840 states checked.
Progress: 901013499 states checked.
Progress: 917426384 states checked.
Progress: 933857847 states checked.
Progress: 950262700 states checked.
Progress: 966699746 states checked.
Progress: 983135168 states checked.
Progress: 999552667 states checked.
Progress: 1015974740 states checked.
Progress: 1032392671 states checked.
Progress: 1048786664 states checked.
Progress: 1065182311 states checked.
Progress: 1081561064 states checked.
Progress: 1097970461 states checked.
Progress: 1114372739 states checked.
Progress: 1130748425 states checked.
Progress: 1147173921 states checked.
Progress: 1163598980 states checked.
Progress: 1179997354 states checked.
Progress: 1196391916 states checked.
Progress: 1212793465 states checked.
Progress: 1229225087 states checked.
Progress: 1245615509 states checked.
Progress: 1262030224 states checked.
Progress: 1278465379 states checked.
Progress: 1294899960 states checked.
Progress: 1311317376 states checked.
Progress: 1327795147 states checked.
Progress: 1344192945 states checked.
Progress: 1360552239 states checked.
Progress: 1376941403 states checked.
Progress: 1393333898 states checked.
Progress: 1409747680 states checked.
Progress: 1426151286 states checked.
Progress: 1442540415 states checked.
Progress: 1458930725 states checked.
Progress: 1475354171 states checked.
Progress: 1491782867 states checked.
Progress: 1508173917 states checked.
Progress: 1524565227 states checked.
Progress: 1540976190 states checked.
Progress: 1557395961 states checked.
Progress: 1573793391 states checked.
Progress: 1590196639 states checked.
Progress: 1606558722 states checked.
Progress: 1622903883 states checked.
Progress: 1639291732 states checked.
Progress: 1655638974 states checked.
Progress: 1671997033 states checked.
Progress: 1688428401 states checked.
Progress: 1704812904 states checked.
Progress: 1721216363 states checked.
Progress: 1737619759 states checked.
Progress: 1754036408 states checked.
Progress: 1770415260 states checked.
Progress: 1786801501 states checked.
Progress: 1803184614 states checked.
Progress: 1819588283 states checked.
Progress: 1836005308 states checked.
Progress: 1852415546 states checked.
Progress: 1868799578 states checked.
Progress: 1885175215 states checked.
Progress: 1901573471 states checked.
Progress: 1917968949 states checked.
Progress: 1934401434 states checked.
Progress: 1950781236 states checked.
Progress: 1967208573 states checked.
Progress: 1983662739 states checked.
Progress: 2000115807 states checked.
Progress: 2016534718 states checked.
Progress: 2032964223 states checked.
Progress: 2049399113 states checked.
Progress: 2065854723 states checked.
Progress: 2082358702 states checked.
Progress: 2098816343 states checked.
Progress: 2115252740 states checked.
Progress: 2131650024 states checked.
Progress: 2148059523 states checked.
Progress: 2164514390 states checked.
Progress: 2180935016 states checked.
Progress: 2197383142 states checked.
Progress: 2213852874 states checked.
Progress: 2230285781 states checked.
Progress: 2246700749 states checked.
Progress: 2263139936 states checked.
Progress: 2279550997 states checked.
Progress: 2295937506 states checked.
Progress: 2312412979 states checked.
Progress: 2328845250 states checked.
Progress: 2345238794 states checked.
Progress: 2361685352 states checked.
Progress: 2378169424 states checked.
Progress: 2394622087 states checked.
Progress: 2411057416 states checked.
Progress: 2427455628 states checked.
Progress: 2443838076 states checked.
Progress: 2460244375 states checked.
Progress: 2476679743 states checked.
Progress: 2493171636 states checked.
Progress: 2509623840 states checked.
Progress: 2526043238 states checked.
Progress: 2542530481 states checked.
Progress: 2559017752 states checked.
Progress: 2575455305 states checked.
Progress: 2591936680 states checked.
Progress: 2608408594 states checked.
Progress: 2624834430 states checked.
Progress: 2641232977 states checked.
Progress: 2657658826 states checked.
Progress: 2674137136 states checked.
Progress: 2690565533 states checked.
Progress: 2707008170 states checked.
Progress: 2723476228 states checked.
Progress: 2739910787 states checked.
Progress: 2756383190 states checked.
Progress: 2772835514 states checked.
Progress: 2789262879 states checked.
Progress: 2805736106 states checked.
Progress: 2822232207 states checked.
Progress: 2838712124 states checked.
Progress: 2855230534 states checked.
Progress: 2871711729 states checked.
Progress: 2888201108 states checked.
Progress: 2904652659 states checked.
Progress: 2921123406 states checked.
Progress: 2937580138 states checked.
Progress: 2954063814 states checked.
Progress: 2970538398 states checked.
Progress: 2987018652 states checked.
Progress: 3003467405 states checked.
Progress: 3019891889 states checked.
Progress: 3036350308 states checked.
Progress: 3052790055 states checked.
Progress: 3069218956 states checked.
Progress: 3085585918 states checked.
Progress: 3101905436 states checked.
Progress: 3118265503 states checked.
Progress: 3134560660 states checked.
Progress: 3150994088 states checked.
Progress: 3167420450 states checked.
Progress: 3183899264 states checked.
Progress: 3200334591 states checked.
Progress: 3216762448 states checked.
Progress: 3233209992 states checked.
Progress: 3249617489 states checked.
Progress: 3266032165 states checked.
Progress: 3282441890 states checked.
Progress: 3298865185 states checked.
Progress: 3315284872 states checked.
Progress: 3331723827 states checked.
Progress: 3348149971 states checked.
Progress: 3364541825 states checked.
Progress: 3380962269 states checked.
Progress: 3397399831 states checked.
Progress: 3413857557 states checked.
Progress: 3430243052 states checked.
Progress: 3446642349 states checked.
Progress: 3463095154 states checked.
Progress: 3479555787 states checked.
Progress: 3496012441 states checked.
Progress: 3512463040 states checked.
Progress: 3528942324 states checked.
Progress: 3545394239 states checked.
Progress: 3561834367 states checked.
Progress: 3578292836 states checked.
Progress: 3594759661 states checked.
Progress: 3611252186 states checked.
Progress: 3627699806 states checked.
Progress: 3644177498 states checked.
Progress: 3660628785 states checked.
Progress: 3677073203 states checked.
Progress: 3693494177 states checked.
Progress: 3709970384 states checked.
Progress: 3726414047 states checked.
Progress: 3742798492 states checked.
Progress: 3759226456 states checked.
Progress: 3775687481 states checked.
Progress: 3792175967 states checked.
Progress: 3808669786 states checked.
Progress: 3825136745 states checked.
Progress: 3841613900 states checked.
Progress: 3858061811 states checked.
Progress: 3874518050 states checked.
Progress: 3891010528 states checked.
Progress: 3907487243 states checked.
Progress: 3923955891 states checked.
Progress: 3940418846 states checked.
Progress: 3956919056 states checked.
Progress: 3973420943 states checked.
Progress: 3989899458 states checked.
Progress: 4006357480 states checked.
Progress: 4022792432 states checked.
Progress: 4039249085 states checked.
Progress: 4055684147 states checked.
Progress: 4072133712 states checked.
Progress: 4088495342 states checked.
Progress: 4104824630 states checked.
Progress: 4121272706 states checked.
Progress: 4137699733 states checked.
Progress: 4154213981 states checked.
Progress: 4170706826 states checked.
Progress: 4187157833 states checked.
Progress: 4203601530 states checked.
Progress: 4220021669 states checked.
Progress: 4236430092 states checked.
Progress: 4252742163 states checked.
Progress: 4269111391 states checked.
Progress: 4285558965 states checked.
Progress: 4301986525 states checked.
Progress: 4318416608 states checked.
Progress: 4334814306 states checked.
Progress: 4351236667 states checked.
Progress: 4367698764 states checked.
Progress: 4384146243 states checked.
Progress: 4400613357 states checked.
Progress: 4417092413 states checked.
Progress: 4433558683 states checked.
Progress: 4449976623 states checked.
Progress: 4466436220 states checked.
Progress: 4482856364 states checked.
Progress: 4499276026 states checked.
Progress: 4515676390 states checked.
Progress: 4532114763 states checked.
Progress: 4548556450 states checked.
Progress: 4564987399 states checked.
Progress: 4581418619 states checked.
Progress: 4597861408 states checked.
Progress: 4614287413 states checked.
Progress: 4630755086 states checked.
Progress: 4647166043 states checked.
Progress: 4663565369 states checked.
Progress: 4680048939 states checked.
Progress: 4696491859 states checked.
Progress: 4712794457 states checked.
Progress: 4729275147 states checked.
Progress: 4745772195 states checked.
Progress: 4762228182 states checked.
Progress: 4778677184 states checked.
Progress: 4795119769 states checked.
Progress: 4811556580 states checked.
Progress: 4828019802 states checked.
Progress: 4844488890 states checked.
Progress: 4860935352 states checked.
Progress: 4877316396 states checked.
Progress: 4893648151 states checked.
Progress: 4910092800 states checked.
Progress: 4926560744 states checked.
Progress: 4942997564 states checked.
Progress: 4959351059 states checked.
Progress: 4975806227 states checked.
Progress: 4992242836 states checked.
Progress: 5008727803 states checked.
Progress: 5025169353 states checked.
Progress: 5041590674 states checked.
Progress: 5058040438 states checked.
Progress: 5074541305 states checked.
Progress: 5091017096 states checked.
Progress: 5107492453 states checked.
Progress: 5123961497 states checked.
Progress: 5140414690 states checked.
Progress: 5156900524 states checked.
Progress: 5173397572 states checked.
Progress: 5189814231 states checked.
Progress: 5206244825 states checked.
Progress: 5222705002 states checked.
Progress: 5239099993 states checked.
Progress: 5255556026 states checked.
Progress: 5272017319 states checked.
Progress: 5288485430 states checked.
Progress: 5305009506 states checked.
Progress: 5321529636 states checked.
Progress: 5338021616 states checked.
Progress: 5354527771 states checked.
Progress: 5371031975 states checked.
Progress: 5387521384 states checked.
Progress: 5404007732 states checked.
Progress: 5420455679 states checked.
Progress: 5436857203 states checked.
Progress: 5453303444 states checked.
Progress: 5469701557 states checked.
Progress: 5486127504 states checked.
Progress: 5502575981 states checked.
Progress: 5519014367 states checked.
Progress: 5535422638 states checked.
Progress: 5551808865 states checked.
Progress: 5568214677 states checked.
Progress: 5584668154 states checked.
Progress: 5601141918 states checked.
Progress: 5617597017 states checked.
Progress: 5634063265 states checked.
Progress: 5650501034 states checked.
Progress: 5666942311 states checked.
Progress: 5683389462 states checked.
Progress: 5699839539 states checked.
Progress: 5716285734 states checked.
Progress: 5732701852 states checked.
Progress: 5749107553 states checked.
Progress: 5765550498 states checked.
Progress: 5781985524 states checked.
Progress: 5798426118 states checked.
Progress: 5814874871 states checked.
Progress: 5831289424 states checked.
Progress: 5847684528 states checked.
Progress: 5864117590 states checked.
Progress: 5880549893 states checked.
Progress: 5896998417 states checked.
Progress: 5913480056 states checked.
Progress: 5929940926 states checked.
Progress: 5946401683 states checked.
Progress: 5962868217 states checked.
Progress: 5979324943 states checked.
Progress: 5995779511 states checked.
Progress: 6012241751 states checked.
Progress: 6028669913 states checked.
Progress: 6045129441 states checked.
Progress: 6061506163 states checked.
Progress: 6077891354 states checked.
Progress: 6094290738 states checked.
Progress: 6110715746 states checked.
Progress: 6127140114 states checked.
Progress: 6143547924 states checked.
Progress: 6159954791 states checked.
Progress: 6176404474 states checked.
Progress: 6192820692 states checked.
Progress: 6209239130 states checked.
Progress: 6225667043 states checked.
Progress: 6242108969 states checked.
Progress: 6258535779 states checked.
Progress: 6274990522 states checked.
Progress: 6291438747 states checked.
Progress: 6307892687 states checked.
Progress: 6324326933 states checked.
Progress: 6340784014 states checked.
Progress: 6357189405 states checked.
Progress: 6373550526 states checked.
Progress: 6389957211 states checked.
Progress: 6406380559 states checked.
Progress: 6422754699 states checked.
Progress: 6439127163 states checked.
Progress: 6455540992 states checked.
Progress: 6471961637 states checked.
Progress: 6488415267 states checked.
Progress: 6504822892 states checked.
Progress: 6521255061 states checked.
Progress: 6537726923 states checked.
Progress: 6554189476 states checked.
Progress: 6570596517 states checked.
Progress: 6587064958 states checked.
Progress: 6603506408 states checked.
Progress: 6619929946 states checked.
Progress: 6636350854 states checked.
Progress: 6652771952 states checked.
Progress: 6669189998 states checked.
Progress: 6685614087 states checked.
Progress: 6702038187 states checked.
Progress: 6718447961 states checked.
Progress: 6734839416 states checked.
Progress: 6751220858 states checked.
Progress: 6767597272 states checked.
Progress: 6784012659 states checked.
Progress: 6800421275 states checked.
Progress: 6816822539 states checked.
Progress: 6833221095 states checked.
Progress: 6849602699 states checked.
Progress: 6865993884 states checked.
Progress: 6882432358 states checked.
Progress: 6898882883 states checked.
Progress: 6915289234 states checked.
Progress: 6931713637 states checked.
Progress: 6948105995 states checked.
Progress: 6964574323 states checked.
Progress: 6981027948 states checked.
Progress: 6997469128 states checked.
Progress: 7013905391 states checked.
Progress: 7030323557 states checked.
Progress: 7046752575 states checked.
Progress: 7063178526 states checked.
Progress: 7079590997 states checked.
Progress: 7096043044 states checked.
Progress: 7112500968 states checked.
Progress: 7128935706 states checked.
Progress: 7145338257 states checked.
Progress: 7161799720 states checked.
Progress: 7178178130 states checked.
Progress: 7194654368 states checked.
Progress: 7211132924 states checked.
Progress: 7227577021 states checked.
Progress: 7243961934 states checked.
Progress: 7260407100 states checked.
Progress: 7276833739 states checked.
Progress: 7293271160 states checked.
Progress: 7309743671 states checked.
Progress: 7326168635 states checked.
Progress: 7342575791 states checked.
Progress: 7358995099 states checked.
Progress: 7375430267 states checked.
Progress: 7391891995 states checked.
Progress: 7408375684 states checked.
Progress: 7424714997 states checked.
Progress: 7441142648 states checked.
Progress: 7457563917 states checked.
Progress: 7473948804 states checked.
Progress: 7490376564 states checked.
Progress: 7506810435 states checked.
Progress: 7523227147 states checked.
Progress: 7539666044 states checked.
Progress: 7556133457 states checked.
Progress: 7572553859 states checked.
Progress: 7588932985 states checked.
Progress: 7605315287 states checked.
Progress: 7621749588 states checked.
Progress: 7638219344 states checked.
Progress: 7654680490 states checked.
Progress: 7671121806 states checked.
Progress: 7687581472 states checked.
Progress: 7704053287 states checked.
Progress: 7720522157 states checked.
Progress: 7736938820 states checked.
Progress: 7753391138 states checked.
Progress: 7769832691 states checked.
Progress: 7786285158 states checked.
Progress: 7802748263 states checked.
Progress: 7819185181 states checked.
Progress: 7835684962 states checked.
Progress: 7852106090 states checked.
Progress: 7868568608 states checked.
Progress: 7884922475 states checked.
Progress: 7901355269 states checked.
Progress: 7917838238 states checked.
Progress: 7934278131 states checked.
Progress: 7950694016 states checked.
Progress: 7967109314 states checked.
Progress: 7983492279 states checked.
Progress: 7999826764 states checked.
Progress: 8016225161 states checked.
Progress: 8032692823 states checked.
Progress: 8049166632 states checked.
Progress: 8065671314 states checked.
Progress: 8082175193 states checked.
Progress: 8098628299 states checked.
Progress: 8115091491 states checked.
Progress: 8131522341 states checked.
Progress: 8147998139 states checked.
Progress: 8164491434 states checked.
Progress: 8180939446 states checked.
Progress: 8197391416 states checked.
Progress: 8213834517 states checked.
Progress: 8230267318 states checked.
Progress: 8246699375 states checked.
Progress: 8263144813 states checked.
Progress: 8279578486 states checked.
Progress: 8295988666 states checked.
Progress: 8312449833 states checked.
Progress: 8328884782 states checked.
Progress: 8345316216 states checked.
Progress: 8361751945 states checked.
Progress: 8378199032 states checked.
Progress: 8394628212 states checked.
Progress: 8411054405 states checked.
Progress: 8427491657 states checked.
Progress: 8443951762 states checked.
Progress: 8460348232 states checked.
Progress: 8476775087 states checked.
Progress: 8493187332 states checked.
Progress: 8509604751 states checked.
Progress: 8526063550 states checked.
Progress: 8542435898 states checked.
Progress: 8558856547 states checked.
Progress: 8575301962 states checked.
Progress: 8591749339 states checked.
Progress: 8608200188 states checked.
Progress: 8624660593 states checked.
Progress: 8641108317 states checked.
Progress: 8657494616 states checked.
Progress: 8673892795 states checked.
Progress: 8690330007 states checked.
Progress: 8706724758 states checked.
Progress: 8723076938 states checked.
Progress: 8739514520 states checked.
Progress: 8755912302 states checked.
Progress: 8772247904 states checked.
Progress: 8788619517 states checked.
Progress: 8804970320 states checked.
Progress: 8821394729 states checked.
Progress: 8837810864 states checked.
Progress: 8854267021 states checked.
Progress: 8870751068 states checked.
Progress: 8887192379 states checked.
Progress: 8903661707 states checked.
Progress: 8920113877 states checked.
Progress: 8936603003 states checked.
Progress: 8953036445 states checked.
Progress: 8969472816 states checked.
Progress: 8985930010 states checked.
Progress: 9002274547 states checked.
Progress: 9018612687 states checked.
Progress: 9035030926 states checked.
Progress: 9051489224 states checked.
Progress: 9067923437 states checked.
Progress: 9084374033 states checked.
Progress: 9100828320 states checked.
Progress: 9117319075 states checked.
Progress: 9133791719 states checked.
Progress: 9150237812 states checked.
Progress: 9166673251 states checked.
Progress: 9183130109 states checked.
Progress: 9199600100 states checked.
Progress: 9216041076 states checked.
Progress: 9232490744 states checked.
Progress: 9248914220 states checked.
Progress: 9265399917 states checked.
Progress: 9281814637 states checked.
Progress: 9298290883 states checked.
Progress: 9314740446 states checked.
Progress: 9331189284 states checked.
Progress: 9347603771 states checked.
Progress: 9364057561 states checked.
Progress: 9380509559 states checked.
Progress: 9396954312 states checked.
Progress: 9413466892 states checked.
Progress: 9429935148 states checked.
Progress: 9446353221 states checked.
Progress: 9462801270 states checked.
Progress: 9479203674 states checked.
Progress: 9495697748 states checked.
Progress: 9512156877 states checked.
Progress: 9528581177 states checked.
Progress: 9545043572 states checked.
Progress: 9561509011 states checked.
Progress: 9577882980 states checked.
Progress: 9594357020 states checked.
Progress: 9610757953 states checked.
Progress: 9627149296 states checked.
Progress: 9643525182 states checked.
Progress: 9659942274 states checked.
Progress: 9676418227 states checked.
Progress: 9692913076 states checked.
Progress: 9709395369 states checked.
Progress: 9725868605 states checked.
Progress: 9742290969 states checked.
Progress: 9758763830 states checked.
Progress: 9775144360 states checked.
Progress: 9791584137 states checked.
Progress: 9808029078 states checked.
Progress: 9824511864 states checked.
Progress: 9840896424 states checked.
Progress: 9857340085 states checked.
Progress: 9873745568 states checked.
Progress: 9890127691 states checked.
Progress: 9906416402 states checked.
Progress: 9922797809 states checked.
Progress: 9939201165 states checked.
Progress: 9955616863 states checked.
Progress: 9972079515 states checked.
Progress: 9988546337 states checked.
Progress: 10005039641 states checked.
Progress: 10021507953 states checked.
Progress: 10038002306 states checked.
Progress: 10054501801 states checked.
Progress: 10070984747 states checked.
Progress: 10087449534 states checked.
Progress: 10103870345 states checked.
Progress: 10120295334 states checked.
Progress: 10136760766 states checked.
Progress: 10153192286 states checked.
Progress: 10169671830 states checked.
Progress: 10186084777 states checked.
Progress: 10202577081 states checked.
Progress: 10219071925 states checked.
Progress: 10235575962 states checked.
Progress: 10252046555 states checked.
Progress: 10268519661 states checked.
Progress: 10284944834 states checked.
Progress: 10301402764 states checked.
Progress: 10317829357 states checked.
Progress: 10334278184 states checked.
Progress: 10350732141 states checked.
Progress: 10367206664 states checked.
Progress: 10383705367 states checked.
Progress: 10400173461 states checked.
Progress: 10416652360 states checked.
Progress: 10433128504 states checked.
Progress: 10449631111 states checked.
Progress: 10466123116 states checked.
Progress: 10482564188 states checked.
Progress: 10499010691 states checked.
Progress: 10515442465 states checked.
Progress: 10531907183 states checked.
Progress: 10548381770 states checked.
Progress: 10564866177 states checked.
Progress: 10581340637 states checked.
Progress: 10597801686 states checked.
Progress: 10614300448 states checked.
Progress: 10630825125 states checked.
Progress: 10647296395 states checked.
Progress: 10663787369 states checked.
Progress: 10680253371 states checked.
Progress: 10696720440 states checked.
Progress: 10713189023 states checked.
Progress: 10729639250 states checked.
Progress: 10746103431 states checked.
Progress: 10762555576 states checked.
Progress: 10779044463 states checked.
Progress: 10795496675 states checked.
Progress: 10811935370 states checked.
Progress: 10828399369 states checked.
Progress: 10844901386 states checked.
Progress: 10861384939 states checked.
Progress: 10877907822 states checked.
Progress: 10894369138 states checked.
Progress: 10910864999 states checked.
Progress: 10927331844 states checked.
Progress: 10943816806 states checked.
Progress: 10960300317 states checked.
Progress: 10976783802 states checked.
Progress: 10993271662 states checked.
Progress: 11009773203 states checked.
Progress: 11026230110 states checked.
Progress: 11042720959 states checked.
Progress: 11059197775 states checked.
Progress: 11075673740 states checked.
Progress: 11092177823 states checked.
Progress: 11108683206 states checked.
Progress: 11125184064 states checked.
Progress: 11141675238 states checked.
Progress: 11158171480 states checked.
Progress: 11174642823 states checked.
Progress: 11191114690 states checked.
Progress: 11207601356 states checked.
Progress: 11224098894 states checked.
Progress: 11240560044 states checked.
Progress: 11257061110 states checked.
Progress: 11273518824 states checked.
Progress: 11290009868 states checked.
Progress: 11306458060 states checked.
Progress: 11322938480 states checked.
Progress: 11339384600 states checked.
Progress: 11355821732 states checked.
Progress: 11372200031 states checked.
Progress: 11388611425 states checked.
Progress: 11404995690 states checked.
Progress: 11421382121 states checked.
Progress: 11437745654 states checked.
Progress: 11454124705 states checked.
Progress: 11470465597 states checked.
Progress: 11486822610 states checked.
Progress: 11503202502 states checked.
Progress: 11519575997 states checked.
Progress: 11535966911 states checked.
Progress: 11552364385 states checked.
Progress: 11568742102 states checked.
Progress: 11585119953 states checked.
Progress: 11601527507 states checked.
Progress: 11617936454 states checked.
Progress: 11634316190 states checked.
Progress: 11650693363 states checked.
Progress: 11667047587 states checked.
Progress: 11683390326 states checked.
Progress: 11699756747 states checked.
Progress: 11716167429 states checked.
Progress: 11732570417 states checked.
Progress: 11748943992 states checked.
Progress: 11765360150 states checked.
Progress: 11781743751 states checked.
Progress: 11798150843 states checked.
Progress: 11814594562 states checked.
Progress: 11830989805 states checked.
Progress: 11847417750 states checked.
Progress: 11863819598 states checked.
Progress: 11880228511 states checked.
Progress: 11896668773 states checked.
Progress: 11913094164 states checked.
Progress: 11929514617 states checked.
Progress: 11945948481 states checked.
Progress: 11962379038 states checked.
Progress: 11978814776 states checked.
Progress: 11995241247 states checked.
Progress: 12011666043 states checked.
Progress: 12028127653 states checked.
Progress: 12044550755 states checked.
Progress: 12060994876 states checked.
Progress: 12077415301 states checked.
Progress: 12093840771 states checked.
Progress: 12110269427 states checked.
Progress: 12126701670 states checked.
Progress: 12143141334 states checked.
Progress: 12159578862 states checked.
Progress: 12175988119 states checked.
Progress: 12192406905 states checked.
Progress: 12208835883 states checked.
Progress: 12225245459 states checked.
Progress: 12241712898 states checked.
Progress: 12258117283 states checked.
Progress: 12274528037 states checked.
Progress: 12290933641 states checked.
Progress: 12307365679 states checked.
Progress: 12323755427 states checked.
Progress: 12340170867 states checked.
Progress: 12356586634 states checked.
Progress: 12372928363 states checked.
Progress: 12389301865 states checked.
Progress: 12405713335 states checked.
Progress: 12422105858 states checked.
Progress: 12438506623 states checked.
Progress: 12454908935 states checked.
Progress: 12471299127 states checked.
Progress: 12487708448 states checked.
Progress: 12504080467 states checked.
Progress: 12520491893 states checked.
Progress: 12536913154 states checked.
Progress: 12553323114 states checked.
Progress: 12569743173 states checked.
Progress: 12586143552 states checked.
Progress: 12602535129 states checked.
Progress: 12618933247 states checked.
Progress: 12635326816 states checked.
Progress: 12651710194 states checked.
Progress: 12668104125 states checked.
Progress: 12684525639 states checked.
Progress: 12700946929 states checked.
Progress: 12717341753 states checked.
Progress: 12733717063 states checked.
Progress: 12750102434 states checked.
Progress: 12766490929 states checked.
Progress: 12782904992 states checked.
Progress: 12799296466 states checked.
Progress: 12815703042 states checked.
Progress: 12832086250 states checked.
Progress: 12848481128 states checked.
Progress: 12864879933 states checked.
Progress: 12881267354 states checked.
Progress: 12897632432 states checked.
Progress: 12914034799 states checked.
Progress: 12930434817 states checked.
Progress: 12946822854 states checked.
Progress: 12963247875 states checked.
Progress: 12979643454 states checked.
Progress: 12996053757 states checked.
Progress: 13012475229 states checked.
Progress: 13028862518 states checked.
Progress: 13045224099 states checked.
Progress: 13061599718 states checked.
Progress: 13078014260 states checked.
Progress: 13094399833 states checked.
Progress: 13110782307 states checked.
Progress: 13127172614 states checked.
Progress: 13143571028 states checked.
Progress: 13159942719 states checked.
Progress: 13176302108 states checked.
Progress: 13192676337 states checked.
Progress: 13209090793 states checked.
Progress: 13225519626 states checked.
Progress: 13241919746 states checked.
Progress: 13258317778 states checked.
Progress: 13274753004 states checked.
Progress: 13291193382 states checked.
Progress: 13307600054 states checked.
Progress: 13323990715 states checked.
Progress: 13340393805 states checked.
Progress: 13356812845 states checked.
Progress: 13373220779 states checked.
Progress: 13389629597 states checked.
Progress: 13406013664 states checked.
Progress: 13422428987 states checked.
Progress: 13438840986 states checked.
Progress: 13455216000 states checked.
Progress: 13471609258 states checked.
Progress: 13487979694 states checked.
Progress: 13504352961 states checked.
Progress: 13520755338 states checked.
Progress: 13537156046 states checked.
Progress: 13553569952 states checked.
Progress: 13569972063 states checked.
Progress: 13586348232 states checked.
Progress: 13602732947 states checked.
Progress: 13619117754 states checked.
Progress: 13635533591 states checked.
Progress: 13651936878 states checked.
Progress: 13668349354 states checked.
Progress: 13684765436 states checked.
Progress: 13701179767 states checked.
Progress: 13717575069 states checked.
Progress: 13733987148 states checked.
Progress: 13750414915 states checked.
Progress: 13766803269 states checked.
Progress: 13783207708 states checked.
Progress: 13799592245 states checked.
Progress: 13815964105 states checked.
Progress: 13832346152 states checked.
Progress: 13848752686 states checked.
Progress: 13865190099 states checked.
Progress: 13881577231 states checked.
Progress: 13897987348 states checked.
Progress: 13914362780 states checked.
Progress: 13930709611 states checked.
Progress: 13947032642 states checked.
Progress: 13963420972 states checked.
Progress: 13979783274 states checked.
Progress: 13996171101 states checked.
Progress: 14012559305 states checked.
Progress: 14028971772 states checked.
Progress: 14045367996 states checked.
Progress: 14061755247 states checked.
Progress: 14078132882 states checked.
Progress: 14094515663 states checked.
Progress: 14110896724 states checked.
Progress: 14127314066 states checked.
Progress: 14143675294 states checked.
Progress: 14160103914 states checked.
Progress: 14176521841 states checked.
Progress: 14192893078 states checked.
Progress: 14209230363 states checked.
Progress: 14225641406 states checked.
Progress: 14242049120 states checked.
Progress: 14258448509 states checked.
Progress: 14274863015 states checked.
Progress: 14291265094 states checked.
Progress: 14307659069 states checked.
Progress: 14324010201 states checked.
Progress: 14340414918 states checked.
Progress: 14356777576 states checked.
Progress: 14373147720 states checked.
Progress: 14389522195 states checked.
Progress: 14405930386 states checked.
Progress: 14422299192 states checked.
Progress: 14438663289 states checked.
Progress: 14455031001 states checked.
Progress: 14471421791 states checked.
Progress: 14487787915 states checked.
Progress: 14504167120 states checked.
Progress: 14520524908 states checked.
Progress: 14536901371 states checked.
Progress: 14553278379 states checked.
Progress: 14569673661 states checked.
Progress: 14586087286 states checked.
Progress: 14602467098 states checked.
Progress: 14618880884 states checked.
Progress: 14635274854 states checked.
Progress: 14651658534 states checked.
Progress: 14668066017 states checked.
Progress: 14684451579 states checked.
Progress: 14700841966 states checked.
Progress: 14717218159 states checked.
Progress: 14733600554 states checked.
Progress: 14750019908 states checked.
Progress: 14766412271 states checked.
Progress: 14782777853 states checked.
Progress: 14799158649 states checked.
Progress: 14815570806 states checked.
Progress: 14831911436 states checked.
Progress: 14848323175 states checked.
Progress: 14864715096 states checked.
Progress: 14881121992 states checked.
Progress: 14897473172 states checked.
Progress: 14913833871 states checked.
Progress: 14930263657 states checked.
Progress: 14946667563 states checked.
Progress: 14963026186 states checked.
Progress: 14979384239 states checked.
Progress: 14995723204 states checked.
Progress: 15012071386 states checked.
Progress: 15028429636 states checked.
Progress: 15044803384 states checked.
Progress: 15061204544 states checked.
Progress: 15077587237 states checked.
Progress: 15093956290 states checked.
Progress: 15110334780 states checked.
Progress: 15126711536 states checked.
Progress: 15143067289 states checked.
Progress: 15159472716 states checked.
Progress: 15175858978 states checked.
Progress: 15192243766 states checked.
Progress: 15208652921 states checked.
Progress: 15225065525 states checked.
Progress: 15241472398 states checked.
Progress: 15257837270 states checked.
Progress: 15274222752 states checked.
Progress: 15290616659 states checked.
Progress: 15306981374 states checked.
Progress: 15323334471 states checked.
Progress: 15339740011 states checked.
Progress: 15356144535 states checked.
Progress: 15372539204 states checked.
Progress: 15388960413 states checked.
Progress: 15405343270 states checked.
Progress: 15421749535 states checked.
Progress: 15438128043 states checked.
Progress: 15454494755 states checked.
Progress: 15470808029 states checked.
Progress: 15487166254 states checked.
Progress: 15503551534 states checked.
Progress: 15519866310 states checked.
Progress: 15536215185 states checked.
Progress: 15552618338 states checked.
Progress: 15569004154 states checked.
Progress: 15585393224 states checked.
Progress: 15601753402 states checked.
Progress: 15618104166 states checked.
Progress: 15634487332 states checked.
Progress: 15650855637 states checked.
Progress: 15667263814 states checked.
Progress: 15683642521 states checked.
Progress: 15700032568 states checked.
Progress: 15716439844 states checked.
Progress: 15732855498 states checked.
Progress: 15749296744 states checked.
Progress: 15765762174 states checked.
Progress: 15782245061 states checked.
Progress: 15798713577 states checked.
Progress: 15815155334 states checked.
Progress: 15831555034 states checked.
Progress: 15847957636 states checked.
Progress: 15864322922 states checked.
Progress: 15880712258 states checked.
Progress: 15897126372 states checked.
Progress: 15913591670 states checked.
Progress: 15930026615 states checked.
Progress: 15946381948 states checked.
Progress: 15962758758 states checked.
Progress: 15979102614 states checked.
Progress: 15995437924 states checked.
Progress: 16011796275 states checked.
Progress: 16028218902 states checked.
Progress: 16044573977 states checked.
Progress: 16060927114 states checked.
Progress: 16077280224 states checked.
Progress: 16093626565 states checked.
Progress: 16110032134 states checked.
Progress: 16126429513 states checked.
Progress: 16142796916 states checked.
Progress: 16159172148 states checked.
Progress: 16175562892 states checked.
Progress: 16191910916 states checked.
Progress: 16208289884 states checked.
Progress: 16224671330 states checked.
Progress: 16241063031 states checked.
Progress: 16257469418 states checked.
Progress: 16273888829 states checked.
Progress: 16290223278 states checked.
Progress: 16306624686 states checked.
Progress: 16323017319 states checked.
Progress: 16339442012 states checked.
Progress: 16355856362 states checked.
Progress: 16372297671 states checked.
Progress: 16388620213 states checked.
Progress: 16404988779 states checked.
Progress: 16421427669 states checked.
Progress: 16437797930 states checked.
Progress: 16454133893 states checked.
Progress: 16470497460 states checked.
Progress: 16486872986 states checked.
Progress: 16503278979 states checked.
Progress: 16519704135 states checked.
Progress: 16536116953 states checked.
Progress: 16552507741 states checked.
Progress: 16568934639 states checked.
Progress: 16585309651 states checked.
Progress: 16601724421 states checked.
Progress: 16618137282 states checked.
Progress: 16634520374 states checked.
Progress: 16650928966 states checked.
Progress: 16667365607 states checked.
Progress: 16683785111 states checked.
Progress: 16700207744 states checked.
Progress: 16716639169 states checked.
Progress: 16733038941 states checked.
Progress: 16749423462 states checked.
Progress: 16765836121 states checked.
Progress: 16782187509 states checked.
Progress: 16798519284 states checked.
Progress: 16814881679 states checked.
Progress: 16831243812 states checked.
Progress: 16847628735 states checked.
Progress: 16863971931 states checked.
Progress: 16880354173 states checked.
Progress: 16896796325 states checked.
Progress: 16913197105 states checked.
Progress: 16929598588 states checked.
Progress: 16946001422 states checked.
Progress: 16962402322 states checked.
Progress: 16978800322 states checked.
Progress: 16995242248 states checked.
Progress: 17011647675 states checked.
Progress: 17028026562 states checked.
Progress: 17044395913 states checked.
Progress: 17060809235 states checked.
Progress: 17077222995 states checked.
Progress: 17093595302 states checked.
Progress: 17109972347 states checked.
Progress: 17126341095 states checked.
Progress: 17142698092 states checked.
Progress: 17159097218 states checked.
Progress: 17175503489 states checked.
Progress: 17191911830 states checked.
Progress: 17208300243 states checked.
Progress: 17224690653 states checked.
Progress: 17241067229 states checked.
Progress: 17257474097 states checked.
Progress: 17273857676 states checked.
Progress: 17290280379 states checked.
Progress: 17306697115 states checked.
Progress: 17323081730 states checked.
Progress: 17339487808 states checked.
Progress: 17355941034 states checked.
Progress: 17372358928 states checked.
Progress: 17388724098 states checked.
Progress: 17405127250 states checked.
Progress: 17421559983 states checked.
Progress: 17437971437 states checked.
Progress: 17454335797 states checked.
Progress: 17470717262 states checked.
Progress: 17487106329 states checked.
Progress: 17503556026 states checked.
Progress: 17519970146 states checked.
Progress: 17536383090 states checked.
Progress: 17552808771 states checked.
Progress: 17569247015 states checked.
Progress: 17585646402 states checked.
Progress: 17602039838 states checked.
Progress: 17618478002 states checked.
Progress: 17634861936 states checked.
Progress: 17651227819 states checked.
Progress: 17667622034 states checked.
Progress: 17684032093 states checked.
Progress: 17700472768 states checked.
Progress: 17716889832 states checked.
Progress: 17733338588 states checked.
Progress: 17749776029 states checked.
Progress: 17766187663 states checked.
Progress: 17782605715 states checked.
Progress: 17798987211 states checked.
Progress: 17815408012 states checked.
Progress: 17831812814 states checked.
Progress: 17848224257 states checked.
Progress: 17864626453 states checked.
Progress: 17881018400 states checked.
Progress: 17897448302 states checked.
Progress: 17913812095 states checked.
Progress: 17930191194 states checked.
Progress: 17946557952 states checked.
Progress: 17962936730 states checked.
Progress: 17979285172 states checked.
Progress: 17995659866 states checked.
Progress: 18012080341 states checked.
Progress: 18028462790 states checked.
Progress: 18044841917 states checked.
Progress: 18061201818 states checked.
Progress: 18077572577 states checked.
Progress: 18093904989 states checked.
Progress: 18110313452 states checked.
Progress: 18126741409 states checked.
Progress: 18143154321 states checked.
Progress: 18159575083 states checked.
Progress: 18175981574 states checked.
Progress: 18192395022 states checked.
Progress: 18208771659 states checked.
Progress: 18225185578 states checked.
Progress: 18241580637 states checked.
Progress: 18257995099 states checked.
Progress: 18274397188 states checked.
Progress: 18290843400 states checked.
Progress: 18307281922 states checked.
Progress: 18323682345 states checked.
Progress: 18340087681 states checked.
Progress: 18356498516 states checked.
Progress: 18372861916 states checked.
Progress: 18389186157 states checked.
Progress: 18405563854 states checked.
Progress: 18422015099 states checked.
Progress: 18438390194 states checked.
Progress: 18454793261 states checked.
Progress: 18471235845 states checked.
Progress: 18487672041 states checked.
Progress: 18504077172 states checked.
Progress: 18520473659 states checked.
Progress: 18536832318 states checked.
Progress: 18553236716 states checked.
Progress: 18569670554 states checked.
Progress: 18586117492 states checked.
Progress: 18602568790 states checked.
Progress: 18619000903 states checked.
Progress: 18635395904 states checked.
Progress: 18651806575 states checked.
Progress: 18668152082 states checked.
Progress: 18684563018 states checked.
Progress: 18700987546 states checked.
Progress: 18717385624 states checked.
Progress: 18733785197 states checked.
Progress: 18750180483 states checked.
Progress: 18766571023 states checked.
Progress: 18782995486 states checked.
Progress: 18799346408 states checked.
Progress: 18815741769 states checked.
Progress: 18832118776 states checked.
Progress: 18848499377 states checked.
Progress: 18864937110 states checked.
Progress: 18881376324 states checked.
Progress: 18897765435 states checked.
Progress: 18914155753 states checked.
Progress: 18930645895 states checked.
Progress: 18947080426 states checked.
Progress: 18963518524 states checked.
Progress: 18979936017 states checked.
Progress: 18996378925 states checked.
Progress: 19012811100 states checked.
Progress: 19029222636 states checked.
Progress: 19045629150 states checked.
Progress: 19062019945 states checked.
Progress: 19078487759 states checked.
Progress: 19094931225 states checked.
Progress: 19111375447 states checked.
Progress: 19127722213 states checked.
Progress: 19143982586 states checked.
Progress: 19160365068 states checked.
Progress: 19176780290 states checked.
Progress: 19193162046 states checked.
Progress: 19209609121 states checked.
Progress: 19226009518 states checked.
Progress: 19242370491 states checked.
Progress: 19258737263 states checked.
Progress: 19275137570 states checked.
Progress: 19291536151 states checked.
Progress: 19307884546 states checked.
Progress: 19324171185 states checked.
Progress: 19340553098 states checked.
Progress: 19356938029 states checked.
Progress: 19373276439 states checked.
Progress: 19389648821 states checked.
Progress: 19406041725 states checked.
Progress: 19422437195 states checked.
Progress: 19438895189 states checked.
Progress: 19455344838 states checked.
Progress: 19471773118 states checked.
Progress: 19488166780 states checked.
Progress: 19504552647 states checked.
Progress: 19520945968 states checked.
Progress: 19537397096 states checked.
Progress: 19553847264 states checked.
Progress: 19570258298 states checked.
Progress: 19586632584 states checked.
Progress: 19603047937 states checked.
Progress: 19619465034 states checked.
Progress: 19635902200 states checked.
Progress: 19652347842 states checked.
Progress: 19668793179 states checked.
Progress: 19685149901 states checked.
Progress: 19701524170 states checked.
Progress: 19717915621 states checked.
Progress: 19734305181 states checked.
Progress: 19750701916 states checked.
Progress: 19767094832 states checked.
Progress: 19783510658 states checked.
Progress: 19799917825 states checked.
Progress: 19816316841 states checked.
Progress: 19832761335 states checked.
Progress: 19849170314 states checked.
Progress: 19865525553 states checked.
Progress: 19881891763 states checked.
Progress: 19898235875 states checked.
Progress: 19914603813 states checked.
Progress: 19930997420 states checked.
Progress: 19947413274 states checked.
Progress: 19963847663 states checked.
Progress: 19980223194 states checked.
Progress: 19996596385 states checked.
Progress: 20012967053 states checked.
Progress: 20029319112 states checked.
Progress: 20045706642 states checked.
Progress: 20062173801 states checked.
Progress: 20078557389 states checked.
Progress: 20094954007 states checked.
Progress: 20111343392 states checked.
Progress: 20127716008 states checked.
Progress: 20144105297 states checked.
Progress: 20160501190 states checked.
Progress: 20176928197 states checked.
Progress: 20193328276 states checked.
Progress: 20209685306 states checked.
Progress: 20226111190 states checked.
Progress: 20242479164 states checked.
Progress: 20258853375 states checked.
Progress: 20275244018 states checked.
Progress: 20291592366 states checked.
Progress: 20307955787 states checked.
Progress: 20324300838 states checked.
Progress: 20340633599 states checked.
Progress: 20357017305 states checked.
Progress: 20373427174 states checked.
Progress: 20389830879 states checked.
Progress: 20406216632 states checked.
Progress: 20422598373 states checked.
Progress: 20438971979 states checked.
Progress: 20455350611 states checked.
Progress: 20471730826 states checked.
Progress: 20488107266 states checked.
Progress: 20504465028 states checked.
Progress: 20520829782 states checked.
Progress: 20537194332 states checked.
Progress: 20553587754 states checked.
Progress: 20570020750 states checked.
Progress: 20586419509 states checked.
Progress: 20602826933 states checked.
Progress: 20619224903 states checked.
Progress: 20635641067 states checked.
Progress: 20652063662 states checked.
Progress: 20668471504 states checked.
Progress: 20684873969 states checked.
Progress: 20701304158 states checked.
Progress: 20717680479 states checked.
Progress: 20734092969 states checked.
Progress: 20750488849 states checked.
Progress: 20766912091 states checked.
Progress: 20783305131 states checked.
Progress: 20799735294 states checked.
Progress: 20816151933 states checked.
Progress: 20832505713 states checked.
Progress: 20848879479 states checked.
Progress: 20865266059 states checked.
Progress: 20881689362 states checked.
Progress: 20898137739 states checked.
Progress: 20914594897 states checked.
Progress: 20931033154 states checked.
Progress: 20947435887 states checked.
Progress: 20963841433 states checked.
Progress: 20980268089 states checked.
Progress: 20996657122 states checked.
Progress: 21013081563 states checked.
Progress: 21029484192 states checked.
Progress: 21045901460 states checked.
Progress: 21062328421 states checked.
Progress: 21078745986 states checked.
Progress: 21095154423 states checked.
Progress: 21111628969 states checked.
Progress: 21128067399 states checked.
Progress: 21144504849 states checked.
Progress: 21160940677 states checked.
Progress: 21177328327 states checked.
Progress: 21193725037 states checked.
Progress: 21210086785 states checked.
Progress: 21226480991 states checked.
Progress: 21242919670 states checked.
Progress: 21259347203 states checked.
Progress: 21275759727 states checked.
Progress: 21292169667 states checked.
Progress: 21308619234 states checked.
Progress: 21325056409 states checked.
Progress: 21341535601 states checked.
Progress: 21357937389 states checked.
Progress: 21374338994 states checked.
Progress: 21390731657 states checked.
Progress: 21407123089 states checked.
Progress: 21423511723 states checked.
Progress: 21439895305 states checked.
Progress: 21456344251 states checked.
Progress: 21472767894 states checked.
Progress: 21489139235 states checked.
Progress: 21505540087 states checked.
Progress: 21521973483 states checked.
Progress: 21538368633 states checked.
Progress: 21554794050 states checked.
Progress: 21571234730 states checked.
Progress: 21587640347 states checked.
Progress: 21604035250 states checked.
Progress: 21620423643 states checked.
Progress: 21636844611 states checked.
Progress: 21653238321 states checked.
Progress: 21669631110 states checked.
Progress: 21686058060 states checked.
Progress: 21702458325 states checked.
Progress: 21718888113 states checked.
Progress: 21735283994 states checked.
Progress: 21751713908 states checked.
Progress: 21768157261 states checked.
Progress: 21784596430 states checked.
Progress: 21801038773 states checked.
Progress: 21817495430 states checked.
Progress: 21833929797 states checked.
Progress: 21850309333 states checked.
Progress: 21866699749 states checked.
Progress: 21883088409 states checked.
Progress: 21899500428 states checked.
Progress: 21915883862 states checked.
Progress: 21932289400 states checked.
Progress: 21948683744 states checked.
Progress: 21965103003 states checked.
Progress: 21981501829 states checked.
Progress: 21997941494 states checked.
Progress: 22014378117 states checked.
Progress: 22030810247 states checked.
Progress: 22047203950 states checked.
Progress: 22063633349 states checked.
Progress: 22080031740 states checked.
Progress: 22096430216 states checked.
Progress: 22112836392 states checked.
Progress: 22129235281 states checked.
Progress: 22145649889 states checked.
Progress: 22162114451 states checked.
Progress: 22178571639 states checked.
Progress: 22195025912 states checked.
Progress: 22211415126 states checked.
Progress: 22227834601 states checked.
Progress: 22244275988 states checked.
Progress: 22260699769 states checked.
Progress: 22277089367 states checked.
Progress: 22293523545 states checked.
Progress: 22309915962 states checked.
Progress: 22326342976 states checked.
Progress: 22342760057 states checked.
Progress: 22359198446 states checked.
Progress: 22375593023 states checked.
Progress: 22391990992 states checked.
Progress: 22408356771 states checked.
Progress: 22424703132 states checked.
Progress: 22441111756 states checked.
Progress: 22457531926 states checked.
Progress: 22473970215 states checked.
Progress: 22490412538 states checked.
Progress: 22506816335 states checked.
Progress: 22523234261 states checked.
Progress: 22539646248 states checked.
Progress: 22556045373 states checked.
Progress: 22572446707 states checked.
Progress: 22588861552 states checked.
Progress: 22605287285 states checked.
Progress: 22621681209 states checked.
Progress: 22638037823 states checked.
Progress: 22654365077 states checked.
Progress: 22670729202 states checked.
Progress: 22687115707 states checked.
Progress: 22703548768 states checked.
Progress: 22719962402 states checked.
Progress: 22736358031 states checked.
Progress: 22752742830 states checked.
Progress: 22769164016 states checked.
Progress: 22785562833 states checked.
Progress: 22801992476 states checked.
Progress: 22818407613 states checked.
Progress: 22834806153 states checked.
Progress: 22851175617 states checked.
Progress: 22867582964 states checked.
Progress: 22884027815 states checked.
Progress: 22900418410 states checked.
Progress: 22916839071 states checked.
Progress: 22933230506 states checked.
Progress: 22949640117 states checked.
Progress: 22966063671 states checked.
Progress: 22982406105 states checked.
Progress: 22998827720 states checked.
Progress: 23015249711 states checked.
Progress: 23031632840 states checked.
Progress: 23048038706 states checked.
Progress: 23064437471 states checked.
Progress: 23080789511 states checked.
Progress: 23097166736 states checked.
Progress: 23113543405 states checked.
Progress: 23129912716 states checked.
Progress: 23146284150 states checked.
Progress: 23162654273 states checked.
Progress: 23179037108 states checked.
Progress: 23195421960 states checked.
Progress: 23211802317 states checked.
Progress: 23228190115 states checked.
Progress: 23244526260 states checked.
Progress: 23260917675 states checked.
Progress: 23277282798 states checked.
Progress: 23293669479 states checked.
Progress: 23310089273 states checked.
Progress: 23326502568 states checked.
Progress: 23342931636 states checked.
Progress: 23359333636 states checked.
Progress: 23375733516 states checked.
Progress: 23392180228 states checked.
Progress: 23408561324 states checked.
Progress: 23424989402 states checked.
Progress: 23441421309 states checked.
Progress: 23457838619 states checked.
Progress: 23474248531 states checked.
Progress: 23490622338 states checked.
Progress: 23507005975 states checked.
Progress: 23523407767 states checked.
Progress: 23539785367 states checked.
Progress: 23556194579 states checked.
Progress: 23572576018 states checked.
Progress: 23588952813 states checked.
Progress: 23605372136 states checked.
Progress: 23621776048 states checked.
Progress: 23638199396 states checked.
Progress: 23654616672 states checked.
Progress: 23671007987 states checked.
Progress: 23687411875 states checked.
Progress: 23703789055 states checked.
Progress: 23720132337 states checked.
Progress: 23736538722 states checked.
Progress: 23752975265 states checked.
Progress: 23769382008 states checked.
Progress: 23785773160 states checked.
Progress: 23802194562 states checked.
Progress: 23818614744 states checked.
Progress: 23834995979 states checked.
Progress: 23851375031 states checked.
Progress: 23867765075 states checked.
Progress: 23884145051 states checked.
Progress: 23900541190 states checked.
Progress: 23916959506 states checked.
Progress: 23933360056 states checked.
Progress: 23949770917 states checked.
Progress: 23966107858 states checked.
Progress: 23981936208 states checked.
Progress: 23997724572 states checked.
Progress: 24013310152 states checked.
Progress: 24028730580 states checked.
Progress: 24044126409 states checked.
Progress: 24059595191 states checked.
Progress: 24075269523 states checked.
Progress: 24090893294 states checked.
Progress: 24106788132 states checked.
Progress: 24122672130 states checked.
Progress: 24138455014 states checked.
Progress: 24154348537 states checked.
Progress: 24170225333 states checked.
Progress: 24186061664 states checked.
Progress: 24201773748 states checked.
Progress: 24217426455 states checked.
Progress: 24233216622 states checked.
Progress: 24248823423 states checked.
Progress: 24264545192 states checked.
Progress: 24280320988 states checked.
Progress: 24296096994 states checked.
Progress: 24311932446 states checked.
Progress: 24327793728 states checked.
Progress: 24343786793 states checked.
Progress: 24359701011 states checked.
Progress: 24375474566 states checked.
Progress: 24391306773 states checked.
Progress: 24407056086 states checked.
Progress: 24423013597 states checked.
Progress: 24438833611 states checked.
Progress: 24454637447 states checked.
Progress: 24470436990 states checked.
Progress: 24486271260 states checked.
Progress: 24501912913 states checked.
Progress: 24517768248 states checked.
Progress: 24533681527 states checked.
Progress: 24549507046 states checked.
Progress: 24565382082 states checked.
Progress: 24581154871 states checked.
Progress: 24597166651 states checked.
Progress: 24613320403 states checked.
Progress: 24629389488 states checked.
Progress: 24645323188 states checked.
Progress: 24661311933 states checked.
Progress: 24677262312 states checked.
Progress: 24693156697 states checked.
Progress: 24708984427 states checked.
Progress: 24724899341 states checked.
Progress: 24740798451 states checked.
Progress: 24756762218 states checked.
Progress: 24772650466 states checked.
Progress: 24788548515 states checked.
Progress: 24804480515 states checked.
Progress: 24820429466 states checked.
Progress: 24836437702 states checked.
Progress: 24852412140 states checked.
Progress: 24868490668 states checked.
Progress: 24884465352 states checked.
Progress: 24900495712 states checked.
Progress: 24916491574 states checked.
Progress: 24932495584 states checked.
Progress: 24948417492 states checked.
Progress: 24964365004 states checked.
Progress: 24980285062 states checked.
Progress: 24996023019 states checked.
Progress: 25011928960 states checked.
Progress: 25027790281 states checked.
Progress: 25043715545 states checked.
Progress: 25059725065 states checked.
Progress: 25075632083 states checked.
Progress: 25091558175 states checked.
Progress: 25107460059 states checked.
Progress: 25123552278 states checked.
Progress: 25139571178 states checked.
Progress: 25155502953 states checked.
Progress: 25171509954 states checked.
Progress: 25187655333 states checked.
Progress: 25203675706 states checked.
Progress: 25219714479 states checked.
Progress: 25235640023 states checked.
Progress: 25251492028 states checked.
Progress: 25267344797 states checked.
Progress: 25283221239 states checked.
Progress: 25299130496 states checked.
Progress: 25314929249 states checked.
Progress: 25330842498 states checked.
Progress: 25346689373 states checked.
Progress: 25362598823 states checked.
Progress: 25378512117 states checked.
Progress: 25394474218 states checked.
Progress: 25410354200 states checked.
Progress: 25426259568 states checked.
Progress: 25442196602 states checked.
Progress: 25457919297 states checked.
Progress: 25473860207 states checked.
Progress: 25489557994 states checked.
Progress: 25505514845 states checked.
Progress: 25521358809 states checked.
Progress: 25537180813 states checked.
Progress: 25553046013 states checked.
Progress: 25568914978 states checked.
Progress: 25584835291 states checked.
Progress: 25600746938 states checked.
Progress: 25616678386 states checked.
Progress: 25632633517 states checked.
Progress: 25648651799 states checked.
Progress: 25664635306 states checked.
Progress: 25680592557 states checked.
Progress: 25696456240 states checked.
Progress: 25712409805 states checked.
Progress: 25728182160 states checked.
Progress: 25743967676 states checked.
Progress: 25759996793 states checked.
Progress: 25775929385 states checked.
Progress: 25791867791 states checked.
Progress: 25807770435 states checked.
Progress: 25823631026 states checked.
Progress: 25839451356 states checked.
Progress: 25855430648 states checked.
Progress: 25871363315 states checked.
Progress: 25887377317 states checked.
Progress: 25903232147 states checked.
Progress: 25919206329 states checked.
Progress: 25935109615 states checked.
Progress: 25950907015 states checked.
Progress: 25966700264 states checked.
Progress: 25982488533 states checked.
Progress: 25998385244 states checked.
Progress: 26014108950 states checked.
Progress: 26029983901 states checked.
Progress: 26045810840 states checked.
Progress: 26061772856 states checked.
Progress: 26077630142 states checked.
Progress: 26093497245 states checked.
Progress: 26109334447 states checked.
Progress: 26125297476 states checked.
Progress: 26141238468 states checked.
Progress: 26156944065 states checked.
Progress: 26173013118 states checked.
Progress: 26188877333 states checked.
Progress: 26204693155 states checked.
Progress: 26220626251 states checked.
Progress: 26236286889 states checked.
Progress: 26252224753 states checked.
Progress: 26268108317 states checked.
Progress: 26283941529 states checked.
Progress: 26299897510 states checked.
Progress: 26315881182 states checked.
Progress: 26331864265 states checked.
Progress: 26348120055 states checked.
Progress: 26364462456 states checked.
Progress: 26380817556 states checked.
Progress: 26397203141 states checked.
Progress: 26413604618 states checked.
Progress: 26429937891 states checked.
Progress: 26446267252 states checked.
Progress: 26462633642 states checked.
Progress: 26478980718 states checked.
Progress: 26495321592 states checked.
Progress: 26511658286 states checked.
Progress: 26527995603 states checked.
Progress: 26544195273 states checked.
Progress: 26560243833 states checked.
Progress: 26576476730 states checked.
Progress: 26592685107 states checked.
Progress: 26609034070 states checked.
Progress: 26625395896 states checked.
Progress: 26641761982 states checked.
Progress: 26658058532 states checked.
Progress: 26674424860 states checked.
Progress: 26690776800 states checked.
Progress: 26707156928 states checked.
Progress: 26723481129 states checked.
Progress: 26739736666 states checked.
Progress: 26756079057 states checked.
Progress: 26772465118 states checked.
Progress: 26788814136 states checked.
Progress: 26805186011 states checked.
Progress: 26821494968 states checked.
Progress: 26837854673 states checked.
Progress: 26854226262 states checked.
Progress: 26870560028 states checked.
Progress: 26886937433 states checked.
Progress: 26903319150 states checked.
Progress: 26919636302 states checked.
Progress: 26935881505 states checked.
Progress: 26951657834 states checked.
Progress: 26967867378 states checked.
Progress: 26984084440 states checked.
Progress: 27000410921 states checked.
Progress: 27016734683 states checked.
Progress: 27033058712 states checked.
Progress: 27049405007 states checked.
Progress: 27065719712 states checked.
Progress: 27082063212 states checked.
Progress: 27098376346 states checked.
Progress: 27114697872 states checked.
Progress: 27131059971 states checked.
Progress: 27147393304 states checked.
Progress: 27163761887 states checked.
Progress: 27180107366 states checked.
Progress: 27196450480 states checked.
Progress: 27212782562 states checked.
Progress: 27229113196 states checked.
Progress: 27245402571 states checked.
Progress: 27261732023 states checked.
Progress: 27278086738 states checked.
Progress: 27294402366 states checked.
Progress: 27310746407 states checked.
Progress: 27327089156 states checked.
Progress: 27343452016 states checked.
Progress: 27359843217 states checked.
Progress: 27376217455 states checked.
Progress: 27392523605 states checked.
Progress: 27408802951 states checked.
Progress: 27425124135 states checked.
Progress: 27441530414 states checked.
Progress: 27457920185 states checked.
Progress: 27474272156 states checked.
Progress: 27490648496 states checked.
Progress: 27507027021 states checked.
Progress: 27523379671 states checked.
Progress: 27539785097 states checked.
Progress: 27556159416 states checked.
Progress: 27572493928 states checked.
Progress: 27588870447 states checked.
Progress: 27605210224 states checked.
Progress: 27621608393 states checked.
Progress: 27638026002 states checked.
Progress: 27654098787 states checked.
Progress: 27669802554 states checked.
Progress: 27685755563 states checked.
Progress: 27702013285 states checked.
Progress: 27718371270 states checked.
Progress: 27734674901 states checked.
Progress: 27751020796 states checked.
Progress: 27767421774 states checked.
Progress: 27783762070 states checked.
Progress: 27800099026 states checked.
Progress: 27816415256 states checked.
Progress: 27832782337 states checked.
Progress: 27849166839 states checked.
Progress: 27865505535 states checked.
Progress: 27881740855 states checked.
Progress: 27898002746 states checked.
Progress: 27914316575 states checked.
Progress: 27930617209 states checked.
Progress: 27946969901 states checked.
Progress: 27963334396 states checked.
Progress: 27979691068 states checked.
Progress: 27995948930 states checked.
Progress: 28012276390 states checked.
Progress: 28028604438 states checked.
Progress: 28045003035 states checked.
Progress: 28061354368 states checked.
Progress: 28077754435 states checked.
Progress: 28094126489 states checked.
Progress: 28110460308 states checked.
Progress: 28126826288 states checked.
Progress: 28143210446 states checked.
Progress: 28159587350 states checked.
Progress: 28175883519 states checked.
Progress: 28192253197 states checked.
Progress: 28208600841 states checked.
Progress: 28224947508 states checked.
Progress: 28241249355 states checked.
Progress: 28257543524 states checked.
Progress: 28273797254 states checked.
Progress: 28290170949 states checked.
Progress: 28306552348 states checked.
Progress: 28322855813 states checked.
Progress: 28339205813 states checked.
Progress: 28355509983 states checked.
Progress: 28371894555 states checked.
Progress: 28388215283 states checked.
Progress: 28404360841 states checked.
Progress: 28420623987 states checked.
Progress: 28436996371 states checked.
Progress: 28453330385 states checked.
Progress: 28469698189 states checked.
Progress: 28486042552 states checked.
Progress: 28502412189 states checked.
Progress: 28518842762 states checked.
Progress: 28535219522 states checked.
Progress: 28551497414 states checked.
Progress: 28567734971 states checked.
Progress: 28584091364 states checked.
Progress: 28600468815 states checked.
Progress: 28616859916 states checked.
Progress: 28633187117 states checked.
Progress: 28649550898 states checked.
Progress: 28665910087 states checked.
Progress: 28682265623 states checked.
Progress: 28698539083 states checked.
Progress: 28714779611 states checked.
Progress: 28730875278 states checked.
Progress: 28747129167 states checked.
Progress: 28763277929 states checked.
Progress: 28779619530 states checked.
Progress: 28795946371 states checked.
Progress: 28812233636 states checked.
Progress: 28828559830 states checked.
Progress: 28844744988 states checked.
Progress: 28861042354 states checked.
Progress: 28877374815 states checked.
Progress: 28893766397 states checked.
Progress: 28910152204 states checked.
Progress: 28926505890 states checked.
Progress: 28942789016 states checked.
Progress: 28959148496 states checked.
Progress: 28975503270 states checked.
Progress: 28991824992 states checked.
Progress: 29008200411 states checked.
Progress: 29024574648 states checked.
Progress: 29040911858 states checked.
Progress: 29057202927 states checked.
Progress: 29073532806 states checked.
Progress: 29089676880 states checked.
Progress: 29105988232 states checked.
Progress: 29122322618 states checked.
Progress: 29138678627 states checked.
Progress: 29155006392 states checked.
Progress: 29171349757 states checked.
Progress: 29187705469 states checked.
Progress: 29204069368 states checked.
Progress: 29220316876 states checked.
Progress: 29236618110 states checked.
Progress: 29252898952 states checked.
Progress: 29269223118 states checked.
Progress: 29285520697 states checked.
Progress: 29301866218 states checked.
Progress: 29318119673 states checked.
Progress: 29334425575 states checked.
Progress: 29350763362 states checked.
Progress: 29367097058 states checked.
Progress: 29383454360 states checked.
Progress: 29399619409 states checked.
Progress: 29415894212 states checked.
Progress: 29432228572 states checked.
Progress: 29448512800 states checked.
Progress: 29464869393 states checked.
Progress: 29481236012 states checked.
Progress: 29497392023 states checked.
Progress: 29513348872 states checked.
Progress: 29529163547 states checked.
Progress: 29545020226 states checked.
Progress: 29560849393 states checked.
Progress: 29576609804 states checked.
Progress: 29592445565 states checked.
Progress: 29608444802 states checked.
Progress: 29624245716 states checked.
Progress: 29640258846 states checked.
Progress: 29656061475 states checked.
Progress: 29672092239 states checked.
Progress: 29688026233 states checked.
Progress: 29703911526 states checked.
Progress: 29719751438 states checked.
Progress: 29735626288 states checked.
Progress: 29751445199 states checked.
Progress: 29767246141 states checked.
Progress: 29783022250 states checked.
Progress: 29798914566 states checked.
Progress: 29814640479 states checked.
Progress: 29830521192 states checked.
Progress: 29846311113 states checked.
Progress: 29862155455 states checked.
Progress: 29877966174 states checked.
Progress: 29893891282 states checked.
Progress: 29909683202 states checked.
Progress: 29925575566 states checked.
Progress: 29941498705 states checked.
