TLC2 Version 2.19 of 08 August 2024 (rev: 5a47802)
Warning: Please run the Java VM which executes TLC with a throughput optimized garbage collector by passing the "-XX:+UseParallelGC" property.
(Use the -nowarning option to disable this warning.)
Running Random Simulation with seed 5754012509233835099 with 10 workers on 72 cores with 30208MB heap and 64MB offheap memory [pid: 3848498] (Linux 6.12.69+deb13-cloud-amd64 amd64, Debian 21.0.10 x86_64).
Parsing file /home/alexandre.siret/AccordTLASpec/SpecAccord/RecoveryAndCommitSpec/AccordSpec.tla
Parsing file /tmp/TLC.tla
Parsing file /tmp/Naturals.tla
Parsing file /tmp/Sequences.tla
Parsing file /tmp/FiniteSets.tla
Semantic processing of module Naturals
Semantic processing of module Sequences
Semantic processing of module FiniteSets
Semantic processing of module TLC
Semantic processing of module AccordSpec
Starting... (2026-03-16 15:22:08)
Computed 1 initial states...
Progress: 2092296 states checked.
Progress: 4266845 states checked.
Progress: 6514035 states checked.
Progress: 8773170 states checked.
Progress: 11033810 states checked.
Progress: 13295927 states checked.
Progress: 15563695 states checked.
Progress: 17828883 states checked.
Progress: 20086455 states checked.
Progress: 22343487 states checked.
Progress: 24605196 states checked.
Progress: 26861546 states checked.
Progress: 29116114 states checked.
Progress: 31381245 states checked.
Progress: 33647180 states checked.
Progress: 35912109 states checked.
Progress: 38187317 states checked.
Progress: 40453567 states checked.
Progress: 42718715 states checked.
Progress: 44989604 states checked.
Progress: 47255486 states checked.
Progress: 49525052 states checked.
Progress: 51792119 states checked.
Progress: 54058775 states checked.
Progress: 56330073 states checked.
Progress: 58599135 states checked.
Progress: 60868913 states checked.
Progress: 63133657 states checked.
Progress: 65394184 states checked.
Progress: 67658751 states checked.
Progress: 69926395 states checked.
Progress: 72194230 states checked.
Progress: 74455450 states checked.
Progress: 76730078 states checked.
Progress: 79004989 states checked.
Progress: 81272088 states checked.
Progress: 83542997 states checked.
Progress: 85808488 states checked.
Progress: 88085021 states checked.
Progress: 90354073 states checked.
Progress: 92619738 states checked.
Progress: 94893463 states checked.
Progress: 97161698 states checked.
Progress: 99423032 states checked.
Progress: 101690883 states checked.
Progress: 103956851 states checked.
Progress: 106219976 states checked.
Progress: 108490458 states checked.
Progress: 110760243 states checked.
Progress: 113023691 states checked.
Progress: 115290841 states checked.
Progress: 117549831 states checked.
Progress: 119814457 states checked.
Progress: 122079447 states checked.
Progress: 124345444 states checked.
Progress: 126616170 states checked.
Progress: 128880030 states checked.
Progress: 131146940 states checked.
Progress: 133418316 states checked.
Progress: 135689500 states checked.
Progress: 137959335 states checked.
Progress: 140239676 states checked.
Progress: 142505487 states checked.
Progress: 144776170 states checked.
Progress: 147051864 states checked.
Progress: 149323654 states checked.
Progress: 151580990 states checked.
Progress: 153846934 states checked.
Progress: 156118686 states checked.
Progress: 158385878 states checked.
Progress: 160654974 states checked.
Progress: 162926451 states checked.
Progress: 165195898 states checked.
Progress: 167471006 states checked.
Progress: 169742644 states checked.
Progress: 172010527 states checked.
Progress: 174269978 states checked.
Progress: 176528455 states checked.
Progress: 178787373 states checked.
Progress: 181053626 states checked.
Progress: 183316336 states checked.
Progress: 185582014 states checked.
Progress: 187852850 states checked.
Progress: 190115288 states checked.
Progress: 192378594 states checked.
Progress: 194645388 states checked.
Progress: 196907321 states checked.
Progress: 199168825 states checked.
Progress: 201421712 states checked.
Progress: 203689425 states checked.
Progress: 205952014 states checked.
Progress: 208219047 states checked.
Progress: 210480686 states checked.
Progress: 212743869 states checked.
Progress: 215008997 states checked.
Progress: 217282569 states checked.
Progress: 219553292 states checked.
Progress: 221822470 states checked.
Progress: 224093546 states checked.
Progress: 226366563 states checked.
Progress: 228640904 states checked.
Progress: 230908560 states checked.
Progress: 233173821 states checked.
Progress: 235434519 states checked.
Progress: 237698873 states checked.
Progress: 239972258 states checked.
Progress: 242245824 states checked.
Progress: 244516589 states checked.
Progress: 246787674 states checked.
Progress: 249061806 states checked.
Progress: 251326685 states checked.
Progress: 253593255 states checked.
Progress: 255847479 states checked.
Progress: 258101633 states checked.
Progress: 260361268 states checked.
Progress: 262620165 states checked.
Progress: 264887476 states checked.
Progress: 267157440 states checked.
Progress: 269425932 states checked.
Progress: 271698723 states checked.
Progress: 273968327 states checked.
Progress: 276241432 states checked.
Progress: 278508048 states checked.
Progress: 280783084 states checked.
Progress: 283057795 states checked.
Progress: 285333017 states checked.
Progress: 287605077 states checked.
Progress: 289869915 states checked.
Progress: 292134448 states checked.
Progress: 294405552 states checked.
Progress: 296684036 states checked.
Progress: 298948944 states checked.
Progress: 301224598 states checked.
Progress: 303486882 states checked.
Progress: 305752543 states checked.
Progress: 308020798 states checked.
Progress: 310286056 states checked.
Progress: 312555656 states checked.
Progress: 314825809 states checked.
Progress: 317101757 states checked.
Progress: 319372269 states checked.
Progress: 321636558 states checked.
Progress: 323897453 states checked.
Progress: 326164569 states checked.
Progress: 328437841 states checked.
Progress: 330709002 states checked.
Progress: 332977318 states checked.
Progress: 335251523 states checked.
Progress: 337519322 states checked.
Progress: 339785568 states checked.
Progress: 342051461 states checked.
Progress: 344326423 states checked.
Progress: 346596517 states checked.
Progress: 348870975 states checked.
Progress: 351136753 states checked.
Progress: 353409488 states checked.
Progress: 355680444 states checked.
Progress: 357944543 states checked.
Progress: 360212029 states checked.
Progress: 362483123 states checked.
Progress: 364750609 states checked.
Progress: 367028557 states checked.
Progress: 369297954 states checked.
Progress: 371571619 states checked.
Progress: 373848336 states checked.
Progress: 376111145 states checked.
Progress: 378380842 states checked.
Progress: 380650188 states checked.
Progress: 382922097 states checked.
Progress: 385194443 states checked.
Progress: 387467943 states checked.
Progress: 389738115 states checked.
Progress: 392005590 states checked.
Progress: 394272950 states checked.
Progress: 396541281 states checked.
Progress: 398812222 states checked.
Progress: 401082902 states checked.
Progress: 403344708 states checked.
Progress: 405617701 states checked.
Progress: 407893768 states checked.
Progress: 410168501 states checked.
Progress: 412442416 states checked.
Progress: 414716687 states checked.
Progress: 416989740 states checked.
Progress: 419264913 states checked.
Progress: 421533607 states checked.
Progress: 423806119 states checked.
Progress: 426077625 states checked.
Progress: 428358575 states checked.
Progress: 430632847 states checked.
Progress: 432907488 states checked.
Progress: 435187396 states checked.
Progress: 437460398 states checked.
Progress: 439734617 states checked.
Progress: 442009742 states checked.
Progress: 444280254 states checked.
Progress: 446557484 states checked.
Progress: 448827904 states checked.
Progress: 451096585 states checked.
Progress: 453369810 states checked.
Progress: 455643918 states checked.
Progress: 457917389 states checked.
Progress: 460189430 states checked.
Progress: 462463735 states checked.
Progress: 464744687 states checked.
Progress: 467019917 states checked.
Progress: 469291739 states checked.
Progress: 471561680 states checked.
Progress: 473841187 states checked.
Progress: 476114973 states checked.
Progress: 478387052 states checked.
Progress: 480659740 states checked.
Progress: 482930948 states checked.
Progress: 485199994 states checked.
Progress: 487466560 states checked.
Progress: 489734183 states checked.
Progress: 492010857 states checked.
Progress: 494282673 states checked.
Progress: 496551307 states checked.
Progress: 498824185 states checked.
Progress: 501092666 states checked.
Progress: 503368862 states checked.
Progress: 505646637 states checked.
Progress: 507921625 states checked.
Progress: 510194162 states checked.
Progress: 512470045 states checked.
Progress: 514741421 states checked.
Progress: 517014773 states checked.
Progress: 519283756 states checked.
Progress: 521560458 states checked.
Progress: 523833811 states checked.
Progress: 526105824 states checked.
Progress: 528377161 states checked.
Progress: 530650081 states checked.
Progress: 532918492 states checked.
Progress: 535189264 states checked.
Progress: 537460278 states checked.
Progress: 539724498 states checked.
Progress: 541989225 states checked.
Progress: 544252049 states checked.
Progress: 546502344 states checked.
Progress: 548770262 states checked.
Progress: 551032679 states checked.
Progress: 553306159 states checked.
Progress: 555567887 states checked.
Progress: 557833076 states checked.
Progress: 560102227 states checked.
Progress: 562358304 states checked.
Progress: 564630938 states checked.
Progress: 566899330 states checked.
Progress: 569173549 states checked.
Progress: 571436125 states checked.
Progress: 573704433 states checked.
Progress: 575971040 states checked.
Progress: 578234651 states checked.
Progress: 580496570 states checked.
Progress: 582754884 states checked.
Progress: 585010102 states checked.
Progress: 587270669 states checked.
Progress: 589535615 states checked.
Progress: 591800019 states checked.
Progress: 594071648 states checked.
Progress: 596336235 states checked.
Progress: 598603226 states checked.
Progress: 600865703 states checked.
Progress: 603127470 states checked.
Progress: 605389850 states checked.
Progress: 607652693 states checked.
Progress: 609915991 states checked.
Progress: 612176815 states checked.
Progress: 614440999 states checked.
Progress: 616704169 states checked.
Progress: 618968384 states checked.
Progress: 621237068 states checked.
Progress: 623502354 states checked.
Progress: 625767773 states checked.
Progress: 628034758 states checked.
Progress: 630299199 states checked.
Progress: 632570977 states checked.
Progress: 634837933 states checked.
Progress: 637097961 states checked.
Progress: 639359447 states checked.
Progress: 641626465 states checked.
Progress: 643890447 states checked.
Progress: 646158986 states checked.
Progress: 648424326 states checked.
Progress: 650693299 states checked.
Progress: 652957771 states checked.
Progress: 655217829 states checked.
Progress: 657478109 states checked.
Progress: 659735453 states checked.
Progress: 661981035 states checked.
Progress: 664246969 states checked.
Progress: 666507525 states checked.
Progress: 668769504 states checked.
Progress: 671032072 states checked.
Progress: 673298071 states checked.
Progress: 675568896 states checked.
Progress: 677840202 states checked.
Progress: 680106618 states checked.
Progress: 682374104 states checked.
Progress: 684644831 states checked.
Progress: 686921519 states checked.
Progress: 689195086 states checked.
Progress: 691462734 states checked.
Progress: 693725653 states checked.
Progress: 695994492 states checked.
Progress: 698267838 states checked.
Progress: 700539201 states checked.
Progress: 702807814 states checked.
Progress: 705081291 states checked.
Progress: 707354774 states checked.
Progress: 709629234 states checked.
Progress: 711900195 states checked.
Progress: 714161688 states checked.
Progress: 716425989 states checked.
Progress: 718692535 states checked.
Progress: 720957610 states checked.
Progress: 723213469 states checked.
Progress: 725479842 states checked.
Progress: 727740788 states checked.
Progress: 729997768 states checked.
Progress: 732261678 states checked.
Progress: 734522676 states checked.
Progress: 736786651 states checked.
Progress: 739063469 states checked.
Progress: 741322708 states checked.
Progress: 743581679 states checked.
Progress: 745847648 states checked.
Progress: 748107146 states checked.
Progress: 750369357 states checked.
Progress: 752632882 states checked.
Progress: 754901977 states checked.
Progress: 757170346 states checked.
Progress: 759440165 states checked.
Progress: 761707628 states checked.
Progress: 763980446 states checked.
Progress: 766250140 states checked.
Progress: 768519632 states checked.
Progress: 770785213 states checked.
Progress: 773053526 states checked.
Progress: 775321805 states checked.
Progress: 777586246 states checked.
Progress: 779850993 states checked.
Progress: 782115389 states checked.
Progress: 784383880 states checked.
Progress: 786649982 states checked.
Progress: 788910371 states checked.
Progress: 791177440 states checked.
Progress: 793447412 states checked.
Progress: 795717854 states checked.
Progress: 797984006 states checked.
Progress: 800248379 states checked.
Progress: 802515450 states checked.
Progress: 804783679 states checked.
Progress: 807053733 states checked.
Progress: 809316522 states checked.
Progress: 811585628 states checked.
Progress: 813852305 states checked.
Progress: 816123889 states checked.
Progress: 818396632 states checked.
Progress: 820654632 states checked.
Progress: 822918384 states checked.
Progress: 825191099 states checked.
Progress: 827464001 states checked.
Progress: 829733146 states checked.
Progress: 832003270 states checked.
Progress: 834273521 states checked.
Progress: 836543462 states checked.
Progress: 838812693 states checked.
Progress: 841072115 states checked.
Progress: 843337268 states checked.
Progress: 845602886 states checked.
Progress: 847865073 states checked.
Progress: 850127342 states checked.
Progress: 852388839 states checked.
Progress: 854656925 states checked.
Progress: 856924819 states checked.
Progress: 859188733 states checked.
Progress: 861443758 states checked.
Progress: 863699696 states checked.
Progress: 865967424 states checked.
Progress: 868240663 states checked.
Progress: 870512733 states checked.
Progress: 872779065 states checked.
Progress: 875045930 states checked.
Progress: 877315781 states checked.
Progress: 879589190 states checked.
Progress: 881845465 states checked.
Progress: 884114047 states checked.
Progress: 886390022 states checked.
Progress: 888665469 states checked.
Progress: 890929248 states checked.
Progress: 893203920 states checked.
Progress: 895471858 states checked.
Progress: 897733244 states checked.
Progress: 899998968 states checked.
Progress: 902263795 states checked.
Progress: 904526576 states checked.
Progress: 906786165 states checked.
Progress: 909042080 states checked.
Progress: 911299036 states checked.
Progress: 913557549 states checked.
Progress: 915818149 states checked.
Progress: 918085221 states checked.
Progress: 920348192 states checked.
Progress: 922620212 states checked.
Progress: 924894878 states checked.
Progress: 927163445 states checked.
Progress: 929428498 states checked.
Progress: 931695474 states checked.
Progress: 933958455 states checked.
Progress: 936215594 states checked.
Progress: 938474126 states checked.
Progress: 940739049 states checked.
Progress: 943007837 states checked.
Progress: 945282046 states checked.
Progress: 947557225 states checked.
Progress: 949827121 states checked.
Progress: 952094667 states checked.
Progress: 954364294 states checked.
Progress: 956634079 states checked.
Progress: 958909839 states checked.
Progress: 961181829 states checked.
Progress: 963449480 states checked.
Progress: 965718539 states checked.
Progress: 967989817 states checked.
Progress: 970259336 states checked.
Progress: 972521627 states checked.
Progress: 974780437 states checked.
Progress: 977039263 states checked.
Progress: 979304946 states checked.
Progress: 981571065 states checked.
Progress: 983837749 states checked.
Progress: 986107974 states checked.
Progress: 988369164 states checked.
Progress: 990631857 states checked.
Progress: 992901702 states checked.
Progress: 995179335 states checked.
Progress: 997452112 states checked.
Progress: 999719822 states checked.
Progress: 1001989297 states checked.
Progress: 1004249433 states checked.
Progress: 1006517936 states checked.
Progress: 1008782053 states checked.
Progress: 1011046834 states checked.
Progress: 1013311436 states checked.
Progress: 1015573774 states checked.
Progress: 1017834096 states checked.
Progress: 1020095900 states checked.
Progress: 1022353972 states checked.
Progress: 1024607839 states checked.
Progress: 1026866343 states checked.
Progress: 1029126794 states checked.
Progress: 1031391865 states checked.
Progress: 1033651034 states checked.
Progress: 1035914192 states checked.
Progress: 1038181607 states checked.
Progress: 1040448229 states checked.
Progress: 1042711723 states checked.
Progress: 1044966840 states checked.
Progress: 1047225737 states checked.
Progress: 1049487509 states checked.
Progress: 1051748729 states checked.
Progress: 1054012466 states checked.
Progress: 1056278445 states checked.
Progress: 1058539583 states checked.
Progress: 1060801635 states checked.
Progress: 1063065305 states checked.
Progress: 1065336027 states checked.
Progress: 1067603566 states checked.
Progress: 1069865723 states checked.
Progress: 1072125621 states checked.
Progress: 1074383767 states checked.
Progress: 1076641371 states checked.
Progress: 1078898320 states checked.
Progress: 1081157903 states checked.
Progress: 1083425459 states checked.
Progress: 1085699432 states checked.
Progress: 1087975322 states checked.
Progress: 1090250932 states checked.
Progress: 1092523232 states checked.
Progress: 1094792474 states checked.
Progress: 1097059966 states checked.
Progress: 1099334320 states checked.
Progress: 1101601079 states checked.
Progress: 1103874661 states checked.
Progress: 1106149759 states checked.
Progress: 1108418026 states checked.
Progress: 1110681252 states checked.
Progress: 1112941693 states checked.
Progress: 1115196160 states checked.
Progress: 1117452975 states checked.
Progress: 1119711150 states checked.
Progress: 1121978822 states checked.
Progress: 1124238423 states checked.
Progress: 1126502947 states checked.
Progress: 1128758361 states checked.
Progress: 1131015807 states checked.
Progress: 1133288126 states checked.
Progress: 1135555301 states checked.
Progress: 1137825659 states checked.
Progress: 1140092958 states checked.
Progress: 1142356656 states checked.
Progress: 1144622311 states checked.
Progress: 1146889740 states checked.
Progress: 1149157673 states checked.
Progress: 1151419289 states checked.
Progress: 1153679669 states checked.
Progress: 1155945073 states checked.
Progress: 1158210973 states checked.
Progress: 1160470761 states checked.
Progress: 1162736607 states checked.
Progress: 1165008323 states checked.
Progress: 1167278441 states checked.
Progress: 1169551341 states checked.
Progress: 1171813757 states checked.
Progress: 1174078833 states checked.
Progress: 1176356304 states checked.
Progress: 1178625107 states checked.
Progress: 1180889401 states checked.
Progress: 1183155670 states checked.
Progress: 1185424049 states checked.
Progress: 1187687471 states checked.
Progress: 1189947325 states checked.
Progress: 1192215144 states checked.
Progress: 1194484169 states checked.
Progress: 1196744846 states checked.
Progress: 1199003849 states checked.
Progress: 1201271553 states checked.
Progress: 1203539410 states checked.
Progress: 1205803588 states checked.
Progress: 1208070968 states checked.
Progress: 1210343054 states checked.
Progress: 1212603169 states checked.
Progress: 1214866009 states checked.
Progress: 1217129056 states checked.
Progress: 1219393547 states checked.
Progress: 1221649212 states checked.
Progress: 1223908204 states checked.
Progress: 1226158879 states checked.
Progress: 1228422949 states checked.
Progress: 1230686459 states checked.
Progress: 1232956865 states checked.
Progress: 1235232542 states checked.
Progress: 1237498192 states checked.
Progress: 1239768015 states checked.
Progress: 1242028909 states checked.
Progress: 1244288133 states checked.
Progress: 1246550294 states checked.
Progress: 1248807232 states checked.
Progress: 1251078248 states checked.
Progress: 1253351255 states checked.
Progress: 1255610221 states checked.
Progress: 1257878832 states checked.
Progress: 1260136611 states checked.
Progress: 1262399891 states checked.
Progress: 1264665911 states checked.
Progress: 1266931299 states checked.
Progress: 1269190904 states checked.
Progress: 1271453846 states checked.
Progress: 1273717406 states checked.
Progress: 1275975936 states checked.
Progress: 1278231164 states checked.
Progress: 1280502124 states checked.
Progress: 1282766626 states checked.
Progress: 1285034414 states checked.
Progress: 1287307913 states checked.
Progress: 1289588969 states checked.
Progress: 1291862246 states checked.
Progress: 1294129875 states checked.
Progress: 1296400182 states checked.
Progress: 1298670182 states checked.
Progress: 1300943219 states checked.
Progress: 1303206967 states checked.
Progress: 1305464817 states checked.
Progress: 1307725139 states checked.
Progress: 1309983854 states checked.
Progress: 1312248865 states checked.
Progress: 1314510057 states checked.
Progress: 1316768277 states checked.
Progress: 1319039603 states checked.
Progress: 1321308167 states checked.
Progress: 1323573264 states checked.
Progress: 1325838967 states checked.
Progress: 1328103064 states checked.
Progress: 1330373951 states checked.
Progress: 1332645898 states checked.
Progress: 1334916272 states checked.
Progress: 1337186374 states checked.
Progress: 1339452074 states checked.
Progress: 1341716491 states checked.
Progress: 1343971321 states checked.
Progress: 1346230879 states checked.
Progress: 1348498080 states checked.
Progress: 1350755782 states checked.
Progress: 1353015009 states checked.
Progress: 1355274313 states checked.
Progress: 1357535670 states checked.
Progress: 1359794248 states checked.
Progress: 1362050437 states checked.
Progress: 1364308240 states checked.
Progress: 1366576006 states checked.
Progress: 1368844597 states checked.
Progress: 1371112030 states checked.
Progress: 1373369559 states checked.
Progress: 1375621862 states checked.
Progress: 1377887935 states checked.
Progress: 1380154704 states checked.
Progress: 1382423038 states checked.
Progress: 1384686497 states checked.
Progress: 1386959313 states checked.
Progress: 1389223968 states checked.
Progress: 1391486613 states checked.
Progress: 1393747680 states checked.
Progress: 1396017683 states checked.
Progress: 1398282726 states checked.
Progress: 1400548234 states checked.
Progress: 1402818765 states checked.
Progress: 1405083958 states checked.
Progress: 1407351891 states checked.
Progress: 1409616784 states checked.
Progress: 1411878585 states checked.
Progress: 1414139924 states checked.
Progress: 1416410355 states checked.
Progress: 1418676155 states checked.
Progress: 1420942430 states checked.
Progress: 1423209181 states checked.
Progress: 1425473600 states checked.
Progress: 1427739089 states checked.
Progress: 1430005230 states checked.
Progress: 1432272985 states checked.
Progress: 1434543388 states checked.
Progress: 1436806895 states checked.
Progress: 1439074153 states checked.
Progress: 1441339381 states checked.
Progress: 1443605087 states checked.
Progress: 1445869140 states checked.
Progress: 1448138907 states checked.
Progress: 1450409620 states checked.
Progress: 1452681445 states checked.
Progress: 1454947034 states checked.
Progress: 1457213050 states checked.
Progress: 1459483716 states checked.
Progress: 1461752094 states checked.
Progress: 1464019610 states checked.
Progress: 1466283793 states checked.
Progress: 1468547594 states checked.
Progress: 1470818719 states checked.
Progress: 1473085092 states checked.
Progress: 1475357121 states checked.
Progress: 1477628228 states checked.
Progress: 1479892096 states checked.
Progress: 1482166777 states checked.
Progress: 1484436355 states checked.
Progress: 1486707905 states checked.
Progress: 1488975789 states checked.
Progress: 1491245052 states checked.
Progress: 1493517229 states checked.
Progress: 1495788370 states checked.
Progress: 1498060472 states checked.
Progress: 1500333537 states checked.
Progress: 1502612548 states checked.
Progress: 1504884441 states checked.
Progress: 1507150748 states checked.
Progress: 1509428826 states checked.
Progress: 1511705776 states checked.
Progress: 1513970845 states checked.
Progress: 1516230379 states checked.
Progress: 1518491261 states checked.
Progress: 1520754433 states checked.
Progress: 1523021743 states checked.
Progress: 1525291837 states checked.
Progress: 1527559517 states checked.
Progress: 1529829085 states checked.
Progress: 1532097523 states checked.
Progress: 1534363529 states checked.
Progress: 1536638458 states checked.
Progress: 1538899672 states checked.
Progress: 1541168491 states checked.
Progress: 1543430784 states checked.
Progress: 1545693440 states checked.
Progress: 1547966090 states checked.
Progress: 1550228779 states checked.
Progress: 1552495366 states checked.
Progress: 1554763394 states checked.
Progress: 1557029647 states checked.
Progress: 1559293116 states checked.
Progress: 1561563297 states checked.
Progress: 1563834299 states checked.
Progress: 1566104522 states checked.
Progress: 1568368161 states checked.
Progress: 1570635641 states checked.
Progress: 1572898391 states checked.
Progress: 1575164725 states checked.
Progress: 1577430987 states checked.
Progress: 1579694206 states checked.
Progress: 1581973934 states checked.
Progress: 1584244892 states checked.
Progress: 1586520018 states checked.
Progress: 1588799889 states checked.
Progress: 1591074089 states checked.
Progress: 1593353850 states checked.
Progress: 1595635207 states checked.
Progress: 1597916286 states checked.
Progress: 1600199339 states checked.
Progress: 1602480858 states checked.
Progress: 1604757664 states checked.
Progress: 1607034206 states checked.
Progress: 1609308380 states checked.
Progress: 1611584090 states checked.
Progress: 1613860314 states checked.
Progress: 1616134777 states checked.
Progress: 1618406750 states checked.
Progress: 1620677505 states checked.
Progress: 1622950461 states checked.
Progress: 1625223244 states checked.
Progress: 1627498583 states checked.
Progress: 1629769661 states checked.
Progress: 1632041924 states checked.
Progress: 1634315990 states checked.
Progress: 1636583377 states checked.
Progress: 1638853292 states checked.
Progress: 1641121222 states checked.
Progress: 1643386861 states checked.
Progress: 1645654498 states checked.
Progress: 1647920294 states checked.
Progress: 1650189917 states checked.
Progress: 1652463515 states checked.
Progress: 1654735260 states checked.
Progress: 1657000647 states checked.
Progress: 1659262421 states checked.
Progress: 1661528788 states checked.
Progress: 1663799464 states checked.
Progress: 1666072788 states checked.
Progress: 1668342319 states checked.
Progress: 1670610700 states checked.
Progress: 1672881283 states checked.
Progress: 1675152158 states checked.
Progress: 1677425225 states checked.
Progress: 1679698158 states checked.
Progress: 1681974312 states checked.
Progress: 1684246305 states checked.
Progress: 1686518230 states checked.
Progress: 1688792026 states checked.
Progress: 1691063166 states checked.
Progress: 1693330844 states checked.
Progress: 1695601969 states checked.
Progress: 1697863152 states checked.
Progress: 1700126593 states checked.
Progress: 1702394390 states checked.
Progress: 1704658779 states checked.
Progress: 1706925776 states checked.
Progress: 1709190113 states checked.
Progress: 1711450070 states checked.
Progress: 1713726829 states checked.
Progress: 1716000964 states checked.
Progress: 1718275323 states checked.
Progress: 1720552202 states checked.
Progress: 1722826762 states checked.
Progress: 1725098229 states checked.
Progress: 1727367078 states checked.
Progress: 1729633383 states checked.
Progress: 1731896975 states checked.
Progress: 1734164318 states checked.
Progress: 1736431310 states checked.
Progress: 1738700270 states checked.
Progress: 1740969832 states checked.
Progress: 1743239575 states checked.
Progress: 1745502297 states checked.
Progress: 1747760220 states checked.
Progress: 1750022962 states checked.
Progress: 1752290139 states checked.
Progress: 1754553740 states checked.
Progress: 1756818309 states checked.
Progress: 1759087134 states checked.
Progress: 1761363451 states checked.
Progress: 1763630611 states checked.
Progress: 1765901659 states checked.
Progress: 1768166895 states checked.
Progress: 1770429935 states checked.
Progress: 1772697088 states checked.
Progress: 1774958802 states checked.
Progress: 1777224711 states checked.
Progress: 1779493092 states checked.
Progress: 1781776304 states checked.
Progress: 1784056555 states checked.
Progress: 1786337744 states checked.
Progress: 1788607587 states checked.
Progress: 1790878260 states checked.
Progress: 1793144045 states checked.
Progress: 1795408871 states checked.
Progress: 1797666946 states checked.
Progress: 1799932419 states checked.
Progress: 1802205308 states checked.
Progress: 1804474837 states checked.
Progress: 1806747916 states checked.
Progress: 1809017117 states checked.
Progress: 1811285480 states checked.
Progress: 1813555756 states checked.
Progress: 1815821912 states checked.
Progress: 1818094297 states checked.
Progress: 1820373069 states checked.
Progress: 1822654775 states checked.
Progress: 1824928950 states checked.
Progress: 1827204763 states checked.
Progress: 1829479158 states checked.
Progress: 1831754895 states checked.
Progress: 1834032391 states checked.
Progress: 1836306395 states checked.
Progress: 1838581293 states checked.
Progress: 1840858598 states checked.
Progress: 1843136146 states checked.
Progress: 1845410040 states checked.
Progress: 1847682019 states checked.
Progress: 1849949084 states checked.
Progress: 1852219597 states checked.
Progress: 1854488350 states checked.
Progress: 1856757878 states checked.
Progress: 1859025889 states checked.
Progress: 1861295738 states checked.
Progress: 1863570145 states checked.
Progress: 1865839868 states checked.
Progress: 1868111602 states checked.
Progress: 1870384731 states checked.
Progress: 1872656153 states checked.
Progress: 1874919401 states checked.
Progress: 1877187060 states checked.
Progress: 1879453865 states checked.
Progress: 1881721246 states checked.
Progress: 1883992197 states checked.
Progress: 1886254489 states checked.
Progress: 1888524992 states checked.
Progress: 1890790669 states checked.
Progress: 1893059460 states checked.
Progress: 1895322884 states checked.
Progress: 1897594544 states checked.
Progress: 1899859405 states checked.
Progress: 1902132347 states checked.
Progress: 1904394262 states checked.
Progress: 1906666425 states checked.
Progress: 1908941553 states checked.
Progress: 1911204739 states checked.
Progress: 1913471819 states checked.
Progress: 1915735962 states checked.
Progress: 1918009028 states checked.
Progress: 1920270483 states checked.
Progress: 1922524726 states checked.
Progress: 1924790706 states checked.
Progress: 1927064115 states checked.
Progress: 1929338732 states checked.
Progress: 1931601328 states checked.
Progress: 1933869127 states checked.
Progress: 1936136615 states checked.
Progress: 1938407045 states checked.
Progress: 1940683252 states checked.
Progress: 1942957575 states checked.
Progress: 1945229878 states checked.
Progress: 1947507345 states checked.
Progress: 1949781298 states checked.
Progress: 1952057482 states checked.
Progress: 1954329866 states checked.
Progress: 1956604763 states checked.
Progress: 1958876337 states checked.
Progress: 1961150111 states checked.
Progress: 1963423629 states checked.
Progress: 1965703734 states checked.
Progress: 1967978662 states checked.
Progress: 1970252146 states checked.
Progress: 1972523244 states checked.
Progress: 1974793096 states checked.
Progress: 1977068161 states checked.
Progress: 1979339936 states checked.
Progress: 1981616327 states checked.
Progress: 1983892086 states checked.
Progress: 1986165135 states checked.
Progress: 1988431133 states checked.
Progress: 1990699358 states checked.
Progress: 1992979566 states checked.
Progress: 1995259136 states checked.
Progress: 1997539256 states checked.
Progress: 1999816562 states checked.
Progress: 2002096820 states checked.
Progress: 2004370151 states checked.
Progress: 2006642647 states checked.
Progress: 2008913729 states checked.
Progress: 2011185808 states checked.
Progress: 2013465304 states checked.
Progress: 2015743852 states checked.
Progress: 2018022818 states checked.
Progress: 2020300699 states checked.
Progress: 2022579509 states checked.
Progress: 2024852666 states checked.
Progress: 2027128973 states checked.
Progress: 2029398672 states checked.
Progress: 2031668212 states checked.
Progress: 2033942349 states checked.
Progress: 2036218104 states checked.
Progress: 2038498920 states checked.
Progress: 2040777772 states checked.
Progress: 2043058956 states checked.
Progress: 2045335625 states checked.
Progress: 2047611107 states checked.
Progress: 2049888982 states checked.
Progress: 2052158348 states checked.
Progress: 2054431452 states checked.
Progress: 2056704197 states checked.
Progress: 2058983388 states checked.
Progress: 2061265399 states checked.
Progress: 2063538606 states checked.
Progress: 2065810715 states checked.
Progress: 2068084300 states checked.
Progress: 2070360579 states checked.
Progress: 2072638226 states checked.
Progress: 2074913518 states checked.
Progress: 2077189567 states checked.
Progress: 2079462321 states checked.
Progress: 2081731360 states checked.
Progress: 2084002269 states checked.
Progress: 2086267570 states checked.
Progress: 2088536883 states checked.
Progress: 2090803648 states checked.
Progress: 2093078635 states checked.
Progress: 2095354344 states checked.
Progress: 2097629534 states checked.
Progress: 2099896901 states checked.
Progress: 2102164179 states checked.
Progress: 2104434241 states checked.
Progress: 2106707120 states checked.
Progress: 2108974234 states checked.
Progress: 2111255801 states checked.
Progress: 2113526974 states checked.
Progress: 2115799185 states checked.
Progress: 2118066235 states checked.
Progress: 2120339141 states checked.
Progress: 2122614628 states checked.
Progress: 2124890178 states checked.
Progress: 2127160526 states checked.
Progress: 2129429890 states checked.
Progress: 2131700706 states checked.
Progress: 2133970230 states checked.
Progress: 2136235384 states checked.
Progress: 2138502254 states checked.
Progress: 2140775748 states checked.
Progress: 2143043294 states checked.
Progress: 2145314062 states checked.
Progress: 2147578226 states checked.
Progress: 2149850127 states checked.
Progress: 2152120126 states checked.
Progress: 2154387600 states checked.
Progress: 2156658841 states checked.
Progress: 2158934627 states checked.
Progress: 2161209803 states checked.
Progress: 2163483057 states checked.
Progress: 2165757711 states checked.
Progress: 2168033124 states checked.
Progress: 2170303014 states checked.
Progress: 2172567711 states checked.
Progress: 2174834742 states checked.
Progress: 2177103921 states checked.
Progress: 2179377509 states checked.
Progress: 2181653310 states checked.
Progress: 2183921297 states checked.
Progress: 2186190642 states checked.
Progress: 2188450666 states checked.
Progress: 2190716115 states checked.
Progress: 2192987567 states checked.
Progress: 2195262461 states checked.
Progress: 2197535393 states checked.
Progress: 2199807894 states checked.
Progress: 2202081696 states checked.
Progress: 2204352312 states checked.
Progress: 2206625257 states checked.
Progress: 2208889488 states checked.
Progress: 2211159317 states checked.
Progress: 2213427026 states checked.
Progress: 2215692325 states checked.
Progress: 2217954343 states checked.
Progress: 2220216165 states checked.
Progress: 2222467559 states checked.
Progress: 2224727795 states checked.
Progress: 2226991472 states checked.
Progress: 2229253221 states checked.
Progress: 2231517401 states checked.
Progress: 2233786058 states checked.
Progress: 2236051359 states checked.
Progress: 2238314276 states checked.
Progress: 2240579658 states checked.
Progress: 2242845413 states checked.
Progress: 2245114010 states checked.
Progress: 2247387776 states checked.
Progress: 2249665237 states checked.
Progress: 2251937861 states checked.
Progress: 2254208936 states checked.
Progress: 2256482721 states checked.
Progress: 2258748170 states checked.
Progress: 2261021615 states checked.
Progress: 2263294429 states checked.
Progress: 2265567826 states checked.
Progress: 2267840145 states checked.
Progress: 2270114185 states checked.
Progress: 2272387566 states checked.
Progress: 2274663033 states checked.
Progress: 2276942585 states checked.
Progress: 2279218402 states checked.
Progress: 2281492091 states checked.
Progress: 2283764469 states checked.
Progress: 2286030446 states checked.
Progress: 2288305305 states checked.
Progress: 2290570883 states checked.
Progress: 2292834779 states checked.
Progress: 2295105345 states checked.
Progress: 2297366166 states checked.
Progress: 2299633305 states checked.
Progress: 2301907858 states checked.
Progress: 2304177622 states checked.
Progress: 2306446871 states checked.
Progress: 2308712761 states checked.
Progress: 2310978380 states checked.
Progress: 2313238863 states checked.
Progress: 2315507544 states checked.
Progress: 2317776464 states checked.
Progress: 2320048785 states checked.
Progress: 2322319113 states checked.
Progress: 2324593074 states checked.
Progress: 2326865919 states checked.
Progress: 2329141732 states checked.
Progress: 2331413515 states checked.
Progress: 2333679789 states checked.
Progress: 2335951981 states checked.
Progress: 2338221125 states checked.
Progress: 2340497074 states checked.
Progress: 2342770098 states checked.
Progress: 2345045876 states checked.
Progress: 2347329019 states checked.
Progress: 2349603943 states checked.
Progress: 2351878212 states checked.
Progress: 2354150708 states checked.
Progress: 2356423235 states checked.
Progress: 2358692114 states checked.
Progress: 2360963832 states checked.
Progress: 2363232815 states checked.
Progress: 2365500345 states checked.
Progress: 2367770805 states checked.
Progress: 2370037182 states checked.
Progress: 2372305937 states checked.
Progress: 2374578120 states checked.
Progress: 2376853197 states checked.
Progress: 2379132620 states checked.
Progress: 2381409528 states checked.
Progress: 2383687138 states checked.
Progress: 2385956672 states checked.
Progress: 2388225789 states checked.
Progress: 2390493494 states checked.
Progress: 2392758514 states checked.
Progress: 2395022993 states checked.
Progress: 2397294802 states checked.
Progress: 2399555769 states checked.
Progress: 2401826750 states checked.
Progress: 2404097069 states checked.
Progress: 2406363287 states checked.
Progress: 2408630099 states checked.
Progress: 2410892159 states checked.
Progress: 2413156995 states checked.
Progress: 2415427529 states checked.
Progress: 2417696705 states checked.
Progress: 2419955284 states checked.
Progress: 2422218001 states checked.
Progress: 2424482806 states checked.
Progress: 2426751333 states checked.
Progress: 2429019410 states checked.
Progress: 2431286180 states checked.
Progress: 2433547075 states checked.
Progress: 2435812068 states checked.
Progress: 2438073518 states checked.
Progress: 2440338740 states checked.
Progress: 2442597179 states checked.
Progress: 2444853916 states checked.
Progress: 2447115889 states checked.
Progress: 2449380358 states checked.
Progress: 2451641260 states checked.
Progress: 2453899507 states checked.
Progress: 2456172804 states checked.
Progress: 2458451300 states checked.
Progress: 2460737870 states checked.
Progress: 2463017842 states checked.
Progress: 2465297500 states checked.
Progress: 2467574931 states checked.
Progress: 2469850828 states checked.
Progress: 2472133184 states checked.
Progress: 2474405299 states checked.
Progress: 2476678425 states checked.
Progress: 2478959829 states checked.
Progress: 2481229876 states checked.
Progress: 2483505530 states checked.
Progress: 2485771660 states checked.
Progress: 2488040352 states checked.
Progress: 2490305485 states checked.
Progress: 2492579632 states checked.
Progress: 2494842167 states checked.
Progress: 2497108522 states checked.
Progress: 2499381400 states checked.
Progress: 2501650326 states checked.
Progress: 2503921529 states checked.
Progress: 2506183897 states checked.
Progress: 2508453832 states checked.
Progress: 2510726518 states checked.
Progress: 2513002291 states checked.
Progress: 2515277571 states checked.
Progress: 2517546894 states checked.
Progress: 2519818960 states checked.
Progress: 2522087078 states checked.
Progress: 2524358010 states checked.
Progress: 2526627176 states checked.
Progress: 2528894536 states checked.
Progress: 2531171163 states checked.
Progress: 2533446261 states checked.
Progress: 2535714993 states checked.
Progress: 2537986787 states checked.
Progress: 2540259994 states checked.
Progress: 2542533943 states checked.
Progress: 2544797050 states checked.
Progress: 2547065097 states checked.
Progress: 2549333898 states checked.
Progress: 2551617398 states checked.
Progress: 2553895094 states checked.
Progress: 2556168726 states checked.
Progress: 2558447076 states checked.
Progress: 2560726937 states checked.
Progress: 2563006386 states checked.
Progress: 2565282640 states checked.
Progress: 2567563461 states checked.
Progress: 2569843440 states checked.
Progress: 2572123686 states checked.
Progress: 2574398177 states checked.
Progress: 2576676173 states checked.
Progress: 2578953940 states checked.
Progress: 2581227651 states checked.
Progress: 2583504238 states checked.
Progress: 2585777324 states checked.
Progress: 2588050808 states checked.
Progress: 2590323070 states checked.
Progress: 2592584219 states checked.
Progress: 2594846657 states checked.
Progress: 2597110783 states checked.
Progress: 2599379377 states checked.
Progress: 2601647109 states checked.
Progress: 2603914397 states checked.
Progress: 2606184589 states checked.
Progress: 2608450505 states checked.
Progress: 2610721599 states checked.
Progress: 2612992166 states checked.
