TLC2 Version 2.19 of 08 August 2024 (rev: 5a47802)
Warning: Please run the Java VM which executes TLC with a throughput optimized garbage collector by passing the "-XX:+UseParallelGC" property.
(Use the -nowarning option to disable this warning.)
Running Random Simulation with seed 2758205137609047230 with 10 workers on 14 cores with 3870MB heap and 64MB offheap memory [pid: 3616117] (Linux 6.17.0-1011-oem amd64, Ubuntu 21.0.10 x86_64).
Parsing file /home/alexandre.siret/Accord/AccordTLASpec/SpecAccord/RecoveryAndCommitSpec/AccordSpec.tla
Parsing file /tmp/TLC.tla
Parsing file /tmp/Naturals.tla
Parsing file /tmp/Sequences.tla
Parsing file /tmp/FiniteSets.tla
Semantic processing of module Naturals
Semantic processing of module Sequences
Semantic processing of module FiniteSets
Semantic processing of module TLC
Semantic processing of module AccordSpec
Starting... (2026-03-13 16:07:17)
Computed 1 initial states...
Progress: 16489463 states checked.
Progress: 32339585 states checked.
Progress: 47934241 states checked.
Progress: 63523397 states checked.
Progress: 78261777 states checked.
Progress: 92023336 states checked.
Progress: 106253496 states checked.
Progress: 121746287 states checked.
Progress: 136631405 states checked.
Progress: 151807996 states checked.
Progress: 166772692 states checked.
Progress: 182368023 states checked.
Error: Invariant Agreement is violated.
Error: The behavior up to this point is:
State 1: <Initial predicate>
/\ phase = <<<<1, 1>>, <<1, 1>>, <<1, 1>>>>
/\ abal = <<<<0, 0>>, <<0, 0>>, <<0, 0>>>>
/\ initTimestamp = <<[id |-> 1, t |-> 0], [id |-> 2, t |-> 2]>>
/\ bal = <<<<0, 0>>, <<0, 0>>, <<0, 0>>>>
/\ postWaitingFlag = <<<<FALSE, FALSE>>, <<FALSE, FALSE>>, <<FALSE, FALSE>>>>
/\ Wvar = <<<<{}, {}>>, <<{}, {}>>, <<{}, {}>>>>
/\ dep = <<<<{}, {}>>, <<{}, {}>>, <<{}, {}>>>>
/\ recoveryAttemptBal = <<<<0, 0>>, <<0, 0>>, <<0, 0>>>>
/\ submitted = {}
/\ cmd = <<<<bottom, bottom>>, <<bottom, bottom>>, <<bottom, bottom>>>>
/\ Dvar = <<<<{}, {}>>, <<{}, {}>>, <<{}, {}>>>>
/\ msgs = {}
/\ Qvar = <<<<{}, {}>>, <<{}, {}>>, <<{}, {}>>>>
/\ ts = << <<[id |-> 0, t |-> 0], [id |-> 0, t |-> 0]>>,
   <<[id |-> 0, t |-> 0], [id |-> 0, t |-> 0]>>,
   <<[id |-> 0, t |-> 0], [id |-> 0, t |-> 0]>> >>
/\ Cvar = <<<<bottom, bottom>>, <<bottom, bottom>>, <<bottom, bottom>>>>
/\ recovered = <<<<0, 0>>, <<0, 0>>, <<0, 0>>>>
/\ initCoord = <<0, 0>>

State 2: <Submit line 258, col 5 to line 277, col 104 of module AccordSpec>
/\ phase = <<<<2, 1>>, <<1, 1>>, <<1, 1>>>>
/\ abal = <<<<0, 0>>, <<0, 0>>, <<0, 0>>>>
/\ initTimestamp = <<[id |-> 1, t |-> 0], [id |-> 2, t |-> 2]>>
/\ bal = <<<<0, 0>>, <<0, 0>>, <<0, 0>>>>
/\ postWaitingFlag = <<<<FALSE, FALSE>>, <<FALSE, FALSE>>, <<FALSE, FALSE>>>>
/\ Wvar = <<<<{}, {}>>, <<{}, {}>>, <<{}, {}>>>>
/\ dep = <<<<{}, {}>>, <<{}, {}>>, <<{}, {}>>>>
/\ recoveryAttemptBal = <<<<0, 0>>, <<0, 0>>, <<0, 0>>>>
/\ submitted = {1}
/\ cmd = <<<<1, bottom>>, <<bottom, bottom>>, <<bottom, bottom>>>>
/\ Dvar = <<<<{}, {}>>, <<{}, {}>>, <<{}, {}>>>>
/\ msgs = { [type |-> 1, from |-> 1, to |-> 2, body |-> [id |-> 1, c |-> 1, D0 |-> {}]],
  [type |-> 1, from |-> 1, to |-> 3, body |-> [id |-> 1, c |-> 1, D0 |-> {}]],
  [ type |-> 2,
    from |-> 1,
    to |-> 1,
    body |-> [id |-> 1, tq |-> [id |-> 1, t |-> 0], Dq |-> {}] ] }
/\ Qvar = <<<<{}, {}>>, <<{}, {}>>, <<{}, {}>>>>
/\ ts = << <<[id |-> 1, t |-> 0], [id |-> 0, t |-> 0]>>,
   <<[id |-> 0, t |-> 0], [id |-> 0, t |-> 0]>>,
   <<[id |-> 0, t |-> 0], [id |-> 0, t |-> 0]>> >>
/\ Cvar = <<<<bottom, bottom>>, <<bottom, bottom>>, <<bottom, bottom>>>>
/\ recovered = <<<<0, 0>>, <<0, 0>>, <<0, 0>>>>
/\ initCoord = <<1, 0>>

State 3: <Next line 695, col 8 to line 700, col 27 of module AccordSpec>
/\ phase = <<<<2, 1>>, <<2, 1>>, <<1, 1>>>>
/\ abal = <<<<0, 0>>, <<0, 0>>, <<0, 0>>>>
/\ initTimestamp = <<[id |-> 1, t |-> 0], [id |-> 2, t |-> 2]>>
/\ bal = <<<<0, 0>>, <<0, 0>>, <<0, 0>>>>
/\ postWaitingFlag = <<<<FALSE, FALSE>>, <<FALSE, FALSE>>, <<FALSE, FALSE>>>>
/\ Wvar = <<<<{}, {}>>, <<{}, {}>>, <<{}, {}>>>>
/\ dep = <<<<{}, {}>>, <<{}, {}>>, <<{}, {}>>>>
/\ recoveryAttemptBal = <<<<0, 0>>, <<0, 0>>, <<0, 0>>>>
/\ submitted = {1}
/\ cmd = <<<<1, bottom>>, <<1, bottom>>, <<bottom, bottom>>>>
/\ Dvar = <<<<{}, {}>>, <<{}, {}>>, <<{}, {}>>>>
/\ msgs = { [type |-> 1, from |-> 1, to |-> 3, body |-> [id |-> 1, c |-> 1, D0 |-> {}]],
  [ type |-> 2,
    from |-> 1,
    to |-> 1,
    body |-> [id |-> 1, tq |-> [id |-> 1, t |-> 0], Dq |-> {}] ],
  [ type |-> 2,
    from |-> 2,
    to |-> 1,
    body |-> [id |-> 1, tq |-> [id |-> 1, t |-> 0], Dq |-> {}] ] }
/\ Qvar = <<<<{}, {}>>, <<{}, {}>>, <<{}, {}>>>>
/\ ts = << <<[id |-> 1, t |-> 0], [id |-> 0, t |-> 0]>>,
   <<[id |-> 1, t |-> 0], [id |-> 0, t |-> 0]>>,
   <<[id |-> 0, t |-> 0], [id |-> 0, t |-> 0]>> >>
/\ Cvar = <<<<bottom, bottom>>, <<bottom, bottom>>, <<bottom, bottom>>>>
/\ recovered = <<<<0, 0>>, <<0, 0>>, <<0, 0>>>>
/\ initCoord = <<1, 0>>

State 4: <StartRecover line 438, col 5 to line 449, col 112 of module AccordSpec>
/\ phase = <<<<2, 1>>, <<2, 1>>, <<1, 1>>>>
/\ abal = <<<<0, 0>>, <<0, 0>>, <<0, 0>>>>
/\ initTimestamp = <<[id |-> 1, t |-> 0], [id |-> 2, t |-> 2]>>
/\ bal = <<<<0, 0>>, <<0, 0>>, <<0, 0>>>>
/\ postWaitingFlag = <<<<FALSE, FALSE>>, <<FALSE, FALSE>>, <<FALSE, FALSE>>>>
/\ Wvar = <<<<{}, {}>>, <<{}, {}>>, <<{}, {}>>>>
/\ dep = <<<<{}, {}>>, <<{}, {}>>, <<{}, {}>>>>
/\ recoveryAttemptBal = <<<<1, 0>>, <<0, 0>>, <<0, 0>>>>
/\ submitted = {1}
/\ cmd = <<<<1, bottom>>, <<1, bottom>>, <<bottom, bottom>>>>
/\ Dvar = <<<<{}, {}>>, <<{}, {}>>, <<{}, {}>>>>
/\ msgs = { [type |-> 1, from |-> 1, to |-> 3, body |-> [id |-> 1, c |-> 1, D0 |-> {}]],
  [ type |-> 2,
    from |-> 1,
    to |-> 1,
    body |-> [id |-> 1, tq |-> [id |-> 1, t |-> 0], Dq |-> {}] ],
  [ type |-> 2,
    from |-> 2,
    to |-> 1,
    body |-> [id |-> 1, tq |-> [id |-> 1, t |-> 0], Dq |-> {}] ],
  [type |-> 8, from |-> 1, to |-> 1, body |-> [id |-> 1, b |-> 1, c |-> 1]],
  [type |-> 8, from |-> 1, to |-> 2, body |-> [id |-> 1, b |-> 1, c |-> 1]],
  [type |-> 8, from |-> 1, to |-> 3, body |-> [id |-> 1, b |-> 1, c |-> 1]] }
/\ Qvar = <<<<{}, {}>>, <<{}, {}>>, <<{}, {}>>>>
/\ ts = << <<[id |-> 1, t |-> 0], [id |-> 0, t |-> 0]>>,
   <<[id |-> 1, t |-> 0], [id |-> 0, t |-> 0]>>,
   <<[id |-> 0, t |-> 0], [id |-> 0, t |-> 0]>> >>
/\ Cvar = <<<<bottom, bottom>>, <<bottom, bottom>>, <<bottom, bottom>>>>
/\ recovered = <<<<1, 0>>, <<0, 0>>, <<0, 0>>>>
/\ initCoord = <<1, 0>>

State 5: <StartRecover line 438, col 5 to line 449, col 112 of module AccordSpec>
/\ phase = <<<<2, 1>>, <<2, 1>>, <<1, 1>>>>
/\ abal = <<<<0, 0>>, <<0, 0>>, <<0, 0>>>>
/\ initTimestamp = <<[id |-> 1, t |-> 0], [id |-> 2, t |-> 2]>>
/\ bal = <<<<0, 0>>, <<0, 0>>, <<0, 0>>>>
/\ postWaitingFlag = <<<<FALSE, FALSE>>, <<FALSE, FALSE>>, <<FALSE, FALSE>>>>
/\ Wvar = <<<<{}, {}>>, <<{}, {}>>, <<{}, {}>>>>
/\ dep = <<<<{}, {}>>, <<{}, {}>>, <<{}, {}>>>>
/\ recoveryAttemptBal = <<<<1, 0>>, <<2, 0>>, <<0, 0>>>>
/\ submitted = {1}
/\ cmd = <<<<1, bottom>>, <<1, bottom>>, <<bottom, bottom>>>>
/\ Dvar = <<<<{}, {}>>, <<{}, {}>>, <<{}, {}>>>>
/\ msgs = { [type |-> 1, from |-> 1, to |-> 3, body |-> [id |-> 1, c |-> 1, D0 |-> {}]],
  [ type |-> 2,
    from |-> 1,
    to |-> 1,
    body |-> [id |-> 1, tq |-> [id |-> 1, t |-> 0], Dq |-> {}] ],
  [ type |-> 2,
    from |-> 2,
    to |-> 1,
    body |-> [id |-> 1, tq |-> [id |-> 1, t |-> 0], Dq |-> {}] ],
  [type |-> 8, from |-> 1, to |-> 1, body |-> [id |-> 1, b |-> 1, c |-> 1]],
  [type |-> 8, from |-> 1, to |-> 2, body |-> [id |-> 1, b |-> 1, c |-> 1]],
  [type |-> 8, from |-> 1, to |-> 3, body |-> [id |-> 1, b |-> 1, c |-> 1]],
  [type |-> 8, from |-> 2, to |-> 1, body |-> [id |-> 1, b |-> 2, c |-> 1]],
  [type |-> 8, from |-> 2, to |-> 2, body |-> [id |-> 1, b |-> 2, c |-> 1]],
  [type |-> 8, from |-> 2, to |-> 3, body |-> [id |-> 1, b |-> 2, c |-> 1]] }
/\ Qvar = <<<<{}, {}>>, <<{}, {}>>, <<{}, {}>>>>
/\ ts = << <<[id |-> 1, t |-> 0], [id |-> 0, t |-> 0]>>,
   <<[id |-> 1, t |-> 0], [id |-> 0, t |-> 0]>>,
   <<[id |-> 0, t |-> 0], [id |-> 0, t |-> 0]>> >>
/\ Cvar = <<<<bottom, bottom>>, <<bottom, bottom>>, <<bottom, bottom>>>>
/\ recovered = <<<<1, 0>>, <<1, 0>>, <<0, 0>>>>
/\ initCoord = <<1, 0>>

State 6: <Submit line 258, col 5 to line 277, col 104 of module AccordSpec>
/\ phase = <<<<2, 2>>, <<2, 1>>, <<1, 1>>>>
/\ abal = <<<<0, 0>>, <<0, 0>>, <<0, 0>>>>
/\ initTimestamp = <<[id |-> 1, t |-> 0], [id |-> 2, t |-> 2]>>
/\ bal = <<<<0, 0>>, <<0, 0>>, <<0, 0>>>>
/\ postWaitingFlag = <<<<FALSE, FALSE>>, <<FALSE, FALSE>>, <<FALSE, FALSE>>>>
/\ Wvar = <<<<{}, {}>>, <<{}, {}>>, <<{}, {}>>>>
/\ dep = <<<<{}, {1}>>, <<{}, {}>>, <<{}, {}>>>>
/\ recoveryAttemptBal = <<<<1, 0>>, <<2, 0>>, <<0, 0>>>>
/\ submitted = {1, 2}
/\ cmd = <<<<1, 2>>, <<1, bottom>>, <<bottom, bottom>>>>
/\ Dvar = <<<<{}, {}>>, <<{}, {}>>, <<{}, {}>>>>
/\ msgs = { [type |-> 1, from |-> 1, to |-> 2, body |-> [id |-> 2, c |-> 2, D0 |-> {1}]],
  [type |-> 1, from |-> 1, to |-> 3, body |-> [id |-> 1, c |-> 1, D0 |-> {}]],
  [type |-> 1, from |-> 1, to |-> 3, body |-> [id |-> 2, c |-> 2, D0 |-> {1}]],
  [ type |-> 2,
    from |-> 1,
    to |-> 1,
    body |-> [id |-> 1, tq |-> [id |-> 1, t |-> 0], Dq |-> {}] ],
  [ type |-> 2,
    from |-> 1,
    to |-> 1,
    body |-> [id |-> 2, tq |-> [id |-> 2, t |-> 2], Dq |-> {1}] ],
  [ type |-> 2,
    from |-> 2,
    to |-> 1,
    body |-> [id |-> 1, tq |-> [id |-> 1, t |-> 0], Dq |-> {}] ],
  [type |-> 8, from |-> 1, to |-> 1, body |-> [id |-> 1, b |-> 1, c |-> 1]],
  [type |-> 8, from |-> 1, to |-> 2, body |-> [id |-> 1, b |-> 1, c |-> 1]],
  [type |-> 8, from |-> 1, to |-> 3, body |-> [id |-> 1, b |-> 1, c |-> 1]],
  [type |-> 8, from |-> 2, to |-> 1, body |-> [id |-> 1, b |-> 2, c |-> 1]],
  [type |-> 8, from |-> 2, to |-> 2, body |-> [id |-> 1, b |-> 2, c |-> 1]],
  [type |-> 8, from |-> 2, to |-> 3, body |-> [id |-> 1, b |-> 2, c |-> 1]] }
/\ Qvar = <<<<{}, {}>>, <<{}, {}>>, <<{}, {}>>>>
/\ ts = << <<[id |-> 1, t |-> 0], [id |-> 2, t |-> 2]>>,
   <<[id |-> 1, t |-> 0], [id |-> 0, t |-> 0]>>,
   <<[id |-> 0, t |-> 0], [id |-> 0, t |-> 0]>> >>
/\ Cvar = <<<<bottom, bottom>>, <<bottom, bottom>>, <<bottom, bottom>>>>
/\ recovered = <<<<1, 0>>, <<1, 0>>, <<0, 0>>>>
/\ initCoord = <<1, 1>>

State 7: <Next line 695, col 8 to line 700, col 27 of module AccordSpec>
/\ phase = <<<<2, 2>>, <<2, 1>>, <<1, 1>>>>
/\ abal = <<<<0, 0>>, <<0, 0>>, <<0, 0>>>>
/\ initTimestamp = <<[id |-> 1, t |-> 0], [id |-> 2, t |-> 2]>>
/\ bal = <<<<0, 0>>, <<0, 0>>, <<2, 0>>>>
/\ postWaitingFlag = <<<<FALSE, FALSE>>, <<FALSE, FALSE>>, <<FALSE, FALSE>>>>
/\ Wvar = <<<<{}, {}>>, <<{}, {}>>, <<{}, {}>>>>
/\ dep = <<<<{}, {1}>>, <<{}, {}>>, <<{}, {}>>>>
/\ recoveryAttemptBal = <<<<1, 0>>, <<2, 0>>, <<0, 0>>>>
/\ submitted = {1, 2}
/\ cmd = <<<<1, 2>>, <<1, bottom>>, <<1, bottom>>>>
/\ Dvar = <<<<{}, {}>>, <<{}, {}>>, <<{}, {}>>>>
/\ msgs = { [type |-> 1, from |-> 1, to |-> 2, body |-> [id |-> 2, c |-> 2, D0 |-> {1}]],
  [type |-> 1, from |-> 1, to |-> 3, body |-> [id |-> 1, c |-> 1, D0 |-> {}]],
  [type |-> 1, from |-> 1, to |-> 3, body |-> [id |-> 2, c |-> 2, D0 |-> {1}]],
  [ type |-> 2,
    from |-> 1,
    to |-> 1,
    body |-> [id |-> 1, tq |-> [id |-> 1, t |-> 0], Dq |-> {}] ],
  [ type |-> 2,
    from |-> 1,
    to |-> 1,
    body |-> [id |-> 2, tq |-> [id |-> 2, t |-> 2], Dq |-> {1}] ],
  [ type |-> 2,
    from |-> 2,
    to |-> 1,
    body |-> [id |-> 1, tq |-> [id |-> 1, t |-> 0], Dq |-> {}] ],
  [type |-> 8, from |-> 1, to |-> 1, body |-> [id |-> 1, b |-> 1, c |-> 1]],
  [type |-> 8, from |-> 1, to |-> 2, body |-> [id |-> 1, b |-> 1, c |-> 1]],
  [type |-> 8, from |-> 1, to |-> 3, body |-> [id |-> 1, b |-> 1, c |-> 1]],
  [type |-> 8, from |-> 2, to |-> 1, body |-> [id |-> 1, b |-> 2, c |-> 1]],
  [type |-> 8, from |-> 2, to |-> 2, body |-> [id |-> 1, b |-> 2, c |-> 1]],
  [ type |-> 9,
    from |-> 3,
    to |-> 2,
    body |->
        [ id |-> 1,
          b |-> 2,
          tq |-> [id |-> 0, t |-> 0],
          phaseq |-> 1,
          abalq |-> 0,
          cq |-> 1,
          depq |-> {},
          rejectq |-> FALSE,
          Wq |-> {},
          WPq |-> {} ] ] }
/\ Qvar = <<<<{}, {}>>, <<{}, {}>>, <<{}, {}>>>>
/\ ts = << <<[id |-> 1, t |-> 0], [id |-> 2, t |-> 2]>>,
   <<[id |-> 1, t |-> 0], [id |-> 0, t |-> 0]>>,
   <<[id |-> 0, t |-> 0], [id |-> 0, t |-> 0]>> >>
/\ Cvar = <<<<bottom, bottom>>, <<bottom, bottom>>, <<bottom, bottom>>>>
/\ recovered = <<<<1, 0>>, <<1, 0>>, <<0, 0>>>>
/\ initCoord = <<1, 1>>

State 8: <StartRecover line 438, col 5 to line 449, col 112 of module AccordSpec>
/\ phase = <<<<2, 2>>, <<2, 1>>, <<1, 1>>>>
/\ abal = <<<<0, 0>>, <<0, 0>>, <<0, 0>>>>
/\ initTimestamp = <<[id |-> 1, t |-> 0], [id |-> 2, t |-> 2]>>
/\ bal = <<<<0, 0>>, <<0, 0>>, <<2, 0>>>>
/\ postWaitingFlag = <<<<FALSE, FALSE>>, <<FALSE, FALSE>>, <<FALSE, FALSE>>>>
/\ Wvar = <<<<{}, {}>>, <<{}, {}>>, <<{}, {}>>>>
/\ dep = <<<<{}, {1}>>, <<{}, {}>>, <<{}, {}>>>>
/\ recoveryAttemptBal = <<<<1, 0>>, <<2, 0>>, <<0, 0>>>>
/\ submitted = {1, 2}
/\ cmd = <<<<1, 2>>, <<1, bottom>>, <<1, bottom>>>>
/\ Dvar = <<<<{}, {}>>, <<{}, {}>>, <<{}, {}>>>>
/\ msgs = { [type |-> 1, from |-> 1, to |-> 2, body |-> [id |-> 2, c |-> 2, D0 |-> {1}]],
  [type |-> 1, from |-> 1, to |-> 3, body |-> [id |-> 1, c |-> 1, D0 |-> {}]],
  [type |-> 1, from |-> 1, to |-> 3, body |-> [id |-> 2, c |-> 2, D0 |-> {1}]],
  [ type |-> 2,
    from |-> 1,
    to |-> 1,
    body |-> [id |-> 1, tq |-> [id |-> 1, t |-> 0], Dq |-> {}] ],
  [ type |-> 2,
    from |-> 1,
    to |-> 1,
    body |-> [id |-> 2, tq |-> [id |-> 2, t |-> 2], Dq |-> {1}] ],
  [ type |-> 2,
    from |-> 2,
    to |-> 1,
    body |-> [id |-> 1, tq |-> [id |-> 1, t |-> 0], Dq |-> {}] ],
  [type |-> 8, from |-> 1, to |-> 1, body |-> [id |-> 1, b |-> 1, c |-> 1]],
  [type |-> 8, from |-> 1, to |-> 2, body |-> [id |-> 1, b |-> 1, c |-> 1]],
  [type |-> 8, from |-> 1, to |-> 3, body |-> [id |-> 1, b |-> 1, c |-> 1]],
  [type |-> 8, from |-> 2, to |-> 1, body |-> [id |-> 1, b |-> 2, c |-> 1]],
  [type |-> 8, from |-> 2, to |-> 2, body |-> [id |-> 1, b |-> 2, c |-> 1]],
  [ type |-> 9,
    from |-> 3,
    to |-> 2,
    body |->
        [ id |-> 1,
          b |-> 2,
          tq |-> [id |-> 0, t |-> 0],
          phaseq |-> 1,
          abalq |-> 0,
          cq |-> 1,
          depq |-> {},
          rejectq |-> FALSE,
          Wq |-> {},
          WPq |-> {} ] ] }
/\ Qvar = <<<<{}, {}>>, <<{}, {}>>, <<{}, {}>>>>
/\ ts = << <<[id |-> 1, t |-> 0], [id |-> 2, t |-> 2]>>,
   <<[id |-> 1, t |-> 0], [id |-> 0, t |-> 0]>>,
   <<[id |-> 0, t |-> 0], [id |-> 0, t |-> 0]>> >>
/\ Cvar = <<<<bottom, bottom>>, <<bottom, bottom>>, <<bottom, bottom>>>>
/\ recovered = <<<<2, 0>>, <<1, 0>>, <<0, 0>>>>
/\ initCoord = <<1, 1>>

State 9: <Next line 695, col 8 to line 700, col 27 of module AccordSpec>
/\ phase = <<<<2, 2>>, <<2, 1>>, <<1, 1>>>>
/\ abal = <<<<0, 0>>, <<0, 0>>, <<0, 0>>>>
/\ initTimestamp = <<[id |-> 1, t |-> 0], [id |-> 2, t |-> 2]>>
/\ bal = <<<<0, 0>>, <<2, 0>>, <<2, 0>>>>
/\ postWaitingFlag = <<<<FALSE, FALSE>>, <<FALSE, FALSE>>, <<FALSE, FALSE>>>>
/\ Wvar = <<<<{}, {}>>, <<{}, {}>>, <<{}, {}>>>>
/\ dep = <<<<{}, {1}>>, <<{}, {}>>, <<{}, {}>>>>
/\ recoveryAttemptBal = <<<<1, 0>>, <<2, 0>>, <<0, 0>>>>
/\ submitted = {1, 2}
/\ cmd = <<<<1, 2>>, <<1, bottom>>, <<1, bottom>>>>
/\ Dvar = <<<<{}, {}>>, <<{}, {}>>, <<{}, {}>>>>
/\ msgs = { [type |-> 1, from |-> 1, to |-> 2, body |-> [id |-> 2, c |-> 2, D0 |-> {1}]],
  [type |-> 1, from |-> 1, to |-> 3, body |-> [id |-> 1, c |-> 1, D0 |-> {}]],
  [type |-> 1, from |-> 1, to |-> 3, body |-> [id |-> 2, c |-> 2, D0 |-> {1}]],
  [ type |-> 2,
    from |-> 1,
    to |-> 1,
    body |-> [id |-> 1, tq |-> [id |-> 1, t |-> 0], Dq |-> {}] ],
  [ type |-> 2,
    from |-> 1,
    to |-> 1,
    body |-> [id |-> 2, tq |-> [id |-> 2, t |-> 2], Dq |-> {1}] ],
  [ type |-> 2,
    from |-> 2,
    to |-> 1,
    body |-> [id |-> 1, tq |-> [id |-> 1, t |-> 0], Dq |-> {}] ],
  [type |-> 8, from |-> 1, to |-> 1, body |-> [id |-> 1, b |-> 1, c |-> 1]],
  [type |-> 8, from |-> 1, to |-> 2, body |-> [id |-> 1, b |-> 1, c |-> 1]],
  [type |-> 8, from |-> 1, to |-> 3, body |-> [id |-> 1, b |-> 1, c |-> 1]],
  [type |-> 8, from |-> 2, to |-> 1, body |-> [id |-> 1, b |-> 2, c |-> 1]],
  [ type |-> 9,
    from |-> 2,
    to |-> 2,
    body |->
        [ id |-> 1,
          b |-> 2,
          tq |-> [id |-> 1, t |-> 0],
          phaseq |-> 2,
          abalq |-> 0,
          cq |-> 1,
          depq |-> {},
          rejectq |-> FALSE,
          Wq |-> {},
          WPq |-> {} ] ],
  [ type |-> 9,
    from |-> 3,
    to |-> 2,
    body |->
        [ id |-> 1,
          b |-> 2,
          tq |-> [id |-> 0, t |-> 0],
          phaseq |-> 1,
          abalq |-> 0,
          cq |-> 1,
          depq |-> {},
          rejectq |-> FALSE,
          Wq |-> {},
          WPq |-> {} ] ] }
/\ Qvar = <<<<{}, {}>>, <<{}, {}>>, <<{}, {}>>>>
/\ ts = << <<[id |-> 1, t |-> 0], [id |-> 2, t |-> 2]>>,
   <<[id |-> 1, t |-> 0], [id |-> 0, t |-> 0]>>,
   <<[id |-> 0, t |-> 0], [id |-> 0, t |-> 0]>> >>
/\ Cvar = <<<<bottom, bottom>>, <<bottom, bottom>>, <<bottom, bottom>>>>
/\ recovered = <<<<2, 0>>, <<1, 0>>, <<0, 0>>>>
/\ initCoord = <<1, 1>>

State 10: <StartRecover line 438, col 5 to line 449, col 112 of module AccordSpec>
/\ phase = <<<<2, 2>>, <<2, 1>>, <<1, 1>>>>
/\ abal = <<<<0, 0>>, <<0, 0>>, <<0, 0>>>>
/\ initTimestamp = <<[id |-> 1, t |-> 0], [id |-> 2, t |-> 2]>>
/\ bal = <<<<0, 0>>, <<2, 0>>, <<2, 0>>>>
/\ postWaitingFlag = <<<<FALSE, FALSE>>, <<FALSE, FALSE>>, <<FALSE, FALSE>>>>
/\ Wvar = <<<<{}, {}>>, <<{}, {}>>, <<{}, {}>>>>
/\ dep = <<<<{}, {1}>>, <<{}, {}>>, <<{}, {}>>>>
/\ recoveryAttemptBal = <<<<1, 1>>, <<2, 0>>, <<0, 0>>>>
/\ submitted = {1, 2}
/\ cmd = <<<<1, 2>>, <<1, bottom>>, <<1, bottom>>>>
/\ Dvar = <<<<{}, {}>>, <<{}, {}>>, <<{}, {}>>>>
/\ msgs = { [type |-> 1, from |-> 1, to |-> 2, body |-> [id |-> 2, c |-> 2, D0 |-> {1}]],
  [type |-> 1, from |-> 1, to |-> 3, body |-> [id |-> 1, c |-> 1, D0 |-> {}]],
  [type |-> 1, from |-> 1, to |-> 3, body |-> [id |-> 2, c |-> 2, D0 |-> {1}]],
  [ type |-> 2,
    from |-> 1,
    to |-> 1,
    body |-> [id |-> 1, tq |-> [id |-> 1, t |-> 0], Dq |-> {}] ],
  [ type |-> 2,
    from |-> 1,
    to |-> 1,
    body |-> [id |-> 2, tq |-> [id |-> 2, t |-> 2], Dq |-> {1}] ],
  [ type |-> 2,
    from |-> 2,
    to |-> 1,
    body |-> [id |-> 1, tq |-> [id |-> 1, t |-> 0], Dq |-> {}] ],
  [type |-> 8, from |-> 1, to |-> 1, body |-> [id |-> 1, b |-> 1, c |-> 1]],
  [type |-> 8, from |-> 1, to |-> 1, body |-> [id |-> 2, b |-> 1, c |-> 2]],
  [type |-> 8, from |-> 1, to |-> 2, body |-> [id |-> 1, b |-> 1, c |-> 1]],
  [type |-> 8, from |-> 1, to |-> 2, body |-> [id |-> 2, b |-> 1, c |-> 2]],
  [type |-> 8, from |-> 1, to |-> 3, body |-> [id |-> 1, b |-> 1, c |-> 1]],
  [type |-> 8, from |-> 1, to |-> 3, body |-> [id |-> 2, b |-> 1, c |-> 2]],
  [type |-> 8, from |-> 2, to |-> 1, body |-> [id |-> 1, b |-> 2, c |-> 1]],
  [ type |-> 9,
    from |-> 2,
    to |-> 2,
    body |->
        [ id |-> 1,
          b |-> 2,
          tq |-> [id |-> 1, t |-> 0],
          phaseq |-> 2,
          abalq |-> 0,
          cq |-> 1,
          depq |-> {},
          rejectq |-> FALSE,
          Wq |-> {},
          WPq |-> {} ] ],
  [ type |-> 9,
    from |-> 3,
    to |-> 2,
    body |->
        [ id |-> 1,
          b |-> 2,
          tq |-> [id |-> 0, t |-> 0],
          phaseq |-> 1,
          abalq |-> 0,
          cq |-> 1,
          depq |-> {},
          rejectq |-> FALSE,
          Wq |-> {},
          WPq |-> {} ] ] }
/\ Qvar = <<<<{}, {}>>, <<{}, {}>>, <<{}, {}>>>>
/\ ts = << <<[id |-> 1, t |-> 0], [id |-> 2, t |-> 2]>>,
   <<[id |-> 1, t |-> 0], [id |-> 0, t |-> 0]>>,
   <<[id |-> 0, t |-> 0], [id |-> 0, t |-> 0]>> >>
/\ Cvar = <<<<bottom, bottom>>, <<bottom, bottom>>, <<bottom, bottom>>>>
/\ recovered = <<<<2, 1>>, <<1, 0>>, <<0, 0>>>>
/\ initCoord = <<1, 1>>

State 11: <StartRecover line 438, col 5 to line 449, col 112 of module AccordSpec>
/\ phase = <<<<2, 2>>, <<2, 1>>, <<1, 1>>>>
/\ abal = <<<<0, 0>>, <<0, 0>>, <<0, 0>>>>
/\ initTimestamp = <<[id |-> 1, t |-> 0], [id |-> 2, t |-> 2]>>
/\ bal = <<<<0, 0>>, <<2, 0>>, <<2, 0>>>>
/\ postWaitingFlag = <<<<FALSE, FALSE>>, <<FALSE, FALSE>>, <<FALSE, FALSE>>>>
/\ Wvar = <<<<{}, {}>>, <<{}, {}>>, <<{}, {}>>>>
/\ dep = <<<<{}, {1}>>, <<{}, {}>>, <<{}, {}>>>>
/\ recoveryAttemptBal = <<<<1, 1>>, <<5, 0>>, <<0, 0>>>>
/\ submitted = {1, 2}
/\ cmd = <<<<1, 2>>, <<1, bottom>>, <<1, bottom>>>>
/\ Dvar = <<<<{}, {}>>, <<{}, {}>>, <<{}, {}>>>>
/\ msgs = { [type |-> 1, from |-> 1, to |-> 2, body |-> [id |-> 2, c |-> 2, D0 |-> {1}]],
  [type |-> 1, from |-> 1, to |-> 3, body |-> [id |-> 1, c |-> 1, D0 |-> {}]],
  [type |-> 1, from |-> 1, to |-> 3, body |-> [id |-> 2, c |-> 2, D0 |-> {1}]],
  [ type |-> 2,
    from |-> 1,
    to |-> 1,
    body |-> [id |-> 1, tq |-> [id |-> 1, t |-> 0], Dq |-> {}] ],
  [ type |-> 2,
    from |-> 1,
    to |-> 1,
    body |-> [id |-> 2, tq |-> [id |-> 2, t |-> 2], Dq |-> {1}] ],
  [ type |-> 2,
    from |-> 2,
    to |-> 1,
    body |-> [id |-> 1, tq |-> [id |-> 1, t |-> 0], Dq |-> {}] ],
  [type |-> 8, from |-> 1, to |-> 1, body |-> [id |-> 1, b |-> 1, c |-> 1]],
  [type |-> 8, from |-> 1, to |-> 1, body |-> [id |-> 2, b |-> 1, c |-> 2]],
  [type |-> 8, from |-> 1, to |-> 2, body |-> [id |-> 1, b |-> 1, c |-> 1]],
  [type |-> 8, from |-> 1, to |-> 2, body |-> [id |-> 2, b |-> 1, c |-> 2]],
  [type |-> 8, from |-> 1, to |-> 3, body |-> [id |-> 1, b |-> 1, c |-> 1]],
  [type |-> 8, from |-> 1, to |-> 3, body |-> [id |-> 2, b |-> 1, c |-> 2]],
  [type |-> 8, from |-> 2, to |-> 1, body |-> [id |-> 1, b |-> 2, c |-> 1]],
  [type |-> 8, from |-> 2, to |-> 1, body |-> [id |-> 1, b |-> 5, c |-> 1]],
  [type |-> 8, from |-> 2, to |-> 2, body |-> [id |-> 1, b |-> 5, c |-> 1]],
  [type |-> 8, from |-> 2, to |-> 3, body |-> [id |-> 1, b |-> 5, c |-> 1]],
  [ type |-> 9,
    from |-> 2,
    to |-> 2,
    body |->
        [ id |-> 1,
          b |-> 2,
          tq |-> [id |-> 1, t |-> 0],
          phaseq |-> 2,
          abalq |-> 0,
          cq |-> 1,
          depq |-> {},
          rejectq |-> FALSE,
          Wq |-> {},
          WPq |-> {} ] ],
  [ type |-> 9,
    from |-> 3,
    to |-> 2,
    body |->
        [ id |-> 1,
          b |-> 2,
          tq |-> [id |-> 0, t |-> 0],
          phaseq |-> 1,
          abalq |-> 0,
          cq |-> 1,
          depq |-> {},
          rejectq |-> FALSE,
          Wq |-> {},
          WPq |-> {} ] ] }
/\ Qvar = <<<<{}, {}>>, <<{}, {}>>, <<{}, {}>>>>
/\ ts = << <<[id |-> 1, t |-> 0], [id |-> 2, t |-> 2]>>,
   <<[id |-> 1, t |-> 0], [id |-> 0, t |-> 0]>>,
   <<[id |-> 0, t |-> 0], [id |-> 0, t |-> 0]>> >>
/\ Cvar = <<<<bottom, bottom>>, <<bottom, bottom>>, <<bottom, bottom>>>>
/\ recovered = <<<<2, 1>>, <<2, 0>>, <<0, 0>>>>
/\ initCoord = <<1, 1>>

State 12: <StartRecover line 438, col 5 to line 449, col 112 of module AccordSpec>
/\ phase = <<<<2, 2>>, <<2, 1>>, <<1, 1>>>>
/\ abal = <<<<0, 0>>, <<0, 0>>, <<0, 0>>>>
/\ initTimestamp = <<[id |-> 1, t |-> 0], [id |-> 2, t |-> 2]>>
/\ bal = <<<<0, 0>>, <<2, 0>>, <<2, 0>>>>
/\ postWaitingFlag = <<<<FALSE, FALSE>>, <<FALSE, FALSE>>, <<FALSE, FALSE>>>>
/\ Wvar = <<<<{}, {}>>, <<{}, {}>>, <<{}, {}>>>>
/\ dep = <<<<{}, {1}>>, <<{}, {}>>, <<{}, {}>>>>
/\ recoveryAttemptBal = <<<<1, 1>>, <<5, 0>>, <<0, 0>>>>
/\ submitted = {1, 2}
/\ cmd = <<<<1, 2>>, <<1, bottom>>, <<1, bottom>>>>
/\ Dvar = <<<<{}, {}>>, <<{}, {}>>, <<{}, {}>>>>
/\ msgs = { [type |-> 1, from |-> 1, to |-> 2, body |-> [id |-> 2, c |-> 2, D0 |-> {1}]],
  [type |-> 1, from |-> 1, to |-> 3, body |-> [id |-> 1, c |-> 1, D0 |-> {}]],
  [type |-> 1, from |-> 1, to |-> 3, body |-> [id |-> 2, c |-> 2, D0 |-> {1}]],
  [ type |-> 2,
    from |-> 1,
    to |-> 1,
    body |-> [id |-> 1, tq |-> [id |-> 1, t |-> 0], Dq |-> {}] ],
  [ type |-> 2,
    from |-> 1,
    to |-> 1,
    body |-> [id |-> 2, tq |-> [id |-> 2, t |-> 2], Dq |-> {1}] ],
  [ type |-> 2,
    from |-> 2,
    to |-> 1,
    body |-> [id |-> 1, tq |-> [id |-> 1, t |-> 0], Dq |-> {}] ],
  [type |-> 8, from |-> 1, to |-> 1, body |-> [id |-> 1, b |-> 1, c |-> 1]],
  [type |-> 8, from |-> 1, to |-> 1, body |-> [id |-> 2, b |-> 1, c |-> 2]],
  [type |-> 8, from |-> 1, to |-> 2, body |-> [id |-> 1, b |-> 1, c |-> 1]],
  [type |-> 8, from |-> 1, to |-> 2, body |-> [id |-> 2, b |-> 1, c |-> 2]],
  [type |-> 8, from |-> 1, to |-> 3, body |-> [id |-> 1, b |-> 1, c |-> 1]],
  [type |-> 8, from |-> 1, to |-> 3, body |-> [id |-> 2, b |-> 1, c |-> 2]],
  [type |-> 8, from |-> 2, to |-> 1, body |-> [id |-> 1, b |-> 2, c |-> 1]],
  [type |-> 8, from |-> 2, to |-> 1, body |-> [id |-> 1, b |-> 5, c |-> 1]],
  [type |-> 8, from |-> 2, to |-> 2, body |-> [id |-> 1, b |-> 5, c |-> 1]],
  [type |-> 8, from |-> 2, to |-> 3, body |-> [id |-> 1, b |-> 5, c |-> 1]],
  [ type |-> 9,
    from |-> 2,
    to |-> 2,
    body |->
        [ id |-> 1,
          b |-> 2,
          tq |-> [id |-> 1, t |-> 0],
          phaseq |-> 2,
          abalq |-> 0,
          cq |-> 1,
          depq |-> {},
          rejectq |-> FALSE,
          Wq |-> {},
          WPq |-> {} ] ],
  [ type |-> 9,
    from |-> 3,
    to |-> 2,
    body |->
        [ id |-> 1,
          b |-> 2,
          tq |-> [id |-> 0, t |-> 0],
          phaseq |-> 1,
          abalq |-> 0,
          cq |-> 1,
          depq |-> {},
          rejectq |-> FALSE,
          Wq |-> {},
          WPq |-> {} ] ] }
/\ Qvar = <<<<{}, {}>>, <<{}, {}>>, <<{}, {}>>>>
/\ ts = << <<[id |-> 1, t |-> 0], [id |-> 2, t |-> 2]>>,
   <<[id |-> 1, t |-> 0], [id |-> 0, t |-> 0]>>,
   <<[id |-> 0, t |-> 0], [id |-> 0, t |-> 0]>> >>
/\ Cvar = <<<<bottom, bottom>>, <<bottom, bottom>>, <<bottom, bottom>>>>
/\ recovered = <<<<2, 2>>, <<2, 0>>, <<0, 0>>>>
/\ initCoord = <<1, 1>>

State 13: <StartRecover line 438, col 5 to line 449, col 112 of module AccordSpec>
/\ phase = <<<<2, 2>>, <<2, 1>>, <<1, 1>>>>
/\ abal = <<<<0, 0>>, <<0, 0>>, <<0, 0>>>>
/\ initTimestamp = <<[id |-> 1, t |-> 0], [id |-> 2, t |-> 2]>>
/\ bal = <<<<0, 0>>, <<2, 0>>, <<2, 0>>>>
/\ postWaitingFlag = <<<<FALSE, FALSE>>, <<FALSE, FALSE>>, <<FALSE, FALSE>>>>
/\ Wvar = <<<<{}, {}>>, <<{}, {}>>, <<{}, {}>>>>
/\ dep = <<<<{}, {1}>>, <<{}, {}>>, <<{}, {}>>>>
/\ recoveryAttemptBal = <<<<1, 1>>, <<5, 0>>, <<3, 0>>>>
/\ submitted = {1, 2}
/\ cmd = <<<<1, 2>>, <<1, bottom>>, <<1, bottom>>>>
/\ Dvar = <<<<{}, {}>>, <<{}, {}>>, <<{}, {}>>>>
/\ msgs = { [type |-> 1, from |-> 1, to |-> 2, body |-> [id |-> 2, c |-> 2, D0 |-> {1}]],
  [type |-> 1, from |-> 1, to |-> 3, body |-> [id |-> 1, c |-> 1, D0 |-> {}]],
  [type |-> 1, from |-> 1, to |-> 3, body |-> [id |-> 2, c |-> 2, D0 |-> {1}]],
  [ type |-> 2,
    from |-> 1,
    to |-> 1,
    body |-> [id |-> 1, tq |-> [id |-> 1, t |-> 0], Dq |-> {}] ],
  [ type |-> 2,
    from |-> 1,
    to |-> 1,
    body |-> [id |-> 2, tq |-> [id |-> 2, t |-> 2], Dq |-> {1}] ],
  [ type |-> 2,
    from |-> 2,
    to |-> 1,
    body |-> [id |-> 1, tq |-> [id |-> 1, t |-> 0], Dq |-> {}] ],
  [type |-> 8, from |-> 1, to |-> 1, body |-> [id |-> 1, b |-> 1, c |-> 1]],
  [type |-> 8, from |-> 1, to |-> 1, body |-> [id |-> 2, b |-> 1, c |-> 2]],
  [type |-> 8, from |-> 1, to |-> 2, body |-> [id |-> 1, b |-> 1, c |-> 1]],
  [type |-> 8, from |-> 1, to |-> 2, body |-> [id |-> 2, b |-> 1, c |-> 2]],
  [type |-> 8, from |-> 1, to |-> 3, body |-> [id |-> 1, b |-> 1, c |-> 1]],
  [type |-> 8, from |-> 1, to |-> 3, body |-> [id |-> 2, b |-> 1, c |-> 2]],
  [type |-> 8, from |-> 2, to |-> 1, body |-> [id |-> 1, b |-> 2, c |-> 1]],
  [type |-> 8, from |-> 2, to |-> 1, body |-> [id |-> 1, b |-> 5, c |-> 1]],
  [type |-> 8, from |-> 2, to |-> 2, body |-> [id |-> 1, b |-> 5, c |-> 1]],
  [type |-> 8, from |-> 2, to |-> 3, body |-> [id |-> 1, b |-> 5, c |-> 1]],
  [type |-> 8, from |-> 3, to |-> 1, body |-> [id |-> 1, b |-> 3, c |-> 0]],
  [type |-> 8, from |-> 3, to |-> 2, body |-> [id |-> 1, b |-> 3, c |-> 0]],
  [type |-> 8, from |-> 3, to |-> 3, body |-> [id |-> 1, b |-> 3, c |-> 0]],
  [ type |-> 9,
    from |-> 2,
    to |-> 2,
    body |->
        [ id |-> 1,
          b |-> 2,
          tq |-> [id |-> 1, t |-> 0],
          phaseq |-> 2,
          abalq |-> 0,
          cq |-> 1,
          depq |-> {},
          rejectq |-> FALSE,
          Wq |-> {},
          WPq |-> {} ] ],
  [ type |-> 9,
    from |-> 3,
    to |-> 2,
    body |->
        [ id |-> 1,
          b |-> 2,
          tq |-> [id |-> 0, t |-> 0],
          phaseq |-> 1,
          abalq |-> 0,
          cq |-> 1,
          depq |-> {},
          rejectq |-> FALSE,
          Wq |-> {},
          WPq |-> {} ] ] }
/\ Qvar = <<<<{}, {}>>, <<{}, {}>>, <<{}, {}>>>>
/\ ts = << <<[id |-> 1, t |-> 0], [id |-> 2, t |-> 2]>>,
   <<[id |-> 1, t |-> 0], [id |-> 0, t |-> 0]>>,
   <<[id |-> 0, t |-> 0], [id |-> 0, t |-> 0]>> >>
/\ Cvar = <<<<bottom, bottom>>, <<bottom, bottom>>, <<bottom, bottom>>>>
/\ recovered = <<<<2, 2>>, <<2, 0>>, <<1, 0>>>>
/\ initCoord = <<1, 1>>

State 14: <StartRecover line 438, col 5 to line 449, col 112 of module AccordSpec>
/\ phase = <<<<2, 2>>, <<2, 1>>, <<1, 1>>>>
/\ abal = <<<<0, 0>>, <<0, 0>>, <<0, 0>>>>
/\ initTimestamp = <<[id |-> 1, t |-> 0], [id |-> 2, t |-> 2]>>
/\ bal = <<<<0, 0>>, <<2, 0>>, <<2, 0>>>>
/\ postWaitingFlag = <<<<FALSE, FALSE>>, <<FALSE, FALSE>>, <<FALSE, FALSE>>>>
/\ Wvar = <<<<{}, {}>>, <<{}, {}>>, <<{}, {}>>>>
/\ dep = <<<<{}, {1}>>, <<{}, {}>>, <<{}, {}>>>>
/\ recoveryAttemptBal = <<<<1, 1>>, <<5, 0>>, <<3, 0>>>>
/\ submitted = {1, 2}
/\ cmd = <<<<1, 2>>, <<1, bottom>>, <<1, bottom>>>>
/\ Dvar = <<<<{}, {}>>, <<{}, {}>>, <<{}, {}>>>>
/\ msgs = { [type |-> 1, from |-> 1, to |-> 2, body |-> [id |-> 2, c |-> 2, D0 |-> {1}]],
  [type |-> 1, from |-> 1, to |-> 3, body |-> [id |-> 1, c |-> 1, D0 |-> {}]],
  [type |-> 1, from |-> 1, to |-> 3, body |-> [id |-> 2, c |-> 2, D0 |-> {1}]],
  [ type |-> 2,
    from |-> 1,
    to |-> 1,
    body |-> [id |-> 1, tq |-> [id |-> 1, t |-> 0], Dq |-> {}] ],
  [ type |-> 2,
    from |-> 1,
    to |-> 1,
    body |-> [id |-> 2, tq |-> [id |-> 2, t |-> 2], Dq |-> {1}] ],
  [ type |-> 2,
    from |-> 2,
    to |-> 1,
    body |-> [id |-> 1, tq |-> [id |-> 1, t |-> 0], Dq |-> {}] ],
  [type |-> 8, from |-> 1, to |-> 1, body |-> [id |-> 1, b |-> 1, c |-> 1]],
  [type |-> 8, from |-> 1, to |-> 1, body |-> [id |-> 2, b |-> 1, c |-> 2]],
  [type |-> 8, from |-> 1, to |-> 2, body |-> [id |-> 1, b |-> 1, c |-> 1]],
  [type |-> 8, from |-> 1, to |-> 2, body |-> [id |-> 2, b |-> 1, c |-> 2]],
  [type |-> 8, from |-> 1, to |-> 3, body |-> [id |-> 1, b |-> 1, c |-> 1]],
  [type |-> 8, from |-> 1, to |-> 3, body |-> [id |-> 2, b |-> 1, c |-> 2]],
  [type |-> 8, from |-> 2, to |-> 1, body |-> [id |-> 1, b |-> 2, c |-> 1]],
  [type |-> 8, from |-> 2, to |-> 1, body |-> [id |-> 1, b |-> 5, c |-> 1]],
  [type |-> 8, from |-> 2, to |-> 2, body |-> [id |-> 1, b |-> 5, c |-> 1]],
  [type |-> 8, from |-> 2, to |-> 3, body |-> [id |-> 1, b |-> 5, c |-> 1]],
  [type |-> 8, from |-> 3, to |-> 1, body |-> [id |-> 1, b |-> 3, c |-> 0]],
  [type |-> 8, from |-> 3, to |-> 2, body |-> [id |-> 1, b |-> 3, c |-> 0]],
  [type |-> 8, from |-> 3, to |-> 3, body |-> [id |-> 1, b |-> 3, c |-> 0]],
  [ type |-> 9,
    from |-> 2,
    to |-> 2,
    body |->
        [ id |-> 1,
          b |-> 2,
          tq |-> [id |-> 1, t |-> 0],
          phaseq |-> 2,
          abalq |-> 0,
          cq |-> 1,
          depq |-> {},
          rejectq |-> FALSE,
          Wq |-> {},
          WPq |-> {} ] ],
  [ type |-> 9,
    from |-> 3,
    to |-> 2,
    body |->
        [ id |-> 1,
          b |-> 2,
          tq |-> [id |-> 0, t |-> 0],
          phaseq |-> 1,
          abalq |-> 0,
          cq |-> 1,
          depq |-> {},
          rejectq |-> FALSE,
          Wq |-> {},
          WPq |-> {} ] ] }
/\ Qvar = <<<<{}, {}>>, <<{}, {}>>, <<{}, {}>>>>
/\ ts = << <<[id |-> 1, t |-> 0], [id |-> 2, t |-> 2]>>,
   <<[id |-> 1, t |-> 0], [id |-> 0, t |-> 0]>>,
   <<[id |-> 0, t |-> 0], [id |-> 0, t |-> 0]>> >>
/\ Cvar = <<<<bottom, bottom>>, <<bottom, bottom>>, <<bottom, bottom>>>>
/\ recovered = <<<<2, 2>>, <<2, 0>>, <<2, 0>>>>
/\ initCoord = <<1, 1>>

State 15: <Next line 695, col 8 to line 700, col 27 of module AccordSpec>
/\ phase = <<<<2, 2>>, <<2, 1>>, <<1, 1>>>>
/\ abal = <<<<0, 0>>, <<0, 0>>, <<0, 0>>>>
/\ initTimestamp = <<[id |-> 1, t |-> 0], [id |-> 2, t |-> 2]>>
/\ bal = <<<<1, 0>>, <<2, 0>>, <<2, 0>>>>
/\ postWaitingFlag = <<<<FALSE, FALSE>>, <<FALSE, FALSE>>, <<FALSE, FALSE>>>>
/\ Wvar = <<<<{}, {}>>, <<{}, {}>>, <<{}, {}>>>>
/\ dep = <<<<{}, {1}>>, <<{}, {}>>, <<{}, {}>>>>
/\ recoveryAttemptBal = <<<<1, 1>>, <<5, 0>>, <<3, 0>>>>
/\ submitted = {1, 2}
/\ cmd = <<<<1, 2>>, <<1, bottom>>, <<1, bottom>>>>
/\ Dvar = <<<<{}, {}>>, <<{}, {}>>, <<{}, {}>>>>
/\ msgs = { [type |-> 1, from |-> 1, to |-> 2, body |-> [id |-> 2, c |-> 2, D0 |-> {1}]],
  [type |-> 1, from |-> 1, to |-> 3, body |-> [id |-> 1, c |-> 1, D0 |-> {}]],
  [type |-> 1, from |-> 1, to |-> 3, body |-> [id |-> 2, c |-> 2, D0 |-> {1}]],
  [ type |-> 2,
    from |-> 1,
    to |-> 1,
    body |-> [id |-> 1, tq |-> [id |-> 1, t |-> 0], Dq |-> {}] ],
  [ type |-> 2,
    from |-> 1,
    to |-> 1,
    body |-> [id |-> 2, tq |-> [id |-> 2, t |-> 2], Dq |-> {1}] ],
  [ type |-> 2,
    from |-> 2,
    to |-> 1,
    body |-> [id |-> 1, tq |-> [id |-> 1, t |-> 0], Dq |-> {}] ],
  [type |-> 8, from |-> 1, to |-> 1, body |-> [id |-> 2, b |-> 1, c |-> 2]],
  [type |-> 8, from |-> 1, to |-> 2, body |-> [id |-> 1, b |-> 1, c |-> 1]],
  [type |-> 8, from |-> 1, to |-> 2, body |-> [id |-> 2, b |-> 1, c |-> 2]],
  [type |-> 8, from |-> 1, to |-> 3, body |-> [id |-> 1, b |-> 1, c |-> 1]],
  [type |-> 8, from |-> 1, to |-> 3, body |-> [id |-> 2, b |-> 1, c |-> 2]],
  [type |-> 8, from |-> 2, to |-> 1, body |-> [id |-> 1, b |-> 2, c |-> 1]],
  [type |-> 8, from |-> 2, to |-> 1, body |-> [id |-> 1, b |-> 5, c |-> 1]],
  [type |-> 8, from |-> 2, to |-> 2, body |-> [id |-> 1, b |-> 5, c |-> 1]],
  [type |-> 8, from |-> 2, to |-> 3, body |-> [id |-> 1, b |-> 5, c |-> 1]],
  [type |-> 8, from |-> 3, to |-> 1, body |-> [id |-> 1, b |-> 3, c |-> 0]],
  [type |-> 8, from |-> 3, to |-> 2, body |-> [id |-> 1, b |-> 3, c |-> 0]],
  [type |-> 8, from |-> 3, to |-> 3, body |-> [id |-> 1, b |-> 3, c |-> 0]],
  [ type |-> 9,
    from |-> 1,
    to |-> 1,
    body |->
        [ id |-> 1,
          b |-> 1,
          tq |-> [id |-> 1, t |-> 0],
          phaseq |-> 2,
          abalq |-> 0,
          cq |-> 1,
          depq |-> {},
          rejectq |-> FALSE,
          Wq |-> {},
          WPq |-> {} ] ],
  [ type |-> 9,
    from |-> 2,
    to |-> 2,
    body |->
        [ id |-> 1,
          b |-> 2,
          tq |-> [id |-> 1, t |-> 0],
          phaseq |-> 2,
          abalq |-> 0,
          cq |-> 1,
          depq |-> {},
          rejectq |-> FALSE,
          Wq |-> {},
          WPq |-> {} ] ],
  [ type |-> 9,
    from |-> 3,
    to |-> 2,
    body |->
        [ id |-> 1,
          b |-> 2,
          tq |-> [id |-> 0, t |-> 0],
          phaseq |-> 1,
          abalq |-> 0,
          cq |-> 1,
          depq |-> {},
          rejectq |-> FALSE,
          Wq |-> {},
          WPq |-> {} ] ] }
/\ Qvar = <<<<{}, {}>>, <<{}, {}>>, <<{}, {}>>>>
/\ ts = << <<[id |-> 1, t |-> 0], [id |-> 2, t |-> 2]>>,
   <<[id |-> 1, t |-> 0], [id |-> 0, t |-> 0]>>,
   <<[id |-> 0, t |-> 0], [id |-> 0, t |-> 0]>> >>
/\ Cvar = <<<<bottom, bottom>>, <<bottom, bottom>>, <<bottom, bottom>>>>
/\ recovered = <<<<2, 2>>, <<2, 0>>, <<2, 0>>>>
/\ initCoord = <<1, 1>>

State 16: <HandleRecoverOK line 490, col 5 to line 580, col 68 of module AccordSpec>
/\ phase = <<<<2, 2>>, <<2, 1>>, <<1, 1>>>>
/\ abal = <<<<0, 0>>, <<0, 0>>, <<0, 0>>>>
/\ initTimestamp = <<[id |-> 1, t |-> 0], [id |-> 2, t |-> 2]>>
/\ bal = <<<<1, 0>>, <<2, 0>>, <<2, 0>>>>
/\ postWaitingFlag = <<<<FALSE, FALSE>>, <<TRUE, FALSE>>, <<FALSE, FALSE>>>>
/\ Wvar = <<<<{}, {}>>, <<{}, {}>>, <<{}, {}>>>>
/\ dep = <<<<{}, {1}>>, <<{}, {}>>, <<{}, {}>>>>
/\ recoveryAttemptBal = <<<<1, 1>>, <<5, 0>>, <<3, 0>>>>
/\ submitted = {1, 2}
/\ cmd = <<<<1, 2>>, <<1, bottom>>, <<1, bottom>>>>
/\ Dvar = <<<<{}, {}>>, <<{}, {}>>, <<{}, {}>>>>
/\ msgs = { [type |-> 1, from |-> 1, to |-> 2, body |-> [id |-> 2, c |-> 2, D0 |-> {1}]],
  [type |-> 1, from |-> 1, to |-> 3, body |-> [id |-> 1, c |-> 1, D0 |-> {}]],
  [type |-> 1, from |-> 1, to |-> 3, body |-> [id |-> 2, c |-> 2, D0 |-> {1}]],
  [ type |-> 2,
    from |-> 1,
    to |-> 1,
    body |-> [id |-> 1, tq |-> [id |-> 1, t |-> 0], Dq |-> {}] ],
  [ type |-> 2,
    from |-> 1,
    to |-> 1,
    body |-> [id |-> 2, tq |-> [id |-> 2, t |-> 2], Dq |-> {1}] ],
  [ type |-> 2,
    from |-> 2,
    to |-> 1,
    body |-> [id |-> 1, tq |-> [id |-> 1, t |-> 0], Dq |-> {}] ],
  [type |-> 8, from |-> 1, to |-> 1, body |-> [id |-> 2, b |-> 1, c |-> 2]],
  [type |-> 8, from |-> 1, to |-> 2, body |-> [id |-> 1, b |-> 1, c |-> 1]],
  [type |-> 8, from |-> 1, to |-> 2, body |-> [id |-> 2, b |-> 1, c |-> 2]],
  [type |-> 8, from |-> 1, to |-> 3, body |-> [id |-> 1, b |-> 1, c |-> 1]],
  [type |-> 8, from |-> 1, to |-> 3, body |-> [id |-> 2, b |-> 1, c |-> 2]],
  [type |-> 8, from |-> 2, to |-> 1, body |-> [id |-> 1, b |-> 2, c |-> 1]],
  [type |-> 8, from |-> 2, to |-> 1, body |-> [id |-> 1, b |-> 5, c |-> 1]],
  [type |-> 8, from |-> 2, to |-> 2, body |-> [id |-> 1, b |-> 5, c |-> 1]],
  [type |-> 8, from |-> 2, to |-> 3, body |-> [id |-> 1, b |-> 5, c |-> 1]],
  [type |-> 8, from |-> 3, to |-> 1, body |-> [id |-> 1, b |-> 3, c |-> 0]],
  [type |-> 8, from |-> 3, to |-> 2, body |-> [id |-> 1, b |-> 3, c |-> 0]],
  [type |-> 8, from |-> 3, to |-> 3, body |-> [id |-> 1, b |-> 3, c |-> 0]],
  [ type |-> 9,
    from |-> 1,
    to |-> 1,
    body |->
        [ id |-> 1,
          b |-> 1,
          tq |-> [id |-> 1, t |-> 0],
          phaseq |-> 2,
          abalq |-> 0,
          cq |-> 1,
          depq |-> {},
          rejectq |-> FALSE,
          Wq |-> {},
          WPq |-> {} ] ] }
/\ Qvar = <<<<{}, {}>>, <<{2, 3}, {}>>, <<{}, {}>>>>
/\ ts = << <<[id |-> 1, t |-> 0], [id |-> 2, t |-> 2]>>,
   <<[id |-> 1, t |-> 0], [id |-> 0, t |-> 0]>>,
   <<[id |-> 0, t |-> 0], [id |-> 0, t |-> 0]>> >>
/\ Cvar = <<<<bottom, bottom>>, <<1, bottom>>, <<bottom, bottom>>>>
/\ recovered = <<<<2, 2>>, <<2, 0>>, <<2, 0>>>>
/\ initCoord = <<1, 1>>

State 17: <Next line 695, col 8 to line 700, col 27 of module AccordSpec>
/\ phase = <<<<2, 2>>, <<2, 1>>, <<1, 1>>>>
/\ abal = <<<<0, 0>>, <<0, 0>>, <<0, 0>>>>
/\ initTimestamp = <<[id |-> 1, t |-> 0], [id |-> 2, t |-> 2]>>
/\ bal = <<<<1, 1>>, <<2, 0>>, <<2, 0>>>>
/\ postWaitingFlag = <<<<FALSE, FALSE>>, <<TRUE, FALSE>>, <<FALSE, FALSE>>>>
/\ Wvar = <<<<{}, {}>>, <<{}, {}>>, <<{}, {}>>>>
/\ dep = <<<<{}, {1}>>, <<{}, {}>>, <<{}, {}>>>>
/\ recoveryAttemptBal = <<<<1, 1>>, <<5, 0>>, <<3, 0>>>>
/\ submitted = {1, 2}
/\ cmd = <<<<1, 2>>, <<1, bottom>>, <<1, bottom>>>>
/\ Dvar = <<<<{}, {}>>, <<{}, {}>>, <<{}, {}>>>>
/\ msgs = { [type |-> 1, from |-> 1, to |-> 2, body |-> [id |-> 2, c |-> 2, D0 |-> {1}]],
  [type |-> 1, from |-> 1, to |-> 3, body |-> [id |-> 1, c |-> 1, D0 |-> {}]],
  [type |-> 1, from |-> 1, to |-> 3, body |-> [id |-> 2, c |-> 2, D0 |-> {1}]],
  [ type |-> 2,
    from |-> 1,
    to |-> 1,
    body |-> [id |-> 1, tq |-> [id |-> 1, t |-> 0], Dq |-> {}] ],
  [ type |-> 2,
    from |-> 1,
    to |-> 1,
    body |-> [id |-> 2, tq |-> [id |-> 2, t |-> 2], Dq |-> {1}] ],
  [ type |-> 2,
    from |-> 2,
    to |-> 1,
    body |-> [id |-> 1, tq |-> [id |-> 1, t |-> 0], Dq |-> {}] ],
  [type |-> 8, from |-> 1, to |-> 2, body |-> [id |-> 1, b |-> 1, c |-> 1]],
  [type |-> 8, from |-> 1, to |-> 2, body |-> [id |-> 2, b |-> 1, c |-> 2]],
  [type |-> 8, from |-> 1, to |-> 3, body |-> [id |-> 1, b |-> 1, c |-> 1]],
  [type |-> 8, from |-> 1, to |-> 3, body |-> [id |-> 2, b |-> 1, c |-> 2]],
  [type |-> 8, from |-> 2, to |-> 1, body |-> [id |-> 1, b |-> 2, c |-> 1]],
  [type |-> 8, from |-> 2, to |-> 1, body |-> [id |-> 1, b |-> 5, c |-> 1]],
  [type |-> 8, from |-> 2, to |-> 2, body |-> [id |-> 1, b |-> 5, c |-> 1]],
  [type |-> 8, from |-> 2, to |-> 3, body |-> [id |-> 1, b |-> 5, c |-> 1]],
  [type |-> 8, from |-> 3, to |-> 1, body |-> [id |-> 1, b |-> 3, c |-> 0]],
  [type |-> 8, from |-> 3, to |-> 2, body |-> [id |-> 1, b |-> 3, c |-> 0]],
  [type |-> 8, from |-> 3, to |-> 3, body |-> [id |-> 1, b |-> 3, c |-> 0]],
  [ type |-> 9,
    from |-> 1,
    to |-> 1,
    body |->
        [ id |-> 1,
          b |-> 1,
          tq |-> [id |-> 1, t |-> 0],
          phaseq |-> 2,
          abalq |-> 0,
          cq |-> 1,
          depq |-> {},
          rejectq |-> FALSE,
          Wq |-> {},
          WPq |-> {} ] ],
  [ type |-> 9,
    from |-> 1,
    to |-> 1,
    body |->
        [ id |-> 2,
          b |-> 1,
          tq |-> [id |-> 2, t |-> 2],
          phaseq |-> 2,
          abalq |-> 0,
          cq |-> 2,
          depq |-> {1},
          rejectq |-> FALSE,
          Wq |-> {<<1, 0>>},
          WPq |-> {} ] ] }
/\ Qvar = <<<<{}, {}>>, <<{2, 3}, {}>>, <<{}, {}>>>>
/\ ts = << <<[id |-> 1, t |-> 0], [id |-> 2, t |-> 2]>>,
   <<[id |-> 1, t |-> 0], [id |-> 0, t |-> 0]>>,
   <<[id |-> 0, t |-> 0], [id |-> 0, t |-> 0]>> >>
/\ Cvar = <<<<bottom, bottom>>, <<1, bottom>>, <<bottom, bottom>>>>
/\ recovered = <<<<2, 2>>, <<2, 0>>, <<2, 0>>>>
/\ initCoord = <<1, 1>>

State 18: <Next line 695, col 8 to line 700, col 27 of module AccordSpec>
/\ phase = <<<<2, 2>>, <<2, 1>>, <<1, 1>>>>
/\ abal = <<<<0, 0>>, <<0, 0>>, <<0, 0>>>>
/\ initTimestamp = <<[id |-> 1, t |-> 0], [id |-> 2, t |-> 2]>>
/\ bal = <<<<3, 1>>, <<2, 0>>, <<2, 0>>>>
/\ postWaitingFlag = <<<<FALSE, FALSE>>, <<TRUE, FALSE>>, <<FALSE, FALSE>>>>
/\ Wvar = <<<<{}, {}>>, <<{}, {}>>, <<{}, {}>>>>
/\ dep = <<<<{}, {1}>>, <<{}, {}>>, <<{}, {}>>>>
/\ recoveryAttemptBal = <<<<1, 1>>, <<5, 0>>, <<3, 0>>>>
/\ submitted = {1, 2}
/\ cmd = <<<<1, 2>>, <<1, bottom>>, <<1, bottom>>>>
/\ Dvar = <<<<{}, {}>>, <<{}, {}>>, <<{}, {}>>>>
/\ msgs = { [type |-> 1, from |-> 1, to |-> 2, body |-> [id |-> 2, c |-> 2, D0 |-> {1}]],
  [type |-> 1, from |-> 1, to |-> 3, body |-> [id |-> 1, c |-> 1, D0 |-> {}]],
  [type |-> 1, from |-> 1, to |-> 3, body |-> [id |-> 2, c |-> 2, D0 |-> {1}]],
  [ type |-> 2,
    from |-> 1,
    to |-> 1,
    body |-> [id |-> 1, tq |-> [id |-> 1, t |-> 0], Dq |-> {}] ],
  [ type |-> 2,
    from |-> 1,
    to |-> 1,
    body |-> [id |-> 2, tq |-> [id |-> 2, t |-> 2], Dq |-> {1}] ],
  [ type |-> 2,
    from |-> 2,
    to |-> 1,
    body |-> [id |-> 1, tq |-> [id |-> 1, t |-> 0], Dq |-> {}] ],
  [type |-> 8, from |-> 1, to |-> 2, body |-> [id |-> 1, b |-> 1, c |-> 1]],
  [type |-> 8, from |-> 1, to |-> 2, body |-> [id |-> 2, b |-> 1, c |-> 2]],
  [type |-> 8, from |-> 1, to |-> 3, body |-> [id |-> 1, b |-> 1, c |-> 1]],
  [type |-> 8, from |-> 1, to |-> 3, body |-> [id |-> 2, b |-> 1, c |-> 2]],
  [type |-> 8, from |-> 2, to |-> 1, body |-> [id |-> 1, b |-> 2, c |-> 1]],
  [type |-> 8, from |-> 2, to |-> 1, body |-> [id |-> 1, b |-> 5, c |-> 1]],
  [type |-> 8, from |-> 2, to |-> 2, body |-> [id |-> 1, b |-> 5, c |-> 1]],
  [type |-> 8, from |-> 2, to |-> 3, body |-> [id |-> 1, b |-> 5, c |-> 1]],
  [type |-> 8, from |-> 3, to |-> 2, body |-> [id |-> 1, b |-> 3, c |-> 0]],
  [type |-> 8, from |-> 3, to |-> 3, body |-> [id |-> 1, b |-> 3, c |-> 0]],
  [ type |-> 9,
    from |-> 1,
    to |-> 1,
    body |->
        [ id |-> 1,
          b |-> 1,
          tq |-> [id |-> 1, t |-> 0],
          phaseq |-> 2,
          abalq |-> 0,
          cq |-> 1,
          depq |-> {},
          rejectq |-> FALSE,
          Wq |-> {},
          WPq |-> {} ] ],
  [ type |-> 9,
    from |-> 1,
    to |-> 1,
    body |->
        [ id |-> 2,
          b |-> 1,
          tq |-> [id |-> 2, t |-> 2],
          phaseq |-> 2,
          abalq |-> 0,
          cq |-> 2,
          depq |-> {1},
          rejectq |-> FALSE,
          Wq |-> {<<1, 0>>},
          WPq |-> {} ] ],
  [ type |-> 9,
    from |-> 1,
    to |-> 3,
    body |->
        [ id |-> 1,
          b |-> 3,
          tq |-> [id |-> 1, t |-> 0],
          phaseq |-> 2,
          abalq |-> 0,
          cq |-> 1,
          depq |-> {},
          rejectq |-> FALSE,
          Wq |-> {},
          WPq |-> {} ] ] }
/\ Qvar = <<<<{}, {}>>, <<{2, 3}, {}>>, <<{}, {}>>>>
/\ ts = << <<[id |-> 1, t |-> 0], [id |-> 2, t |-> 2]>>,
   <<[id |-> 1, t |-> 0], [id |-> 0, t |-> 0]>>,
   <<[id |-> 0, t |-> 0], [id |-> 0, t |-> 0]>> >>
/\ Cvar = <<<<bottom, bottom>>, <<1, bottom>>, <<bottom, bottom>>>>
/\ recovered = <<<<2, 2>>, <<2, 0>>, <<2, 0>>>>
/\ initCoord = <<1, 1>>

State 19: <Next line 695, col 8 to line 700, col 27 of module AccordSpec>
/\ phase = <<<<2, 2>>, <<2, 1>>, <<1, 1>>>>
/\ abal = <<<<0, 0>>, <<0, 0>>, <<0, 0>>>>
/\ initTimestamp = <<[id |-> 1, t |-> 0], [id |-> 2, t |-> 2]>>
/\ bal = <<<<3, 1>>, <<2, 0>>, <<3, 0>>>>
/\ postWaitingFlag = <<<<FALSE, FALSE>>, <<TRUE, FALSE>>, <<FALSE, FALSE>>>>
/\ Wvar = <<<<{}, {}>>, <<{}, {}>>, <<{}, {}>>>>
/\ dep = <<<<{}, {1}>>, <<{}, {}>>, <<{}, {}>>>>
/\ recoveryAttemptBal = <<<<1, 1>>, <<5, 0>>, <<3, 0>>>>
/\ submitted = {1, 2}
/\ cmd = <<<<1, 2>>, <<1, bottom>>, <<0, bottom>>>>
/\ Dvar = <<<<{}, {}>>, <<{}, {}>>, <<{}, {}>>>>
/\ msgs = { [type |-> 1, from |-> 1, to |-> 2, body |-> [id |-> 2, c |-> 2, D0 |-> {1}]],
  [type |-> 1, from |-> 1, to |-> 3, body |-> [id |-> 1, c |-> 1, D0 |-> {}]],
  [type |-> 1, from |-> 1, to |-> 3, body |-> [id |-> 2, c |-> 2, D0 |-> {1}]],
  [ type |-> 2,
    from |-> 1,
    to |-> 1,
    body |-> [id |-> 1, tq |-> [id |-> 1, t |-> 0], Dq |-> {}] ],
  [ type |-> 2,
    from |-> 1,
    to |-> 1,
    body |-> [id |-> 2, tq |-> [id |-> 2, t |-> 2], Dq |-> {1}] ],
  [ type |-> 2,
    from |-> 2,
    to |-> 1,
    body |-> [id |-> 1, tq |-> [id |-> 1, t |-> 0], Dq |-> {}] ],
  [type |-> 8, from |-> 1, to |-> 2, body |-> [id |-> 1, b |-> 1, c |-> 1]],
  [type |-> 8, from |-> 1, to |-> 2, body |-> [id |-> 2, b |-> 1, c |-> 2]],
  [type |-> 8, from |-> 1, to |-> 3, body |-> [id |-> 1, b |-> 1, c |-> 1]],
  [type |-> 8, from |-> 1, to |-> 3, body |-> [id |-> 2, b |-> 1, c |-> 2]],
  [type |-> 8, from |-> 2, to |-> 1, body |-> [id |-> 1, b |-> 2, c |-> 1]],
  [type |-> 8, from |-> 2, to |-> 1, body |-> [id |-> 1, b |-> 5, c |-> 1]],
  [type |-> 8, from |-> 2, to |-> 2, body |-> [id |-> 1, b |-> 5, c |-> 1]],
  [type |-> 8, from |-> 2, to |-> 3, body |-> [id |-> 1, b |-> 5, c |-> 1]],
  [type |-> 8, from |-> 3, to |-> 2, body |-> [id |-> 1, b |-> 3, c |-> 0]],
  [ type |-> 9,
    from |-> 1,
    to |-> 1,
    body |->
        [ id |-> 1,
          b |-> 1,
          tq |-> [id |-> 1, t |-> 0],
          phaseq |-> 2,
          abalq |-> 0,
          cq |-> 1,
          depq |-> {},
          rejectq |-> FALSE,
          Wq |-> {},
          WPq |-> {} ] ],
  [ type |-> 9,
    from |-> 1,
    to |-> 1,
    body |->
        [ id |-> 2,
          b |-> 1,
          tq |-> [id |-> 2, t |-> 2],
          phaseq |-> 2,
          abalq |-> 0,
          cq |-> 2,
          depq |-> {1},
          rejectq |-> FALSE,
          Wq |-> {<<1, 0>>},
          WPq |-> {} ] ],
  [ type |-> 9,
    from |-> 1,
    to |-> 3,
    body |->
        [ id |-> 1,
          b |-> 3,
          tq |-> [id |-> 1, t |-> 0],
          phaseq |-> 2,
          abalq |-> 0,
          cq |-> 1,
          depq |-> {},
          rejectq |-> FALSE,
          Wq |-> {},
          WPq |-> {} ] ],
  [ type |-> 9,
    from |-> 3,
    to |-> 3,
    body |->
        [ id |-> 1,
          b |-> 3,
          tq |-> [id |-> 0, t |-> 0],
          phaseq |-> 1,
          abalq |-> 0,
          cq |-> 0,
          depq |-> {},
          rejectq |-> FALSE,
          Wq |-> {},
          WPq |-> {} ] ] }
/\ Qvar = <<<<{}, {}>>, <<{2, 3}, {}>>, <<{}, {}>>>>
/\ ts = << <<[id |-> 1, t |-> 0], [id |-> 2, t |-> 2]>>,
   <<[id |-> 1, t |-> 0], [id |-> 0, t |-> 0]>>,
   <<[id |-> 0, t |-> 0], [id |-> 0, t |-> 0]>> >>
/\ Cvar = <<<<bottom, bottom>>, <<1, bottom>>, <<bottom, bottom>>>>
/\ recovered = <<<<2, 2>>, <<2, 0>>, <<2, 0>>>>
/\ initCoord = <<1, 1>>

State 20: <HandleRecoverOK line 490, col 5 to line 580, col 68 of module AccordSpec>
/\ phase = <<<<2, 2>>, <<2, 1>>, <<3, 1>>>>
/\ abal = <<<<0, 0>>, <<0, 0>>, <<3, 0>>>>
/\ initTimestamp = <<[id |-> 1, t |-> 0], [id |-> 2, t |-> 2]>>
/\ bal = <<<<3, 1>>, <<2, 0>>, <<3, 0>>>>
/\ postWaitingFlag = <<<<FALSE, FALSE>>, <<TRUE, FALSE>>, <<FALSE, FALSE>>>>
/\ Wvar = <<<<{}, {}>>, <<{}, {}>>, <<{}, {}>>>>
/\ dep = <<<<{}, {1}>>, <<{}, {}>>, <<{}, {}>>>>
/\ recoveryAttemptBal = <<<<1, 1>>, <<5, 0>>, <<3, 0>>>>
/\ submitted = {1, 2}
/\ cmd = <<<<1, 2>>, <<1, bottom>>, <<0, bottom>>>>
/\ Dvar = <<<<{}, {}>>, <<{}, {}>>, <<{}, {}>>>>
/\ msgs = { [type |-> 1, from |-> 1, to |-> 2, body |-> [id |-> 2, c |-> 2, D0 |-> {1}]],
  [type |-> 1, from |-> 1, to |-> 3, body |-> [id |-> 1, c |-> 1, D0 |-> {}]],
  [type |-> 1, from |-> 1, to |-> 3, body |-> [id |-> 2, c |-> 2, D0 |-> {1}]],
  [ type |-> 2,
    from |-> 1,
    to |-> 1,
    body |-> [id |-> 1, tq |-> [id |-> 1, t |-> 0], Dq |-> {}] ],
  [ type |-> 2,
    from |-> 1,
    to |-> 1,
    body |-> [id |-> 2, tq |-> [id |-> 2, t |-> 2], Dq |-> {1}] ],
  [ type |-> 2,
    from |-> 2,
    to |-> 1,
    body |-> [id |-> 1, tq |-> [id |-> 1, t |-> 0], Dq |-> {}] ],
  [ type |-> 3,
    from |-> 3,
    to |-> 1,
    body |->
        [id |-> 1, t |-> [id |-> 0, t |-> 0], b |-> 3, c |-> 0, D |-> {}] ],
  [ type |-> 3,
    from |-> 3,
    to |-> 2,
    body |->
        [id |-> 1, t |-> [id |-> 0, t |-> 0], b |-> 3, c |-> 0, D |-> {}] ],
  [type |-> 4, from |-> 3, to |-> 3, body |-> [id |-> 1, b |-> 3, Dq |-> {}]],
  [type |-> 8, from |-> 1, to |-> 2, body |-> [id |-> 1, b |-> 1, c |-> 1]],
  [type |-> 8, from |-> 1, to |-> 2, body |-> [id |-> 2, b |-> 1, c |-> 2]],
  [type |-> 8, from |-> 1, to |-> 3, body |-> [id |-> 1, b |-> 1, c |-> 1]],
  [type |-> 8, from |-> 1, to |-> 3, body |-> [id |-> 2, b |-> 1, c |-> 2]],
  [type |-> 8, from |-> 2, to |-> 1, body |-> [id |-> 1, b |-> 2, c |-> 1]],
  [type |-> 8, from |-> 2, to |-> 1, body |-> [id |-> 1, b |-> 5, c |-> 1]],
  [type |-> 8, from |-> 2, to |-> 2, body |-> [id |-> 1, b |-> 5, c |-> 1]],
  [type |-> 8, from |-> 2, to |-> 3, body |-> [id |-> 1, b |-> 5, c |-> 1]],
  [type |-> 8, from |-> 3, to |-> 2, body |-> [id |-> 1, b |-> 3, c |-> 0]],
  [ type |-> 9,
    from |-> 1,
    to |-> 1,
    body |->
        [ id |-> 1,
          b |-> 1,
          tq |-> [id |-> 1, t |-> 0],
          phaseq |-> 2,
          abalq |-> 0,
          cq |-> 1,
          depq |-> {},
          rejectq |-> FALSE,
          Wq |-> {},
          WPq |-> {} ] ],
  [ type |-> 9,
    from |-> 1,
    to |-> 1,
    body |->
        [ id |-> 2,
          b |-> 1,
          tq |-> [id |-> 2, t |-> 2],
          phaseq |-> 2,
          abalq |-> 0,
          cq |-> 2,
          depq |-> {1},
          rejectq |-> FALSE,
          Wq |-> {<<1, 0>>},
          WPq |-> {} ] ] }
/\ Qvar = <<<<{}, {}>>, <<{2, 3}, {}>>, <<{}, {}>>>>
/\ ts = << <<[id |-> 1, t |-> 0], [id |-> 2, t |-> 2]>>,
   <<[id |-> 1, t |-> 0], [id |-> 0, t |-> 0]>>,
   <<[id |-> 0, t |-> 0], [id |-> 0, t |-> 0]>> >>
/\ Cvar = <<<<bottom, bottom>>, <<1, bottom>>, <<bottom, bottom>>>>
/\ recovered = <<<<2, 2>>, <<2, 0>>, <<2, 0>>>>
/\ initCoord = <<1, 1>>

State 21: <Next line 695, col 8 to line 700, col 27 of module AccordSpec>
/\ phase = <<<<2, 2>>, <<2, 1>>, <<3, 1>>>>
/\ abal = <<<<0, 0>>, <<0, 0>>, <<3, 0>>>>
/\ initTimestamp = <<[id |-> 1, t |-> 0], [id |-> 2, t |-> 2]>>
/\ bal = <<<<3, 1>>, <<5, 0>>, <<3, 0>>>>
/\ postWaitingFlag = <<<<FALSE, FALSE>>, <<TRUE, FALSE>>, <<FALSE, FALSE>>>>
/\ Wvar = <<<<{}, {}>>, <<{}, {}>>, <<{}, {}>>>>
/\ dep = <<<<{}, {1}>>, <<{}, {}>>, <<{}, {}>>>>
/\ recoveryAttemptBal = <<<<1, 1>>, <<5, 0>>, <<3, 0>>>>
/\ submitted = {1, 2}
/\ cmd = <<<<1, 2>>, <<1, bottom>>, <<0, bottom>>>>
/\ Dvar = <<<<{}, {}>>, <<{}, {}>>, <<{}, {}>>>>
/\ msgs = { [type |-> 1, from |-> 1, to |-> 2, body |-> [id |-> 2, c |-> 2, D0 |-> {1}]],
  [type |-> 1, from |-> 1, to |-> 3, body |-> [id |-> 1, c |-> 1, D0 |-> {}]],
  [type |-> 1, from |-> 1, to |-> 3, body |-> [id |-> 2, c |-> 2, D0 |-> {1}]],
  [ type |-> 2,
    from |-> 1,
    to |-> 1,
    body |-> [id |-> 1, tq |-> [id |-> 1, t |-> 0], Dq |-> {}] ],
  [ type |-> 2,
    from |-> 1,
    to |-> 1,
    body |-> [id |-> 2, tq |-> [id |-> 2, t |-> 2], Dq |-> {1}] ],
  [ type |-> 2,
    from |-> 2,
    to |-> 1,
    body |-> [id |-> 1, tq |-> [id |-> 1, t |-> 0], Dq |-> {}] ],
  [ type |-> 3,
    from |-> 3,
    to |-> 1,
    body |->
        [id |-> 1, t |-> [id |-> 0, t |-> 0], b |-> 3, c |-> 0, D |-> {}] ],
  [ type |-> 3,
    from |-> 3,
    to |-> 2,
    body |->
        [id |-> 1, t |-> [id |-> 0, t |-> 0], b |-> 3, c |-> 0, D |-> {}] ],
  [type |-> 4, from |-> 3, to |-> 3, body |-> [id |-> 1, b |-> 3, Dq |-> {}]],
  [type |-> 8, from |-> 1, to |-> 2, body |-> [id |-> 1, b |-> 1, c |-> 1]],
  [type |-> 8, from |-> 1, to |-> 2, body |-> [id |-> 2, b |-> 1, c |-> 2]],
  [type |-> 8, from |-> 1, to |-> 3, body |-> [id |-> 1, b |-> 1, c |-> 1]],
  [type |-> 8, from |-> 1, to |-> 3, body |-> [id |-> 2, b |-> 1, c |-> 2]],
  [type |-> 8, from |-> 2, to |-> 1, body |-> [id |-> 1, b |-> 2, c |-> 1]],
  [type |-> 8, from |-> 2, to |-> 1, body |-> [id |-> 1, b |-> 5, c |-> 1]],
  [type |-> 8, from |-> 2, to |-> 3, body |-> [id |-> 1, b |-> 5, c |-> 1]],
  [type |-> 8, from |-> 3, to |-> 2, body |-> [id |-> 1, b |-> 3, c |-> 0]],
  [ type |-> 9,
    from |-> 1,
    to |-> 1,
    body |->
        [ id |-> 1,
          b |-> 1,
          tq |-> [id |-> 1, t |-> 0],
          phaseq |-> 2,
          abalq |-> 0,
          cq |-> 1,
          depq |-> {},
          rejectq |-> FALSE,
          Wq |-> {},
          WPq |-> {} ] ],
  [ type |-> 9,
    from |-> 1,
    to |-> 1,
    body |->
        [ id |-> 2,
          b |-> 1,
          tq |-> [id |-> 2, t |-> 2],
          phaseq |-> 2,
          abalq |-> 0,
          cq |-> 2,
          depq |-> {1},
          rejectq |-> FALSE,
          Wq |-> {<<1, 0>>},
          WPq |-> {} ] ],
  [ type |-> 9,
    from |-> 2,
    to |-> 2,
    body |->
        [ id |-> 1,
          b |-> 5,
          tq |-> [id |-> 1, t |-> 0],
          phaseq |-> 2,
          abalq |-> 0,
          cq |-> 1,
          depq |-> {},
          rejectq |-> FALSE,
          Wq |-> {},
          WPq |-> {} ] ] }
/\ Qvar = <<<<{}, {}>>, <<{2, 3}, {}>>, <<{}, {}>>>>
/\ ts = << <<[id |-> 1, t |-> 0], [id |-> 2, t |-> 2]>>,
   <<[id |-> 1, t |-> 0], [id |-> 0, t |-> 0]>>,
   <<[id |-> 0, t |-> 0], [id |-> 0, t |-> 0]>> >>
/\ Cvar = <<<<bottom, bottom>>, <<1, bottom>>, <<bottom, bottom>>>>
/\ recovered = <<<<2, 2>>, <<2, 0>>, <<2, 0>>>>
/\ initCoord = <<1, 1>>

State 22: <Next line 695, col 8 to line 700, col 27 of module AccordSpec>
/\ phase = <<<<2, 2>>, <<2, 1>>, <<3, 2>>>>
/\ abal = <<<<0, 0>>, <<0, 0>>, <<3, 0>>>>
/\ initTimestamp = <<[id |-> 1, t |-> 0], [id |-> 2, t |-> 2]>>
/\ bal = <<<<3, 1>>, <<5, 0>>, <<3, 0>>>>
/\ postWaitingFlag = <<<<FALSE, FALSE>>, <<TRUE, FALSE>>, <<FALSE, FALSE>>>>
/\ Wvar = <<<<{}, {}>>, <<{}, {}>>, <<{}, {}>>>>
/\ dep = <<<<{}, {1}>>, <<{}, {}>>, <<{}, {1}>>>>
/\ recoveryAttemptBal = <<<<1, 1>>, <<5, 0>>, <<3, 0>>>>
/\ submitted = {1, 2}
/\ cmd = <<<<1, 2>>, <<1, bottom>>, <<0, 2>>>>
/\ Dvar = <<<<{}, {}>>, <<{}, {}>>, <<{}, {}>>>>
/\ msgs = { [type |-> 1, from |-> 1, to |-> 2, body |-> [id |-> 2, c |-> 2, D0 |-> {1}]],
  [type |-> 1, from |-> 1, to |-> 3, body |-> [id |-> 1, c |-> 1, D0 |-> {}]],
  [ type |-> 2,
    from |-> 1,
    to |-> 1,
    body |-> [id |-> 1, tq |-> [id |-> 1, t |-> 0], Dq |-> {}] ],
  [ type |-> 2,
    from |-> 1,
    to |-> 1,
    body |-> [id |-> 2, tq |-> [id |-> 2, t |-> 2], Dq |-> {1}] ],
  [ type |-> 2,
    from |-> 2,
    to |-> 1,
    body |-> [id |-> 1, tq |-> [id |-> 1, t |-> 0], Dq |-> {}] ],
  [ type |-> 2,
    from |-> 3,
    to |-> 1,
    body |-> [id |-> 2, tq |-> [id |-> 2, t |-> 2], Dq |-> {1}] ],
  [ type |-> 3,
    from |-> 3,
    to |-> 1,
    body |->
        [id |-> 1, t |-> [id |-> 0, t |-> 0], b |-> 3, c |-> 0, D |-> {}] ],
  [ type |-> 3,
    from |-> 3,
    to |-> 2,
    body |->
        [id |-> 1, t |-> [id |-> 0, t |-> 0], b |-> 3, c |-> 0, D |-> {}] ],
  [type |-> 4, from |-> 3, to |-> 3, body |-> [id |-> 1, b |-> 3, Dq |-> {}]],
  [type |-> 8, from |-> 1, to |-> 2, body |-> [id |-> 1, b |-> 1, c |-> 1]],
  [type |-> 8, from |-> 1, to |-> 2, body |-> [id |-> 2, b |-> 1, c |-> 2]],
  [type |-> 8, from |-> 1, to |-> 3, body |-> [id |-> 1, b |-> 1, c |-> 1]],
  [type |-> 8, from |-> 1, to |-> 3, body |-> [id |-> 2, b |-> 1, c |-> 2]],
  [type |-> 8, from |-> 2, to |-> 1, body |-> [id |-> 1, b |-> 2, c |-> 1]],
  [type |-> 8, from |-> 2, to |-> 1, body |-> [id |-> 1, b |-> 5, c |-> 1]],
  [type |-> 8, from |-> 2, to |-> 3, body |-> [id |-> 1, b |-> 5, c |-> 1]],
  [type |-> 8, from |-> 3, to |-> 2, body |-> [id |-> 1, b |-> 3, c |-> 0]],
  [ type |-> 9,
    from |-> 1,
    to |-> 1,
    body |->
        [ id |-> 1,
          b |-> 1,
          tq |-> [id |-> 1, t |-> 0],
          phaseq |-> 2,
          abalq |-> 0,
          cq |-> 1,
          depq |-> {},
          rejectq |-> FALSE,
          Wq |-> {},
          WPq |-> {} ] ],
  [ type |-> 9,
    from |-> 1,
    to |-> 1,
    body |->
        [ id |-> 2,
          b |-> 1,
          tq |-> [id |-> 2, t |-> 2],
          phaseq |-> 2,
          abalq |-> 0,
          cq |-> 2,
          depq |-> {1},
          rejectq |-> FALSE,
          Wq |-> {<<1, 0>>},
          WPq |-> {} ] ],
  [ type |-> 9,
    from |-> 2,
    to |-> 2,
    body |->
        [ id |-> 1,
          b |-> 5,
          tq |-> [id |-> 1, t |-> 0],
          phaseq |-> 2,
          abalq |-> 0,
          cq |-> 1,
          depq |-> {},
          rejectq |-> FALSE,
          Wq |-> {},
          WPq |-> {} ] ] }
/\ Qvar = <<<<{}, {}>>, <<{2, 3}, {}>>, <<{}, {}>>>>
/\ ts = << <<[id |-> 1, t |-> 0], [id |-> 2, t |-> 2]>>,
   <<[id |-> 1, t |-> 0], [id |-> 0, t |-> 0]>>,
   <<[id |-> 0, t |-> 0], [id |-> 2, t |-> 2]>> >>
/\ Cvar = <<<<bottom, bottom>>, <<1, bottom>>, <<bottom, bottom>>>>
/\ recovered = <<<<2, 2>>, <<2, 0>>, <<2, 0>>>>
/\ initCoord = <<1, 1>>

State 23: <HandlePostWaiting line 587, col 5 to line 667, col 113 of module AccordSpec>
/\ phase = <<<<2, 2>>, <<3, 1>>, <<3, 2>>>>
/\ abal = <<<<0, 0>>, <<5, 0>>, <<3, 0>>>>
/\ initTimestamp = <<[id |-> 1, t |-> 0], [id |-> 2, t |-> 2]>>
/\ bal = <<<<3, 1>>, <<5, 0>>, <<3, 0>>>>
/\ postWaitingFlag = <<<<FALSE, FALSE>>, <<FALSE, FALSE>>, <<FALSE, FALSE>>>>
/\ Wvar = <<<<{}, {}>>, <<{}, {}>>, <<{}, {}>>>>
/\ dep = <<<<{}, {1}>>, <<{}, {}>>, <<{}, {1}>>>>
/\ recoveryAttemptBal = <<<<1, 1>>, <<5, 0>>, <<3, 0>>>>
/\ submitted = {1, 2}
/\ cmd = <<<<1, 2>>, <<1, bottom>>, <<0, 2>>>>
/\ Dvar = <<<<{}, {}>>, <<{}, {}>>, <<{}, {}>>>>
/\ msgs = { [type |-> 1, from |-> 1, to |-> 2, body |-> [id |-> 2, c |-> 2, D0 |-> {1}]],
  [type |-> 1, from |-> 1, to |-> 3, body |-> [id |-> 1, c |-> 1, D0 |-> {}]],
  [ type |-> 2,
    from |-> 1,
    to |-> 1,
    body |-> [id |-> 1, tq |-> [id |-> 1, t |-> 0], Dq |-> {}] ],
  [ type |-> 2,
    from |-> 1,
    to |-> 1,
    body |-> [id |-> 2, tq |-> [id |-> 2, t |-> 2], Dq |-> {1}] ],
  [ type |-> 2,
    from |-> 2,
    to |-> 1,
    body |-> [id |-> 1, tq |-> [id |-> 1, t |-> 0], Dq |-> {}] ],
  [ type |-> 2,
    from |-> 3,
    to |-> 1,
    body |-> [id |-> 2, tq |-> [id |-> 2, t |-> 2], Dq |-> {1}] ],
  [ type |-> 3,
    from |-> 2,
    to |-> 1,
    body |->
        [id |-> 1, t |-> [id |-> 1, t |-> 0], b |-> 5, c |-> 1, D |-> {}] ],
  [ type |-> 3,
    from |-> 2,
    to |-> 3,
    body |->
        [id |-> 1, t |-> [id |-> 1, t |-> 0], b |-> 5, c |-> 1, D |-> {}] ],
  [ type |-> 3,
    from |-> 3,
    to |-> 1,
    body |->
        [id |-> 1, t |-> [id |-> 0, t |-> 0], b |-> 3, c |-> 0, D |-> {}] ],
  [ type |-> 3,
    from |-> 3,
    to |-> 2,
    body |->
        [id |-> 1, t |-> [id |-> 0, t |-> 0], b |-> 3, c |-> 0, D |-> {}] ],
  [type |-> 4, from |-> 2, to |-> 2, body |-> [id |-> 1, b |-> 5, Dq |-> {}]],
  [type |-> 4, from |-> 3, to |-> 3, body |-> [id |-> 1, b |-> 3, Dq |-> {}]],
  [type |-> 8, from |-> 1, to |-> 2, body |-> [id |-> 1, b |-> 1, c |-> 1]],
  [type |-> 8, from |-> 1, to |-> 2, body |-> [id |-> 2, b |-> 1, c |-> 2]],
  [type |-> 8, from |-> 1, to |-> 3, body |-> [id |-> 1, b |-> 1, c |-> 1]],
  [type |-> 8, from |-> 1, to |-> 3, body |-> [id |-> 2, b |-> 1, c |-> 2]],
  [type |-> 8, from |-> 2, to |-> 1, body |-> [id |-> 1, b |-> 2, c |-> 1]],
  [type |-> 8, from |-> 2, to |-> 1, body |-> [id |-> 1, b |-> 5, c |-> 1]],
  [type |-> 8, from |-> 2, to |-> 3, body |-> [id |-> 1, b |-> 5, c |-> 1]],
  [type |-> 8, from |-> 3, to |-> 2, body |-> [id |-> 1, b |-> 3, c |-> 0]],
  [ type |-> 9,
    from |-> 1,
    to |-> 1,
    body |->
        [ id |-> 1,
          b |-> 1,
          tq |-> [id |-> 1, t |-> 0],
          phaseq |-> 2,
          abalq |-> 0,
          cq |-> 1,
          depq |-> {},
          rejectq |-> FALSE,
          Wq |-> {},
          WPq |-> {} ] ],
  [ type |-> 9,
    from |-> 1,
    to |-> 1,
    body |->
        [ id |-> 2,
          b |-> 1,
          tq |-> [id |-> 2, t |-> 2],
          phaseq |-> 2,
          abalq |-> 0,
          cq |-> 2,
          depq |-> {1},
          rejectq |-> FALSE,
          Wq |-> {<<1, 0>>},
          WPq |-> {} ] ],
  [ type |-> 9,
    from |-> 2,
    to |-> 2,
    body |->
        [ id |-> 1,
          b |-> 5,
          tq |-> [id |-> 1, t |-> 0],
          phaseq |-> 2,
          abalq |-> 0,
          cq |-> 1,
          depq |-> {},
          rejectq |-> FALSE,
          Wq |-> {},
          WPq |-> {} ] ] }
/\ Qvar = <<<<{}, {}>>, <<{2, 3}, {}>>, <<{}, {}>>>>
/\ ts = << <<[id |-> 1, t |-> 0], [id |-> 2, t |-> 2]>>,
   <<[id |-> 1, t |-> 0], [id |-> 0, t |-> 0]>>,
   <<[id |-> 0, t |-> 0], [id |-> 2, t |-> 2]>> >>
/\ Cvar = <<<<bottom, bottom>>, <<1, bottom>>, <<bottom, bottom>>>>
/\ recovered = <<<<2, 2>>, <<2, 0>>, <<2, 0>>>>
/\ initCoord = <<1, 1>>

State 24: <Next line 695, col 8 to line 700, col 27 of module AccordSpec>
/\ phase = <<<<3, 2>>, <<3, 1>>, <<3, 2>>>>
/\ abal = <<<<3, 0>>, <<5, 0>>, <<3, 0>>>>
/\ initTimestamp = <<[id |-> 1, t |-> 0], [id |-> 2, t |-> 2]>>
/\ bal = <<<<3, 1>>, <<5, 0>>, <<3, 0>>>>
/\ postWaitingFlag = <<<<FALSE, FALSE>>, <<FALSE, FALSE>>, <<FALSE, FALSE>>>>
/\ Wvar = <<<<{}, {}>>, <<{}, {}>>, <<{}, {}>>>>
/\ dep = <<<<{}, {1}>>, <<{}, {}>>, <<{}, {1}>>>>
/\ recoveryAttemptBal = <<<<1, 1>>, <<5, 0>>, <<3, 0>>>>
/\ submitted = {1, 2}
/\ cmd = <<<<0, 2>>, <<1, bottom>>, <<0, 2>>>>
/\ Dvar = <<<<{}, {}>>, <<{}, {}>>, <<{}, {}>>>>
/\ msgs = { [type |-> 1, from |-> 1, to |-> 2, body |-> [id |-> 2, c |-> 2, D0 |-> {1}]],
  [type |-> 1, from |-> 1, to |-> 3, body |-> [id |-> 1, c |-> 1, D0 |-> {}]],
  [ type |-> 2,
    from |-> 1,
    to |-> 1,
    body |-> [id |-> 1, tq |-> [id |-> 1, t |-> 0], Dq |-> {}] ],
  [ type |-> 2,
    from |-> 1,
    to |-> 1,
    body |-> [id |-> 2, tq |-> [id |-> 2, t |-> 2], Dq |-> {1}] ],
  [ type |-> 2,
    from |-> 2,
    to |-> 1,
    body |-> [id |-> 1, tq |-> [id |-> 1, t |-> 0], Dq |-> {}] ],
  [ type |-> 2,
    from |-> 3,
    to |-> 1,
    body |-> [id |-> 2, tq |-> [id |-> 2, t |-> 2], Dq |-> {1}] ],
  [ type |-> 3,
    from |-> 2,
    to |-> 1,
    body |->
        [id |-> 1, t |-> [id |-> 1, t |-> 0], b |-> 5, c |-> 1, D |-> {}] ],
  [ type |-> 3,
    from |-> 2,
    to |-> 3,
    body |->
        [id |-> 1, t |-> [id |-> 1, t |-> 0], b |-> 5, c |-> 1, D |-> {}] ],
  [ type |-> 3,
    from |-> 3,
    to |-> 2,
    body |->
        [id |-> 1, t |-> [id |-> 0, t |-> 0], b |-> 3, c |-> 0, D |-> {}] ],
  [type |-> 4, from |-> 1, to |-> 3, body |-> [id |-> 1, b |-> 3, Dq |-> {}]],
  [type |-> 4, from |-> 2, to |-> 2, body |-> [id |-> 1, b |-> 5, Dq |-> {}]],
  [type |-> 4, from |-> 3, to |-> 3, body |-> [id |-> 1, b |-> 3, Dq |-> {}]],
  [type |-> 8, from |-> 1, to |-> 2, body |-> [id |-> 1, b |-> 1, c |-> 1]],
  [type |-> 8, from |-> 1, to |-> 2, body |-> [id |-> 2, b |-> 1, c |-> 2]],
  [type |-> 8, from |-> 1, to |-> 3, body |-> [id |-> 1, b |-> 1, c |-> 1]],
  [type |-> 8, from |-> 1, to |-> 3, body |-> [id |-> 2, b |-> 1, c |-> 2]],
  [type |-> 8, from |-> 2, to |-> 1, body |-> [id |-> 1, b |-> 2, c |-> 1]],
  [type |-> 8, from |-> 2, to |-> 1, body |-> [id |-> 1, b |-> 5, c |-> 1]],
  [type |-> 8, from |-> 2, to |-> 3, body |-> [id |-> 1, b |-> 5, c |-> 1]],
  [type |-> 8, from |-> 3, to |-> 2, body |-> [id |-> 1, b |-> 3, c |-> 0]],
  [ type |-> 9,
    from |-> 1,
    to |-> 1,
    body |->
        [ id |-> 1,
          b |-> 1,
          tq |-> [id |-> 1, t |-> 0],
          phaseq |-> 2,
          abalq |-> 0,
          cq |-> 1,
          depq |-> {},
          rejectq |-> FALSE,
          Wq |-> {},
          WPq |-> {} ] ],
  [ type |-> 9,
    from |-> 1,
    to |-> 1,
    body |->
        [ id |-> 2,
          b |-> 1,
          tq |-> [id |-> 2, t |-> 2],
          phaseq |-> 2,
          abalq |-> 0,
          cq |-> 2,
          depq |-> {1},
          rejectq |-> FALSE,
          Wq |-> {<<1, 0>>},
          WPq |-> {} ] ],
  [ type |-> 9,
    from |-> 2,
    to |-> 2,
    body |->
        [ id |-> 1,
          b |-> 5,
          tq |-> [id |-> 1, t |-> 0],
          phaseq |-> 2,
          abalq |-> 0,
          cq |-> 1,
          depq |-> {},
          rejectq |-> FALSE,
          Wq |-> {},
          WPq |-> {} ] ] }
/\ Qvar = <<<<{}, {}>>, <<{2, 3}, {}>>, <<{}, {}>>>>
/\ ts = << <<[id |-> 0, t |-> 0], [id |-> 2, t |-> 2]>>,
   <<[id |-> 1, t |-> 0], [id |-> 0, t |-> 0]>>,
   <<[id |-> 0, t |-> 0], [id |-> 2, t |-> 2]>> >>
/\ Cvar = <<<<bottom, bottom>>, <<1, bottom>>, <<bottom, bottom>>>>
/\ recovered = <<<<2, 2>>, <<2, 0>>, <<2, 0>>>>
/\ initCoord = <<1, 1>>

State 25: <StartRecover line 438, col 5 to line 449, col 112 of module AccordSpec>
/\ phase = <<<<3, 2>>, <<3, 1>>, <<3, 2>>>>
/\ abal = <<<<3, 0>>, <<5, 0>>, <<3, 0>>>>
/\ initTimestamp = <<[id |-> 1, t |-> 0], [id |-> 2, t |-> 2]>>
/\ bal = <<<<3, 1>>, <<5, 0>>, <<3, 0>>>>
/\ postWaitingFlag = <<<<FALSE, FALSE>>, <<FALSE, FALSE>>, <<FALSE, FALSE>>>>
/\ Wvar = <<<<{}, {}>>, <<{}, {}>>, <<{}, {}>>>>
/\ dep = <<<<{}, {1}>>, <<{}, {}>>, <<{}, {1}>>>>
/\ recoveryAttemptBal = <<<<1, 1>>, <<5, 0>>, <<3, 3>>>>
/\ submitted = {1, 2}
/\ cmd = <<<<0, 2>>, <<1, bottom>>, <<0, 2>>>>
/\ Dvar = <<<<{}, {}>>, <<{}, {}>>, <<{}, {}>>>>
/\ msgs = { [type |-> 1, from |-> 1, to |-> 2, body |-> [id |-> 2, c |-> 2, D0 |-> {1}]],
  [type |-> 1, from |-> 1, to |-> 3, body |-> [id |-> 1, c |-> 1, D0 |-> {}]],
  [ type |-> 2,
    from |-> 1,
    to |-> 1,
    body |-> [id |-> 1, tq |-> [id |-> 1, t |-> 0], Dq |-> {}] ],
  [ type |-> 2,
    from |-> 1,
    to |-> 1,
    body |-> [id |-> 2, tq |-> [id |-> 2, t |-> 2], Dq |-> {1}] ],
  [ type |-> 2,
    from |-> 2,
    to |-> 1,
    body |-> [id |-> 1, tq |-> [id |-> 1, t |-> 0], Dq |-> {}] ],
  [ type |-> 2,
    from |-> 3,
    to |-> 1,
    body |-> [id |-> 2, tq |-> [id |-> 2, t |-> 2], Dq |-> {1}] ],
  [ type |-> 3,
    from |-> 2,
    to |-> 1,
    body |->
        [id |-> 1, t |-> [id |-> 1, t |-> 0], b |-> 5, c |-> 1, D |-> {}] ],
  [ type |-> 3,
    from |-> 2,
    to |-> 3,
    body |->
        [id |-> 1, t |-> [id |-> 1, t |-> 0], b |-> 5, c |-> 1, D |-> {}] ],
  [ type |-> 3,
    from |-> 3,
    to |-> 2,
    body |->
        [id |-> 1, t |-> [id |-> 0, t |-> 0], b |-> 3, c |-> 0, D |-> {}] ],
  [type |-> 4, from |-> 1, to |-> 3, body |-> [id |-> 1, b |-> 3, Dq |-> {}]],
  [type |-> 4, from |-> 2, to |-> 2, body |-> [id |-> 1, b |-> 5, Dq |-> {}]],
  [type |-> 4, from |-> 3, to |-> 3, body |-> [id |-> 1, b |-> 3, Dq |-> {}]],
  [type |-> 8, from |-> 1, to |-> 2, body |-> [id |-> 1, b |-> 1, c |-> 1]],
  [type |-> 8, from |-> 1, to |-> 2, body |-> [id |-> 2, b |-> 1, c |-> 2]],
  [type |-> 8, from |-> 1, to |-> 3, body |-> [id |-> 1, b |-> 1, c |-> 1]],
  [type |-> 8, from |-> 1, to |-> 3, body |-> [id |-> 2, b |-> 1, c |-> 2]],
  [type |-> 8, from |-> 2, to |-> 1, body |-> [id |-> 1, b |-> 2, c |-> 1]],
  [type |-> 8, from |-> 2, to |-> 1, body |-> [id |-> 1, b |-> 5, c |-> 1]],
  [type |-> 8, from |-> 2, to |-> 3, body |-> [id |-> 1, b |-> 5, c |-> 1]],
  [type |-> 8, from |-> 3, to |-> 1, body |-> [id |-> 2, b |-> 3, c |-> 2]],
  [type |-> 8, from |-> 3, to |-> 2, body |-> [id |-> 1, b |-> 3, c |-> 0]],
  [type |-> 8, from |-> 3, to |-> 2, body |-> [id |-> 2, b |-> 3, c |-> 2]],
  [type |-> 8, from |-> 3, to |-> 3, body |-> [id |-> 2, b |-> 3, c |-> 2]],
  [ type |-> 9,
    from |-> 1,
    to |-> 1,
    body |->
        [ id |-> 1,
          b |-> 1,
          tq |-> [id |-> 1, t |-> 0],
          phaseq |-> 2,
          abalq |-> 0,
          cq |-> 1,
          depq |-> {},
          rejectq |-> FALSE,
          Wq |-> {},
          WPq |-> {} ] ],
  [ type |-> 9,
    from |-> 1,
    to |-> 1,
    body |->
        [ id |-> 2,
          b |-> 1,
          tq |-> [id |-> 2, t |-> 2],
          phaseq |-> 2,
          abalq |-> 0,
          cq |-> 2,
          depq |-> {1},
          rejectq |-> FALSE,
          Wq |-> {<<1, 0>>},
          WPq |-> {} ] ],
  [ type |-> 9,
    from |-> 2,
    to |-> 2,
    body |->
        [ id |-> 1,
          b |-> 5,
          tq |-> [id |-> 1, t |-> 0],
          phaseq |-> 2,
          abalq |-> 0,
          cq |-> 1,
          depq |-> {},
          rejectq |-> FALSE,
          Wq |-> {},
          WPq |-> {} ] ] }
/\ Qvar = <<<<{}, {}>>, <<{2, 3}, {}>>, <<{}, {}>>>>
/\ ts = << <<[id |-> 0, t |-> 0], [id |-> 2, t |-> 2]>>,
   <<[id |-> 1, t |-> 0], [id |-> 0, t |-> 0]>>,
   <<[id |-> 0, t |-> 0], [id |-> 2, t |-> 2]>> >>
/\ Cvar = <<<<bottom, bottom>>, <<1, bottom>>, <<bottom, bottom>>>>
/\ recovered = <<<<2, 2>>, <<2, 0>>, <<2, 1>>>>
/\ initCoord = <<1, 1>>

State 26: <Next line 695, col 8 to line 700, col 27 of module AccordSpec>
/\ phase = <<<<3, 2>>, <<3, 1>>, <<3, 2>>>>
/\ abal = <<<<3, 0>>, <<5, 0>>, <<3, 0>>>>
/\ initTimestamp = <<[id |-> 1, t |-> 0], [id |-> 2, t |-> 2]>>
/\ bal = <<<<3, 3>>, <<5, 0>>, <<3, 0>>>>
/\ postWaitingFlag = <<<<FALSE, FALSE>>, <<FALSE, FALSE>>, <<FALSE, FALSE>>>>
/\ Wvar = <<<<{}, {}>>, <<{}, {}>>, <<{}, {}>>>>
/\ dep = <<<<{}, {1}>>, <<{}, {}>>, <<{}, {1}>>>>
/\ recoveryAttemptBal = <<<<1, 1>>, <<5, 0>>, <<3, 3>>>>
/\ submitted = {1, 2}
/\ cmd = <<<<0, 2>>, <<1, bottom>>, <<0, 2>>>>
/\ Dvar = <<<<{}, {}>>, <<{}, {}>>, <<{}, {}>>>>
/\ msgs = { [type |-> 1, from |-> 1, to |-> 2, body |-> [id |-> 2, c |-> 2, D0 |-> {1}]],
  [type |-> 1, from |-> 1, to |-> 3, body |-> [id |-> 1, c |-> 1, D0 |-> {}]],
  [ type |-> 2,
    from |-> 1,
    to |-> 1,
    body |-> [id |-> 1, tq |-> [id |-> 1, t |-> 0], Dq |-> {}] ],
  [ type |-> 2,
    from |-> 1,
    to |-> 1,
    body |-> [id |-> 2, tq |-> [id |-> 2, t |-> 2], Dq |-> {1}] ],
  [ type |-> 2,
    from |-> 2,
    to |-> 1,
    body |-> [id |-> 1, tq |-> [id |-> 1, t |-> 0], Dq |-> {}] ],
  [ type |-> 2,
    from |-> 3,
    to |-> 1,
    body |-> [id |-> 2, tq |-> [id |-> 2, t |-> 2], Dq |-> {1}] ],
  [ type |-> 3,
    from |-> 2,
    to |-> 1,
    body |->
        [id |-> 1, t |-> [id |-> 1, t |-> 0], b |-> 5, c |-> 1, D |-> {}] ],
  [ type |-> 3,
    from |-> 2,
    to |-> 3,
    body |->
        [id |-> 1, t |-> [id |-> 1, t |-> 0], b |-> 5, c |-> 1, D |-> {}] ],
  [ type |-> 3,
    from |-> 3,
    to |-> 2,
    body |->
        [id |-> 1, t |-> [id |-> 0, t |-> 0], b |-> 3, c |-> 0, D |-> {}] ],
  [type |-> 4, from |-> 1, to |-> 3, body |-> [id |-> 1, b |-> 3, Dq |-> {}]],
  [type |-> 4, from |-> 2, to |-> 2, body |-> [id |-> 1, b |-> 5, Dq |-> {}]],
  [type |-> 4, from |-> 3, to |-> 3, body |-> [id |-> 1, b |-> 3, Dq |-> {}]],
  [type |-> 8, from |-> 1, to |-> 2, body |-> [id |-> 1, b |-> 1, c |-> 1]],
  [type |-> 8, from |-> 1, to |-> 2, body |-> [id |-> 2, b |-> 1, c |-> 2]],
  [type |-> 8, from |-> 1, to |-> 3, body |-> [id |-> 1, b |-> 1, c |-> 1]],
  [type |-> 8, from |-> 1, to |-> 3, body |-> [id |-> 2, b |-> 1, c |-> 2]],
  [type |-> 8, from |-> 2, to |-> 1, body |-> [id |-> 1, b |-> 2, c |-> 1]],
  [type |-> 8, from |-> 2, to |-> 1, body |-> [id |-> 1, b |-> 5, c |-> 1]],
  [type |-> 8, from |-> 2, to |-> 3, body |-> [id |-> 1, b |-> 5, c |-> 1]],
  [type |-> 8, from |-> 3, to |-> 2, body |-> [id |-> 1, b |-> 3, c |-> 0]],
  [type |-> 8, from |-> 3, to |-> 2, body |-> [id |-> 2, b |-> 3, c |-> 2]],
  [type |-> 8, from |-> 3, to |-> 3, body |-> [id |-> 2, b |-> 3, c |-> 2]],
  [ type |-> 9,
    from |-> 1,
    to |-> 1,
    body |->
        [ id |-> 1,
          b |-> 1,
          tq |-> [id |-> 1, t |-> 0],
          phaseq |-> 2,
          abalq |-> 0,
          cq |-> 1,
          depq |-> {},
          rejectq |-> FALSE,
          Wq |-> {},
          WPq |-> {} ] ],
  [ type |-> 9,
    from |-> 1,
    to |-> 1,
    body |->
        [ id |-> 2,
          b |-> 1,
          tq |-> [id |-> 2, t |-> 2],
          phaseq |-> 2,
          abalq |-> 0,
          cq |-> 2,
          depq |-> {1},
          rejectq |-> FALSE,
          Wq |-> {<<1, 0>>},
          WPq |-> {} ] ],
  [ type |-> 9,
    from |-> 1,
    to |-> 3,
    body |->
        [ id |-> 2,
          b |-> 3,
          tq |-> [id |-> 2, t |-> 2],
          phaseq |-> 2,
          abalq |-> 0,
          cq |-> 2,
          depq |-> {1},
          rejectq |-> FALSE,
          Wq |-> {},
          WPq |-> {} ] ],
  [ type |-> 9,
    from |-> 2,
    to |-> 2,
    body |->
        [ id |-> 1,
          b |-> 5,
          tq |-> [id |-> 1, t |-> 0],
          phaseq |-> 2,
          abalq |-> 0,
          cq |-> 1,
          depq |-> {},
          rejectq |-> FALSE,
          Wq |-> {},
          WPq |-> {} ] ] }
/\ Qvar = <<<<{}, {}>>, <<{2, 3}, {}>>, <<{}, {}>>>>
/\ ts = << <<[id |-> 0, t |-> 0], [id |-> 2, t |-> 2]>>,
   <<[id |-> 1, t |-> 0], [id |-> 0, t |-> 0]>>,
   <<[id |-> 0, t |-> 0], [id |-> 2, t |-> 2]>> >>
/\ Cvar = <<<<bottom, bottom>>, <<1, bottom>>, <<bottom, bottom>>>>
/\ recovered = <<<<2, 2>>, <<2, 0>>, <<2, 1>>>>
/\ initCoord = <<1, 1>>

State 27: <StartRecover line 438, col 5 to line 449, col 112 of module AccordSpec>
/\ phase = <<<<3, 2>>, <<3, 1>>, <<3, 2>>>>
/\ abal = <<<<3, 0>>, <<5, 0>>, <<3, 0>>>>
/\ initTimestamp = <<[id |-> 1, t |-> 0], [id |-> 2, t |-> 2]>>
/\ bal = <<<<3, 3>>, <<5, 0>>, <<3, 0>>>>
/\ postWaitingFlag = <<<<FALSE, FALSE>>, <<FALSE, FALSE>>, <<FALSE, FALSE>>>>
/\ Wvar = <<<<{}, {}>>, <<{}, {}>>, <<{}, {}>>>>
/\ dep = <<<<{}, {1}>>, <<{}, {}>>, <<{}, {1}>>>>
/\ recoveryAttemptBal = <<<<1, 1>>, <<5, 0>>, <<3, 3>>>>
/\ submitted = {1, 2}
/\ cmd = <<<<0, 2>>, <<1, bottom>>, <<0, 2>>>>
/\ Dvar = <<<<{}, {}>>, <<{}, {}>>, <<{}, {}>>>>
/\ msgs = { [type |-> 1, from |-> 1, to |-> 2, body |-> [id |-> 2, c |-> 2, D0 |-> {1}]],
  [type |-> 1, from |-> 1, to |-> 3, body |-> [id |-> 1, c |-> 1, D0 |-> {}]],
  [ type |-> 2,
    from |-> 1,
    to |-> 1,
    body |-> [id |-> 1, tq |-> [id |-> 1, t |-> 0], Dq |-> {}] ],
  [ type |-> 2,
    from |-> 1,
    to |-> 1,
    body |-> [id |-> 2, tq |-> [id |-> 2, t |-> 2], Dq |-> {1}] ],
  [ type |-> 2,
    from |-> 2,
    to |-> 1,
    body |-> [id |-> 1, tq |-> [id |-> 1, t |-> 0], Dq |-> {}] ],
  [ type |-> 2,
    from |-> 3,
    to |-> 1,
    body |-> [id |-> 2, tq |-> [id |-> 2, t |-> 2], Dq |-> {1}] ],
  [ type |-> 3,
    from |-> 2,
    to |-> 1,
    body |->
        [id |-> 1, t |-> [id |-> 1, t |-> 0], b |-> 5, c |-> 1, D |-> {}] ],
  [ type |-> 3,
    from |-> 2,
    to |-> 3,
    body |->
        [id |-> 1, t |-> [id |-> 1, t |-> 0], b |-> 5, c |-> 1, D |-> {}] ],
  [ type |-> 3,
    from |-> 3,
    to |-> 2,
    body |->
        [id |-> 1, t |-> [id |-> 0, t |-> 0], b |-> 3, c |-> 0, D |-> {}] ],
  [type |-> 4, from |-> 1, to |-> 3, body |-> [id |-> 1, b |-> 3, Dq |-> {}]],
  [type |-> 4, from |-> 2, to |-> 2, body |-> [id |-> 1, b |-> 5, Dq |-> {}]],
  [type |-> 4, from |-> 3, to |-> 3, body |-> [id |-> 1, b |-> 3, Dq |-> {}]],
  [type |-> 8, from |-> 1, to |-> 2, body |-> [id |-> 1, b |-> 1, c |-> 1]],
  [type |-> 8, from |-> 1, to |-> 2, body |-> [id |-> 2, b |-> 1, c |-> 2]],
  [type |-> 8, from |-> 1, to |-> 3, body |-> [id |-> 1, b |-> 1, c |-> 1]],
  [type |-> 8, from |-> 1, to |-> 3, body |-> [id |-> 2, b |-> 1, c |-> 2]],
  [type |-> 8, from |-> 2, to |-> 1, body |-> [id |-> 1, b |-> 2, c |-> 1]],
  [type |-> 8, from |-> 2, to |-> 1, body |-> [id |-> 1, b |-> 5, c |-> 1]],
  [type |-> 8, from |-> 2, to |-> 3, body |-> [id |-> 1, b |-> 5, c |-> 1]],
  [type |-> 8, from |-> 3, to |-> 1, body |-> [id |-> 2, b |-> 3, c |-> 2]],
  [type |-> 8, from |-> 3, to |-> 2, body |-> [id |-> 1, b |-> 3, c |-> 0]],
  [type |-> 8, from |-> 3, to |-> 2, body |-> [id |-> 2, b |-> 3, c |-> 2]],
  [type |-> 8, from |-> 3, to |-> 3, body |-> [id |-> 2, b |-> 3, c |-> 2]],
  [ type |-> 9,
    from |-> 1,
    to |-> 1,
    body |->
        [ id |-> 1,
          b |-> 1,
          tq |-> [id |-> 1, t |-> 0],
          phaseq |-> 2,
          abalq |-> 0,
          cq |-> 1,
          depq |-> {},
          rejectq |-> FALSE,
          Wq |-> {},
          WPq |-> {} ] ],
  [ type |-> 9,
    from |-> 1,
    to |-> 1,
    body |->
        [ id |-> 2,
          b |-> 1,
          tq |-> [id |-> 2, t |-> 2],
          phaseq |-> 2,
          abalq |-> 0,
          cq |-> 2,
          depq |-> {1},
          rejectq |-> FALSE,
          Wq |-> {<<1, 0>>},
          WPq |-> {} ] ],
  [ type |-> 9,
    from |-> 1,
    to |-> 3,
    body |->
        [ id |-> 2,
          b |-> 3,
          tq |-> [id |-> 2, t |-> 2],
          phaseq |-> 2,
          abalq |-> 0,
          cq |-> 2,
          depq |-> {1},
          rejectq |-> FALSE,
          Wq |-> {},
          WPq |-> {} ] ],
  [ type |-> 9,
    from |-> 2,
    to |-> 2,
    body |->
        [ id |-> 1,
          b |-> 5,
          tq |-> [id |-> 1, t |-> 0],
          phaseq |-> 2,
          abalq |-> 0,
          cq |-> 1,
          depq |-> {},
          rejectq |-> FALSE,
          Wq |-> {},
          WPq |-> {} ] ] }
/\ Qvar = <<<<{}, {}>>, <<{2, 3}, {}>>, <<{}, {}>>>>
/\ ts = << <<[id |-> 0, t |-> 0], [id |-> 2, t |-> 2]>>,
   <<[id |-> 1, t |-> 0], [id |-> 0, t |-> 0]>>,
   <<[id |-> 0, t |-> 0], [id |-> 2, t |-> 2]>> >>
/\ Cvar = <<<<bottom, bottom>>, <<1, bottom>>, <<bottom, bottom>>>>
/\ recovered = <<<<2, 2>>, <<2, 0>>, <<2, 2>>>>
/\ initCoord = <<1, 1>>

State 28: <Next line 695, col 8 to line 700, col 27 of module AccordSpec>
/\ phase = <<<<3, 2>>, <<3, 1>>, <<3, 2>>>>
/\ abal = <<<<3, 0>>, <<5, 0>>, <<3, 0>>>>
/\ initTimestamp = <<[id |-> 1, t |-> 0], [id |-> 2, t |-> 2]>>
/\ bal = <<<<5, 3>>, <<5, 0>>, <<3, 0>>>>
/\ postWaitingFlag = <<<<FALSE, FALSE>>, <<FALSE, FALSE>>, <<FALSE, FALSE>>>>
/\ Wvar = <<<<{}, {}>>, <<{}, {}>>, <<{}, {}>>>>
/\ dep = <<<<{}, {1}>>, <<{}, {}>>, <<{}, {1}>>>>
/\ recoveryAttemptBal = <<<<1, 1>>, <<5, 0>>, <<3, 3>>>>
/\ submitted = {1, 2}
/\ cmd = <<<<0, 2>>, <<1, bottom>>, <<0, 2>>>>
/\ Dvar = <<<<{}, {}>>, <<{}, {}>>, <<{}, {}>>>>
/\ msgs = { [type |-> 1, from |-> 1, to |-> 2, body |-> [id |-> 2, c |-> 2, D0 |-> {1}]],
  [type |-> 1, from |-> 1, to |-> 3, body |-> [id |-> 1, c |-> 1, D0 |-> {}]],
  [ type |-> 2,
    from |-> 1,
    to |-> 1,
    body |-> [id |-> 1, tq |-> [id |-> 1, t |-> 0], Dq |-> {}] ],
  [ type |-> 2,
    from |-> 1,
    to |-> 1,
    body |-> [id |-> 2, tq |-> [id |-> 2, t |-> 2], Dq |-> {1}] ],
  [ type |-> 2,
    from |-> 2,
    to |-> 1,
    body |-> [id |-> 1, tq |-> [id |-> 1, t |-> 0], Dq |-> {}] ],
  [ type |-> 2,
    from |-> 3,
    to |-> 1,
    body |-> [id |-> 2, tq |-> [id |-> 2, t |-> 2], Dq |-> {1}] ],
  [ type |-> 3,
    from |-> 2,
    to |-> 1,
    body |->
        [id |-> 1, t |-> [id |-> 1, t |-> 0], b |-> 5, c |-> 1, D |-> {}] ],
  [ type |-> 3,
    from |-> 2,
    to |-> 3,
    body |->
        [id |-> 1, t |-> [id |-> 1, t |-> 0], b |-> 5, c |-> 1, D |-> {}] ],
  [ type |-> 3,
    from |-> 3,
    to |-> 2,
    body |->
        [id |-> 1, t |-> [id |-> 0, t |-> 0], b |-> 3, c |-> 0, D |-> {}] ],
  [type |-> 4, from |-> 1, to |-> 3, body |-> [id |-> 1, b |-> 3, Dq |-> {}]],
  [type |-> 4, from |-> 2, to |-> 2, body |-> [id |-> 1, b |-> 5, Dq |-> {}]],
  [type |-> 4, from |-> 3, to |-> 3, body |-> [id |-> 1, b |-> 3, Dq |-> {}]],
  [type |-> 8, from |-> 1, to |-> 2, body |-> [id |-> 1, b |-> 1, c |-> 1]],
  [type |-> 8, from |-> 1, to |-> 2, body |-> [id |-> 2, b |-> 1, c |-> 2]],
  [type |-> 8, from |-> 1, to |-> 3, body |-> [id |-> 1, b |-> 1, c |-> 1]],
  [type |-> 8, from |-> 1, to |-> 3, body |-> [id |-> 2, b |-> 1, c |-> 2]],
  [type |-> 8, from |-> 2, to |-> 1, body |-> [id |-> 1, b |-> 2, c |-> 1]],
  [type |-> 8, from |-> 2, to |-> 3, body |-> [id |-> 1, b |-> 5, c |-> 1]],
  [type |-> 8, from |-> 3, to |-> 1, body |-> [id |-> 2, b |-> 3, c |-> 2]],
  [type |-> 8, from |-> 3, to |-> 2, body |-> [id |-> 1, b |-> 3, c |-> 0]],
  [type |-> 8, from |-> 3, to |-> 2, body |-> [id |-> 2, b |-> 3, c |-> 2]],
  [type |-> 8, from |-> 3, to |-> 3, body |-> [id |-> 2, b |-> 3, c |-> 2]],
  [ type |-> 9,
    from |-> 1,
    to |-> 1,
    body |->
        [ id |-> 1,
          b |-> 1,
          tq |-> [id |-> 1, t |-> 0],
          phaseq |-> 2,
          abalq |-> 0,
          cq |-> 1,
          depq |-> {},
          rejectq |-> FALSE,
          Wq |-> {},
          WPq |-> {} ] ],
  [ type |-> 9,
    from |-> 1,
    to |-> 1,
    body |->
        [ id |-> 2,
          b |-> 1,
          tq |-> [id |-> 2, t |-> 2],
          phaseq |-> 2,
          abalq |-> 0,
          cq |-> 2,
          depq |-> {1},
          rejectq |-> FALSE,
          Wq |-> {<<1, 0>>},
          WPq |-> {} ] ],
  [ type |-> 9,
    from |-> 1,
    to |-> 2,
    body |->
        [ id |-> 1,
          b |-> 5,
          tq |-> [id |-> 0, t |-> 0],
          phaseq |-> 3,
          abalq |-> 3,
          cq |-> 0,
          depq |-> {},
          rejectq |-> FALSE,
          Wq |-> {},
          WPq |-> {} ] ],
  [ type |-> 9,
    from |-> 1,
    to |-> 3,
    body |->
        [ id |-> 2,
          b |-> 3,
          tq |-> [id |-> 2, t |-> 2],
          phaseq |-> 2,
          abalq |-> 0,
          cq |-> 2,
          depq |-> {1},
          rejectq |-> FALSE,
          Wq |-> {},
          WPq |-> {} ] ],
  [ type |-> 9,
    from |-> 2,
    to |-> 2,
    body |->
        [ id |-> 1,
          b |-> 5,
          tq |-> [id |-> 1, t |-> 0],
          phaseq |-> 2,
          abalq |-> 0,
          cq |-> 1,
          depq |-> {},
          rejectq |-> FALSE,
          Wq |-> {},
          WPq |-> {} ] ] }
/\ Qvar = <<<<{}, {}>>, <<{2, 3}, {}>>, <<{}, {}>>>>
/\ ts = << <<[id |-> 0, t |-> 0], [id |-> 2, t |-> 2]>>,
   <<[id |-> 1, t |-> 0], [id |-> 0, t |-> 0]>>,
   <<[id |-> 0, t |-> 0], [id |-> 2, t |-> 2]>> >>
/\ Cvar = <<<<bottom, bottom>>, <<1, bottom>>, <<bottom, bottom>>>>
/\ recovered = <<<<2, 2>>, <<2, 0>>, <<2, 2>>>>
/\ initCoord = <<1, 1>>

State 29: <HandleAcceptOK line 366, col 5 to line 378, col 135 of module AccordSpec>
/\ phase = <<<<3, 2>>, <<3, 1>>, <<4, 2>>>>
/\ abal = <<<<3, 0>>, <<5, 0>>, <<3, 0>>>>
/\ initTimestamp = <<[id |-> 1, t |-> 0], [id |-> 2, t |-> 2]>>
/\ bal = <<<<5, 3>>, <<5, 0>>, <<3, 0>>>>
/\ postWaitingFlag = <<<<FALSE, FALSE>>, <<FALSE, FALSE>>, <<FALSE, FALSE>>>>
/\ Wvar = <<<<{}, {}>>, <<{}, {}>>, <<{}, {}>>>>
/\ dep = <<<<{}, {1}>>, <<{}, {}>>, <<{}, {1}>>>>
/\ recoveryAttemptBal = <<<<1, 1>>, <<5, 0>>, <<3, 3>>>>
/\ submitted = {1, 2}
/\ cmd = <<<<0, 2>>, <<1, bottom>>, <<0, 2>>>>
/\ Dvar = <<<<{}, {}>>, <<{}, {}>>, <<{}, {}>>>>
/\ msgs = { [type |-> 1, from |-> 1, to |-> 2, body |-> [id |-> 2, c |-> 2, D0 |-> {1}]],
  [type |-> 1, from |-> 1, to |-> 3, body |-> [id |-> 1, c |-> 1, D0 |-> {}]],
  [ type |-> 2,
    from |-> 1,
    to |-> 1,
    body |-> [id |-> 1, tq |-> [id |-> 1, t |-> 0], Dq |-> {}] ],
  [ type |-> 2,
    from |-> 1,
    to |-> 1,
    body |-> [id |-> 2, tq |-> [id |-> 2, t |-> 2], Dq |-> {1}] ],
  [ type |-> 2,
    from |-> 2,
    to |-> 1,
    body |-> [id |-> 1, tq |-> [id |-> 1, t |-> 0], Dq |-> {}] ],
  [ type |-> 2,
    from |-> 3,
    to |-> 1,
    body |-> [id |-> 2, tq |-> [id |-> 2, t |-> 2], Dq |-> {1}] ],
  [ type |-> 3,
    from |-> 2,
    to |-> 1,
    body |->
        [id |-> 1, t |-> [id |-> 1, t |-> 0], b |-> 5, c |-> 1, D |-> {}] ],
  [ type |-> 3,
    from |-> 2,
    to |-> 3,
    body |->
        [id |-> 1, t |-> [id |-> 1, t |-> 0], b |-> 5, c |-> 1, D |-> {}] ],
  [ type |-> 3,
    from |-> 3,
    to |-> 2,
    body |->
        [id |-> 1, t |-> [id |-> 0, t |-> 0], b |-> 3, c |-> 0, D |-> {}] ],
  [type |-> 4, from |-> 2, to |-> 2, body |-> [id |-> 1, b |-> 5, Dq |-> {}]],
  [ type |-> 5,
    from |-> 3,
    to |-> 1,
    body |->
        [ id |-> 1,
          t |-> [id |-> 0, t |-> 0],
          b |-> 3,
          c |-> 0,
          D |-> {},
          phaseq |-> 4 ] ],
  [ type |-> 5,
    from |-> 3,
    to |-> 2,
    body |->
        [ id |-> 1,
          t |-> [id |-> 0, t |-> 0],
          b |-> 3,
          c |-> 0,
          D |-> {},
          phaseq |-> 4 ] ],
  [type |-> 6, from |-> 3, to |-> 3, body |-> [id |-> 1, b |-> 3]],
  [type |-> 8, from |-> 1, to |-> 2, body |-> [id |-> 1, b |-> 1, c |-> 1]],
  [type |-> 8, from |-> 1, to |-> 2, body |-> [id |-> 2, b |-> 1, c |-> 2]],
  [type |-> 8, from |-> 1, to |-> 3, body |-> [id |-> 1, b |-> 1, c |-> 1]],
  [type |-> 8, from |-> 1, to |-> 3, body |-> [id |-> 2, b |-> 1, c |-> 2]],
  [type |-> 8, from |-> 2, to |-> 1, body |-> [id |-> 1, b |-> 2, c |-> 1]],
  [type |-> 8, from |-> 2, to |-> 3, body |-> [id |-> 1, b |-> 5, c |-> 1]],
  [type |-> 8, from |-> 3, to |-> 1, body |-> [id |-> 2, b |-> 3, c |-> 2]],
  [type |-> 8, from |-> 3, to |-> 2, body |-> [id |-> 1, b |-> 3, c |-> 0]],
  [type |-> 8, from |-> 3, to |-> 2, body |-> [id |-> 2, b |-> 3, c |-> 2]],
  [type |-> 8, from |-> 3, to |-> 3, body |-> [id |-> 2, b |-> 3, c |-> 2]],
  [ type |-> 9,
    from |-> 1,
    to |-> 1,
    body |->
        [ id |-> 1,
          b |-> 1,
          tq |-> [id |-> 1, t |-> 0],
          phaseq |-> 2,
          abalq |-> 0,
          cq |-> 1,
          depq |-> {},
          rejectq |-> FALSE,
          Wq |-> {},
          WPq |-> {} ] ],
  [ type |-> 9,
    from |-> 1,
    to |-> 1,
    body |->
        [ id |-> 2,
          b |-> 1,
          tq |-> [id |-> 2, t |-> 2],
          phaseq |-> 2,
          abalq |-> 0,
          cq |-> 2,
          depq |-> {1},
          rejectq |-> FALSE,
          Wq |-> {<<1, 0>>},
          WPq |-> {} ] ],
  [ type |-> 9,
    from |-> 1,
    to |-> 2,
    body |->
        [ id |-> 1,
          b |-> 5,
          tq |-> [id |-> 0, t |-> 0],
          phaseq |-> 3,
          abalq |-> 3,
          cq |-> 0,
          depq |-> {},
          rejectq |-> FALSE,
          Wq |-> {},
          WPq |-> {} ] ],
  [ type |-> 9,
    from |-> 1,
    to |-> 3,
    body |->
        [ id |-> 2,
          b |-> 3,
          tq |-> [id |-> 2, t |-> 2],
          phaseq |-> 2,
          abalq |-> 0,
          cq |-> 2,
          depq |-> {1},
          rejectq |-> FALSE,
          Wq |-> {},
          WPq |-> {} ] ],
  [ type |-> 9,
    from |-> 2,
    to |-> 2,
    body |->
        [ id |-> 1,
          b |-> 5,
          tq |-> [id |-> 1, t |-> 0],
          phaseq |-> 2,
          abalq |-> 0,
          cq |-> 1,
          depq |-> {},
          rejectq |-> FALSE,
          Wq |-> {},
          WPq |-> {} ] ] }
/\ Qvar = <<<<{}, {}>>, <<{2, 3}, {}>>, <<{}, {}>>>>
/\ ts = << <<[id |-> 0, t |-> 0], [id |-> 2, t |-> 2]>>,
   <<[id |-> 1, t |-> 0], [id |-> 0, t |-> 0]>>,
   <<[id |-> 0, t |-> 0], [id |-> 2, t |-> 2]>> >>
/\ Cvar = <<<<bottom, bottom>>, <<1, bottom>>, <<bottom, bottom>>>>
/\ recovered = <<<<2, 2>>, <<2, 0>>, <<2, 2>>>>
/\ initCoord = <<1, 1>>

State 30: <Next line 695, col 8 to line 700, col 27 of module AccordSpec>
/\ phase = <<<<3, 2>>, <<3, 1>>, <<4, 2>>>>
/\ abal = <<<<5, 0>>, <<5, 0>>, <<3, 0>>>>
/\ initTimestamp = <<[id |-> 1, t |-> 0], [id |-> 2, t |-> 2]>>
/\ bal = <<<<5, 3>>, <<5, 0>>, <<3, 0>>>>
/\ postWaitingFlag = <<<<FALSE, FALSE>>, <<FALSE, FALSE>>, <<FALSE, FALSE>>>>
/\ Wvar = <<<<{}, {}>>, <<{}, {}>>, <<{}, {}>>>>
/\ dep = <<<<{}, {1}>>, <<{}, {}>>, <<{}, {1}>>>>
/\ recoveryAttemptBal = <<<<1, 1>>, <<5, 0>>, <<3, 3>>>>
/\ submitted = {1, 2}
/\ cmd = <<<<1, 2>>, <<1, bottom>>, <<0, 2>>>>
/\ Dvar = <<<<{}, {}>>, <<{}, {}>>, <<{}, {}>>>>
/\ msgs = { [type |-> 1, from |-> 1, to |-> 2, body |-> [id |-> 2, c |-> 2, D0 |-> {1}]],
  [type |-> 1, from |-> 1, to |-> 3, body |-> [id |-> 1, c |-> 1, D0 |-> {}]],
  [ type |-> 2,
    from |-> 1,
    to |-> 1,
    body |-> [id |-> 1, tq |-> [id |-> 1, t |-> 0], Dq |-> {}] ],
  [ type |-> 2,
    from |-> 1,
    to |-> 1,
    body |-> [id |-> 2, tq |-> [id |-> 2, t |-> 2], Dq |-> {1}] ],
  [ type |-> 2,
    from |-> 2,
    to |-> 1,
    body |-> [id |-> 1, tq |-> [id |-> 1, t |-> 0], Dq |-> {}] ],
  [ type |-> 2,
    from |-> 3,
    to |-> 1,
    body |-> [id |-> 2, tq |-> [id |-> 2, t |-> 2], Dq |-> {1}] ],
  [ type |-> 3,
    from |-> 2,
    to |-> 3,
    body |->
        [id |-> 1, t |-> [id |-> 1, t |-> 0], b |-> 5, c |-> 1, D |-> {}] ],
  [ type |-> 3,
    from |-> 3,
    to |-> 2,
    body |->
        [id |-> 1, t |-> [id |-> 0, t |-> 0], b |-> 3, c |-> 0, D |-> {}] ],
  [type |-> 4, from |-> 1, to |-> 2, body |-> [id |-> 1, b |-> 5, Dq |-> {}]],
  [type |-> 4, from |-> 2, to |-> 2, body |-> [id |-> 1, b |-> 5, Dq |-> {}]],
  [ type |-> 5,
    from |-> 3,
    to |-> 1,
    body |->
        [ id |-> 1,
          t |-> [id |-> 0, t |-> 0],
          b |-> 3,
          c |-> 0,
          D |-> {},
          phaseq |-> 4 ] ],
  [ type |-> 5,
    from |-> 3,
    to |-> 2,
    body |->
        [ id |-> 1,
          t |-> [id |-> 0, t |-> 0],
          b |-> 3,
          c |-> 0,
          D |-> {},
          phaseq |-> 4 ] ],
  [type |-> 6, from |-> 3, to |-> 3, body |-> [id |-> 1, b |-> 3]],
  [type |-> 8, from |-> 1, to |-> 2, body |-> [id |-> 1, b |-> 1, c |-> 1]],
  [type |-> 8, from |-> 1, to |-> 2, body |-> [id |-> 2, b |-> 1, c |-> 2]],
  [type |-> 8, from |-> 1, to |-> 3, body |-> [id |-> 1, b |-> 1, c |-> 1]],
  [type |-> 8, from |-> 1, to |-> 3, body |-> [id |-> 2, b |-> 1, c |-> 2]],
  [type |-> 8, from |-> 2, to |-> 1, body |-> [id |-> 1, b |-> 2, c |-> 1]],
  [type |-> 8, from |-> 2, to |-> 3, body |-> [id |-> 1, b |-> 5, c |-> 1]],
  [type |-> 8, from |-> 3, to |-> 1, body |-> [id |-> 2, b |-> 3, c |-> 2]],
  [type |-> 8, from |-> 3, to |-> 2, body |-> [id |-> 1, b |-> 3, c |-> 0]],
  [type |-> 8, from |-> 3, to |-> 2, body |-> [id |-> 2, b |-> 3, c |-> 2]],
  [type |-> 8, from |-> 3, to |-> 3, body |-> [id |-> 2, b |-> 3, c |-> 2]],
  [ type |-> 9,
    from |-> 1,
    to |-> 1,
    body |->
        [ id |-> 1,
          b |-> 1,
          tq |-> [id |-> 1, t |-> 0],
          phaseq |-> 2,
          abalq |-> 0,
          cq |-> 1,
          depq |-> {},
          rejectq |-> FALSE,
          Wq |-> {},
          WPq |-> {} ] ],
  [ type |-> 9,
    from |-> 1,
    to |-> 1,
    body |->
        [ id |-> 2,
          b |-> 1,
          tq |-> [id |-> 2, t |-> 2],
          phaseq |-> 2,
          abalq |-> 0,
          cq |-> 2,
          depq |-> {1},
          rejectq |-> FALSE,
          Wq |-> {<<1, 0>>},
          WPq |-> {} ] ],
  [ type |-> 9,
    from |-> 1,
    to |-> 2,
    body |->
        [ id |-> 1,
          b |-> 5,
          tq |-> [id |-> 0, t |-> 0],
          phaseq |-> 3,
          abalq |-> 3,
          cq |-> 0,
          depq |-> {},
          rejectq |-> FALSE,
          Wq |-> {},
          WPq |-> {} ] ],
  [ type |-> 9,
    from |-> 1,
    to |-> 3,
    body |->
        [ id |-> 2,
          b |-> 3,
          tq |-> [id |-> 2, t |-> 2],
          phaseq |-> 2,
          abalq |-> 0,
          cq |-> 2,
          depq |-> {1},
          rejectq |-> FALSE,
          Wq |-> {},
          WPq |-> {} ] ],
  [ type |-> 9,
    from |-> 2,
    to |-> 2,
    body |->
        [ id |-> 1,
          b |-> 5,
          tq |-> [id |-> 1, t |-> 0],
          phaseq |-> 2,
          abalq |-> 0,
          cq |-> 1,
          depq |-> {},
          rejectq |-> FALSE,
          Wq |-> {},
          WPq |-> {} ] ] }
/\ Qvar = <<<<{}, {}>>, <<{2, 3}, {}>>, <<{}, {}>>>>
/\ ts = << <<[id |-> 1, t |-> 0], [id |-> 2, t |-> 2]>>,
   <<[id |-> 1, t |-> 0], [id |-> 0, t |-> 0]>>,
   <<[id |-> 0, t |-> 0], [id |-> 2, t |-> 2]>> >>
/\ Cvar = <<<<bottom, bottom>>, <<1, bottom>>, <<bottom, bottom>>>>
/\ recovered = <<<<2, 2>>, <<2, 0>>, <<2, 2>>>>
/\ initCoord = <<1, 1>>

State 31: <HandleAcceptOK line 366, col 5 to line 378, col 135 of module AccordSpec>
/\ phase = <<<<3, 2>>, <<4, 1>>, <<4, 2>>>>
/\ abal = <<<<5, 0>>, <<5, 0>>, <<3, 0>>>>
/\ initTimestamp = <<[id |-> 1, t |-> 0], [id |-> 2, t |-> 2]>>
/\ bal = <<<<5, 3>>, <<5, 0>>, <<3, 0>>>>
/\ postWaitingFlag = <<<<FALSE, FALSE>>, <<FALSE, FALSE>>, <<FALSE, FALSE>>>>
/\ Wvar = <<<<{}, {}>>, <<{}, {}>>, <<{}, {}>>>>
/\ dep = <<<<{}, {1}>>, <<{}, {}>>, <<{}, {1}>>>>
/\ recoveryAttemptBal = <<<<1, 1>>, <<5, 0>>, <<3, 3>>>>
/\ submitted = {1, 2}
/\ cmd = <<<<1, 2>>, <<1, bottom>>, <<0, 2>>>>
/\ Dvar = <<<<{}, {}>>, <<{}, {}>>, <<{}, {}>>>>
/\ msgs = { [type |-> 1, from |-> 1, to |-> 2, body |-> [id |-> 2, c |-> 2, D0 |-> {1}]],
  [type |-> 1, from |-> 1, to |-> 3, body |-> [id |-> 1, c |-> 1, D0 |-> {}]],
  [ type |-> 2,
    from |-> 1,
    to |-> 1,
    body |-> [id |-> 1, tq |-> [id |-> 1, t |-> 0], Dq |-> {}] ],
  [ type |-> 2,
    from |-> 1,
    to |-> 1,
    body |-> [id |-> 2, tq |-> [id |-> 2, t |-> 2], Dq |-> {1}] ],
  [ type |-> 2,
    from |-> 2,
    to |-> 1,
    body |-> [id |-> 1, tq |-> [id |-> 1, t |-> 0], Dq |-> {}] ],
  [ type |-> 2,
    from |-> 3,
    to |-> 1,
    body |-> [id |-> 2, tq |-> [id |-> 2, t |-> 2], Dq |-> {1}] ],
  [ type |-> 3,
    from |-> 2,
    to |-> 3,
    body |->
        [id |-> 1, t |-> [id |-> 1, t |-> 0], b |-> 5, c |-> 1, D |-> {}] ],
  [ type |-> 3,
    from |-> 3,
    to |-> 2,
    body |->
        [id |-> 1, t |-> [id |-> 0, t |-> 0], b |-> 3, c |-> 0, D |-> {}] ],
  [ type |-> 5,
    from |-> 2,
    to |-> 1,
    body |->
        [ id |-> 1,
          t |-> [id |-> 1, t |-> 0],
          b |-> 5,
          c |-> 1,
          D |-> {},
          phaseq |-> 4 ] ],
  [ type |-> 5,
    from |-> 2,
    to |-> 3,
    body |->
        [ id |-> 1,
          t |-> [id |-> 1, t |-> 0],
          b |-> 5,
          c |-> 1,
          D |-> {},
          phaseq |-> 4 ] ],
  [ type |-> 5,
    from |-> 3,
    to |-> 1,
    body |->
        [ id |-> 1,
          t |-> [id |-> 0, t |-> 0],
          b |-> 3,
          c |-> 0,
          D |-> {},
          phaseq |-> 4 ] ],
  [ type |-> 5,
    from |-> 3,
    to |-> 2,
    body |->
        [ id |-> 1,
          t |-> [id |-> 0, t |-> 0],
          b |-> 3,
          c |-> 0,
          D |-> {},
          phaseq |-> 4 ] ],
  [type |-> 6, from |-> 2, to |-> 2, body |-> [id |-> 1, b |-> 5]],
  [type |-> 6, from |-> 3, to |-> 3, body |-> [id |-> 1, b |-> 3]],
  [type |-> 8, from |-> 1, to |-> 2, body |-> [id |-> 1, b |-> 1, c |-> 1]],
  [type |-> 8, from |-> 1, to |-> 2, body |-> [id |-> 2, b |-> 1, c |-> 2]],
  [type |-> 8, from |-> 1, to |-> 3, body |-> [id |-> 1, b |-> 1, c |-> 1]],
  [type |-> 8, from |-> 1, to |-> 3, body |-> [id |-> 2, b |-> 1, c |-> 2]],
  [type |-> 8, from |-> 2, to |-> 1, body |-> [id |-> 1, b |-> 2, c |-> 1]],
  [type |-> 8, from |-> 2, to |-> 3, body |-> [id |-> 1, b |-> 5, c |-> 1]],
  [type |-> 8, from |-> 3, to |-> 1, body |-> [id |-> 2, b |-> 3, c |-> 2]],
  [type |-> 8, from |-> 3, to |-> 2, body |-> [id |-> 1, b |-> 3, c |-> 0]],
  [type |-> 8, from |-> 3, to |-> 2, body |-> [id |-> 2, b |-> 3, c |-> 2]],
  [type |-> 8, from |-> 3, to |-> 3, body |-> [id |-> 2, b |-> 3, c |-> 2]],
  [ type |-> 9,
    from |-> 1,
    to |-> 1,
    body |->
        [ id |-> 1,
          b |-> 1,
          tq |-> [id |-> 1, t |-> 0],
          phaseq |-> 2,
          abalq |-> 0,
          cq |-> 1,
          depq |-> {},
          rejectq |-> FALSE,
          Wq |-> {},
          WPq |-> {} ] ],
  [ type |-> 9,
    from |-> 1,
    to |-> 1,
    body |->
        [ id |-> 2,
          b |-> 1,
          tq |-> [id |-> 2, t |-> 2],
          phaseq |-> 2,
          abalq |-> 0,
          cq |-> 2,
          depq |-> {1},
          rejectq |-> FALSE,
          Wq |-> {<<1, 0>>},
          WPq |-> {} ] ],
  [ type |-> 9,
    from |-> 1,
    to |-> 2,
    body |->
        [ id |-> 1,
          b |-> 5,
          tq |-> [id |-> 0, t |-> 0],
          phaseq |-> 3,
          abalq |-> 3,
          cq |-> 0,
          depq |-> {},
          rejectq |-> FALSE,
          Wq |-> {},
          WPq |-> {} ] ],
  [ type |-> 9,
    from |-> 1,
    to |-> 3,
    body |->
        [ id |-> 2,
          b |-> 3,
          tq |-> [id |-> 2, t |-> 2],
          phaseq |-> 2,
          abalq |-> 0,
          cq |-> 2,
          depq |-> {1},
          rejectq |-> FALSE,
          Wq |-> {},
          WPq |-> {} ] ],
  [ type |-> 9,
    from |-> 2,
    to |-> 2,
    body |->
        [ id |-> 1,
          b |-> 5,
          tq |-> [id |-> 1, t |-> 0],
          phaseq |-> 2,
          abalq |-> 0,
          cq |-> 1,
          depq |-> {},
          rejectq |-> FALSE,
          Wq |-> {},
          WPq |-> {} ] ] }
/\ Qvar = <<<<{}, {}>>, <<{2, 3}, {}>>, <<{}, {}>>>>
/\ ts = << <<[id |-> 1, t |-> 0], [id |-> 2, t |-> 2]>>,
   <<[id |-> 1, t |-> 0], [id |-> 0, t |-> 0]>>,
   <<[id |-> 0, t |-> 0], [id |-> 2, t |-> 2]>> >>
/\ Cvar = <<<<bottom, bottom>>, <<1, bottom>>, <<bottom, bottom>>>>
/\ recovered = <<<<2, 2>>, <<2, 0>>, <<2, 2>>>>
/\ initCoord = <<1, 1>>

The number of states generated: 194122379
Simulation using seed 2758205137609047230 and aril 0
Progress: 194122934 states checked.
Finished in 12min 45s at (2026-03-13 16:20:02)
