TLC2 Version 2.19 of 08 August 2024 (rev: 5a47802)
Warning: Please run the Java VM which executes TLC with a throughput optimized garbage collector by passing the "-XX:+UseParallelGC" property.
(Use the -nowarning option to disable this warning.)
Running Random Simulation with seed -1463324984301915544 with 25 workers on 72 cores with 30208MB heap and 64MB offheap memory [pid: 364041] (Linux 6.12.69+deb13-cloud-amd64 amd64, Debian 21.0.10 x86_64).
Parsing file /home/alexandre.siret/AccordTLASpec/SpecAccord/RecoveryAndCommitSpec/AccordSpec.tla
Parsing file /tmp/TLC.tla
Parsing file /tmp/Naturals.tla
Parsing file /tmp/Sequences.tla
Parsing file /tmp/FiniteSets.tla
Semantic processing of module Naturals
Semantic processing of module Sequences
Semantic processing of module FiniteSets
Semantic processing of module TLC
Semantic processing of module AccordSpec
Starting... (2026-03-30 10:11:25)
Computed 1 initial states...
Warning: The EXCEPT was applied to non-existing fields of the value at
line 337, col 29 to line 337, col 31 of module AccordSpec
Error: TLC threw an unexpected exception.
This was probably caused by an error in the spec or model.
See the User Output or TLC Console for clues to what happened.
The exception was a java.lang.RuntimeException
: Attempted to apply function:
<< <<<<0, 0, 0>>, <<0, 0, 0>>, <<0, 0, 0>>>>,
   <<<<0, 0, 0>>, <<0, 0, 0>>, <<0, 0, 0>>>> >>
to argument 3, which is not in the domain of the function.
Error: The behavior up to this point is:
State 1: <Initial predicate>
/\ phase = << <<<<1, 1, 1>>, <<1, 1, 1>>, <<1, 1, 1>>>>,
   <<<<1, 1, 1>>, <<1, 1, 1>>, <<1, 1, 1>>>> >>
/\ abal = << <<<<0, 0, 0>>, <<0, 0, 0>>, <<0, 0, 0>>>>,
   <<<<0, 0, 0>>, <<0, 0, 0>>, <<0, 0, 0>>>> >>
/\ initTimestamp = << [id |-> <<0, 0>>, t |-> 0],
   [id |-> <<0, 0>>, t |-> 2],
   [id |-> <<0, 0>>, t |-> 1] >>
/\ bal = << <<<<0, 0, 0>>, <<0, 0, 0>>, <<0, 0, 0>>>>,
   <<<<0, 0, 0>>, <<0, 0, 0>>, <<0, 0, 0>>>> >>
/\ txn = << << <<bottom, bottom, bottom>>,
      <<bottom, bottom, bottom>>,
      <<bottom, bottom, bottom>> >>,
   << <<bottom, bottom, bottom>>,
      <<bottom, bottom, bottom>>,
      <<bottom, bottom, bottom>> >> >>
/\ postWaitingFlag = << << <<FALSE, FALSE, FALSE>>,
      <<FALSE, FALSE, FALSE>>,
      <<FALSE, FALSE, FALSE>> >>,
   << <<FALSE, FALSE, FALSE>>,
      <<FALSE, FALSE, FALSE>>,
      <<FALSE, FALSE, FALSE>> >> >>
/\ Wvar = << <<<<{}, {}, {}>>, <<{}, {}, {}>>, <<{}, {}, {}>>>>,
   <<<<{}, {}, {}>>, <<{}, {}, {}>>, <<{}, {}, {}>>>> >>
/\ dep = << <<<<{}, {}, {}>>, <<{}, {}, {}>>, <<{}, {}, {}>>>>,
   <<<<{}, {}, {}>>, <<{}, {}, {}>>, <<{}, {}, {}>>>> >>
/\ recoveryAttemptBal = << <<<<0, 0, 0>>, <<0, 0, 0>>, <<0, 0, 0>>>>,
   <<<<0, 0, 0>>, <<0, 0, 0>>, <<0, 0, 0>>>> >>
/\ submitted = {}
/\ Dvar = << <<<<{}, {}, {}>>, <<{}, {}, {}>>, <<{}, {}, {}>>>>,
   <<<<{}, {}, {}>>, <<{}, {}, {}>>, <<{}, {}, {}>>>> >>
/\ msgs = {}
/\ Qvar = << <<<<{}, {}, {}>>, <<{}, {}, {}>>, <<{}, {}, {}>>>>,
   <<<<{}, {}, {}>>, <<{}, {}, {}>>, <<{}, {}, {}>>>> >>
/\ ts = << << << [id |-> <<0, 0>>, t |-> 0],
         [id |-> <<0, 0>>, t |-> 0],
         [id |-> <<0, 0>>, t |-> 0] >>,
      << [id |-> <<0, 0>>, t |-> 0],
         [id |-> <<0, 0>>, t |-> 0],
         [id |-> <<0, 0>>, t |-> 0] >>,
      << [id |-> <<0, 0>>, t |-> 0],
         [id |-> <<0, 0>>, t |-> 0],
         [id |-> <<0, 0>>, t |-> 0] >> >>,
   << << [id |-> <<0, 0>>, t |-> 0],
         [id |-> <<0, 0>>, t |-> 0],
         [id |-> <<0, 0>>, t |-> 0] >>,
      << [id |-> <<0, 0>>, t |-> 0],
         [id |-> <<0, 0>>, t |-> 0],
         [id |-> <<0, 0>>, t |-> 0] >>,
      << [id |-> <<0, 0>>, t |-> 0],
         [id |-> <<0, 0>>, t |-> 0],
         [id |-> <<0, 0>>, t |-> 0] >> >> >>
/\ TXvar = << << <<bottom, bottom, bottom>>,
      <<bottom, bottom, bottom>>,
      <<bottom, bottom, bottom>> >>,
   << <<bottom, bottom, bottom>>,
      <<bottom, bottom, bottom>>,
      <<bottom, bottom, bottom>> >> >>
/\ recovered = << <<<<0, 0, 0>>, <<0, 0, 0>>, <<0, 0, 0>>>>,
   <<<<0, 0, 0>>, <<0, 0, 0>>, <<0, 0, 0>>>> >>
/\ initCoord = <<<<0, 0>>, <<0, 0>>, <<0, 0>>>>

State 2: <Submit line 288, col 5 to line 316, col 105 of module AccordSpec>
/\ phase = << <<<<1, 1, 1>>, <<2, 1, 1>>, <<1, 1, 1>>>>,
   <<<<1, 1, 1>>, <<1, 1, 1>>, <<1, 1, 1>>>> >>
/\ abal = << <<<<0, 0, 0>>, <<0, 0, 0>>, <<0, 0, 0>>>>,
   <<<<0, 0, 0>>, <<0, 0, 0>>, <<0, 0, 0>>>> >>
/\ initTimestamp = << [id |-> <<1, 2>>, t |-> 0],
   [id |-> <<0, 0>>, t |-> 2],
   [id |-> <<0, 0>>, t |-> 1] >>
/\ bal = << <<<<0, 0, 0>>, <<0, 0, 0>>, <<0, 0, 0>>>>,
   <<<<0, 0, 0>>, <<0, 0, 0>>, <<0, 0, 0>>>> >>
/\ txn = << << <<bottom, bottom, bottom>>,
      <<1, bottom, bottom>>,
      <<bottom, bottom, bottom>> >>,
   << <<bottom, bottom, bottom>>,
      <<bottom, bottom, bottom>>,
      <<bottom, bottom, bottom>> >> >>
/\ postWaitingFlag = << << <<FALSE, FALSE, FALSE>>,
      <<FALSE, FALSE, FALSE>>,
      <<FALSE, FALSE, FALSE>> >>,
   << <<FALSE, FALSE, FALSE>>,
      <<FALSE, FALSE, FALSE>>,
      <<FALSE, FALSE, FALSE>> >> >>
/\ Wvar = << <<<<{}, {}, {}>>, <<{}, {}, {}>>, <<{}, {}, {}>>>>,
   <<<<{}, {}, {}>>, <<{}, {}, {}>>, <<{}, {}, {}>>>> >>
/\ dep = << <<<<{}, {}, {}>>, <<{}, {}, {}>>, <<{}, {}, {}>>>>,
   <<<<{}, {}, {}>>, <<{}, {}, {}>>, <<{}, {}, {}>>>> >>
/\ recoveryAttemptBal = << <<<<0, 0, 0>>, <<0, 0, 0>>, <<0, 0, 0>>>>,
   <<<<0, 0, 0>>, <<0, 0, 0>>, <<0, 0, 0>>>> >>
/\ submitted = {1}
/\ Dvar = << <<<<{}, {}, {}>>, <<{}, {}, {}>>, <<{}, {}, {}>>>>,
   <<<<{}, {}, {}>>, <<{}, {}, {}>>, <<{}, {}, {}>>>> >>
/\ msgs = { [ shardfrom |-> 1,
    type |-> 1,
    from |-> 2,
    shardto |-> 1,
    to |-> 1,
    body |-> [id |-> 1, tx |-> 1, D0 |-> {}] ],
  [ shardfrom |-> 1,
    type |-> 1,
    from |-> 2,
    shardto |-> 1,
    to |-> 3,
    body |-> [id |-> 1, tx |-> 1, D0 |-> {}] ],
  [ shardfrom |-> 1,
    type |-> 1,
    from |-> 2,
    shardto |-> 2,
    to |-> 1,
    body |-> [id |-> 1, tx |-> 1, D0 |-> {}] ],
  [ shardfrom |-> 1,
    type |-> 1,
    from |-> 2,
    shardto |-> 2,
    to |-> 2,
    body |-> [id |-> 1, tx |-> 1, D0 |-> {}] ],
  [ shardfrom |-> 1,
    type |-> 1,
    from |-> 2,
    shardto |-> 2,
    to |-> 3,
    body |-> [id |-> 1, tx |-> 1, D0 |-> {}] ],
  [ shardfrom |-> 1,
    type |-> 1,
    from |-> 2,
    shardto |-> 3,
    to |-> 1,
    body |-> [id |-> 1, tx |-> 1, D0 |-> {}] ],
  [ shardfrom |-> 1,
    type |-> 1,
    from |-> 2,
    shardto |-> 3,
    to |-> 2,
    body |-> [id |-> 1, tx |-> 1, D0 |-> {}] ],
  [ shardfrom |-> 1,
    type |-> 1,
    from |-> 2,
    shardto |-> 3,
    to |-> 3,
    body |-> [id |-> 1, tx |-> 1, D0 |-> {}] ],
  [ shardfrom |-> 1,
    type |-> 2,
    from |-> 2,
    shardto |-> 1,
    to |-> 2,
    body |-> [id |-> 1, tq |-> [id |-> <<1, 2>>, t |-> 0], Dq |-> {}] ] }
/\ Qvar = << <<<<{}, {}, {}>>, <<{}, {}, {}>>, <<{}, {}, {}>>>>,
   <<<<{}, {}, {}>>, <<{}, {}, {}>>, <<{}, {}, {}>>>> >>
/\ ts = << << << [id |-> <<0, 0>>, t |-> 0],
         [id |-> <<0, 0>>, t |-> 0],
         [id |-> <<0, 0>>, t |-> 0] >>,
      << [id |-> <<1, 2>>, t |-> 0],
         [id |-> <<0, 0>>, t |-> 0],
         [id |-> <<0, 0>>, t |-> 0] >>,
      << [id |-> <<0, 0>>, t |-> 0],
         [id |-> <<0, 0>>, t |-> 0],
         [id |-> <<0, 0>>, t |-> 0] >> >>,
   << << [id |-> <<0, 0>>, t |-> 0],
         [id |-> <<0, 0>>, t |-> 0],
         [id |-> <<0, 0>>, t |-> 0] >>,
      << [id |-> <<0, 0>>, t |-> 0],
         [id |-> <<0, 0>>, t |-> 0],
         [id |-> <<0, 0>>, t |-> 0] >>,
      << [id |-> <<0, 0>>, t |-> 0],
         [id |-> <<0, 0>>, t |-> 0],
         [id |-> <<0, 0>>, t |-> 0] >> >> >>
/\ TXvar = << << <<bottom, bottom, bottom>>,
      <<bottom, bottom, bottom>>,
      <<bottom, bottom, bottom>> >>,
   << <<bottom, bottom, bottom>>,
      <<bottom, bottom, bottom>>,
      <<bottom, bottom, bottom>> >> >>
/\ recovered = << <<<<0, 0, 0>>, <<0, 0, 0>>, <<0, 0, 0>>>>,
   <<<<0, 0, 0>>, <<0, 0, 0>>, <<0, 0, 0>>>> >>
/\ initCoord = <<<<1, 2>>, <<0, 0>>, <<0, 0>>>>

Progress: 87 states checked.
Finished in 00s at (2026-03-30 10:11:25)
