2026-04-27T11:42:26,138 [main] INFO  a.f.a.t.Tool$ - # APALACHE version: 0.56.1 | build: 70cdaf4
2026-04-27T11:42:26,155 [main] INFO  a.f.a.i.p.o.OptionGroup$ -   > AccordSpec.cfg: Loading TLC configuration
2026-04-27T11:42:26,198 [main] WARN  a.f.a.i.t.TlcConfigParserApalache$ - TLC config option CHECK_DEADLOCK true will be ignored
2026-04-27T11:42:26,205 [main] WARN  a.f.a.i.p.o.OptionGroup$ -   >  inv is set in TLC config but overridden via `inv` cli option or apalache.cfg; using Agreement
2026-04-27T11:42:26,206 [main] INFO  a.f.a.t.t.o.CheckCmd - Tuning: search.outputTraces=false
2026-04-27T11:42:26,367 [main] INFO  a.f.a.i.p.PassChainExecutor - PASS #0: SanyParser
2026-04-27T11:42:26,916 [main] DEBUG a.f.a.i.p.PassChainExecutor - PASS #0: SanyParser [OK]
2026-04-27T11:42:26,917 [main] INFO  a.f.a.i.p.PassChainExecutor - PASS #1: TypeCheckerSnowcat
2026-04-27T11:42:26,917 [main] INFO  a.f.a.t.p.t.EtcTypeCheckerPassImpl -  > Running Snowcat .::.
2026-04-27T11:42:36,739 [main] INFO  a.f.a.t.p.t.EtcTypeCheckerPassImpl -  > Your types are purrfect!
2026-04-27T11:42:36,739 [main] INFO  a.f.a.t.p.t.EtcTypeCheckerPassImpl -  > All expressions are typed
2026-04-27T11:42:36,740 [main] DEBUG a.f.a.i.p.PassChainExecutor - PASS #1: TypeCheckerSnowcat [OK]
2026-04-27T11:42:36,740 [main] INFO  a.f.a.i.p.PassChainExecutor - PASS #2: ConfigurationPass
2026-04-27T11:42:36,912 [main] INFO  a.f.a.t.p.p.ConfigurationPassImpl -   > AccordSpec.cfg: Using SPECIFICATION Spec
2026-04-27T11:42:36,913 [main] INFO  a.f.a.t.p.p.ConfigurationPassImpl -   > AccordSpec.cfg: found INVARIANTS: Agreement
2026-04-27T11:42:36,916 [main] DEBUG a.f.a.i.p.PassChainExecutor - Adapted exception intercepted: 
at.forsyte.apalache.tla.typecheck.TypingInputException: Constant Bottom declared in the specification has the type tag Typed(Int), while the value defined in the .cfg file has the type tag Typed(Str).
Please make sure the values in the .cfg file have types matching those in the specification, or use --cinit instead.
	at at.forsyte.apalache.tla.passes.pp.ConfigurationPassImpl.$anonfun$execute$3(ConfigurationPassImpl.scala:77)
	at at.forsyte.apalache.tla.passes.pp.ConfigurationPassImpl.$anonfun$execute$3$adapted(ConfigurationPassImpl.scala:66)
	at scala.collection.immutable.List.foreach(List.scala:323)
	at at.forsyte.apalache.tla.passes.pp.ConfigurationPassImpl.execute(ConfigurationPassImpl.scala:66)
	at at.forsyte.apalache.infra.passes.PassChainExecutor.exec(PassChainExecutor.scala:71)
	at at.forsyte.apalache.infra.passes.PassChainExecutor.$anonfun$runPassOnModule$3(PassChainExecutor.scala:60)
	at scala.util.Either.flatMap(Either.scala:360)
	at at.forsyte.apalache.infra.passes.PassChainExecutor.$anonfun$runPassOnModule$1(PassChainExecutor.scala:58)
	at scala.collection.LinearSeqOps.foldLeft(LinearSeq.scala:183)
	at scala.collection.LinearSeqOps.foldLeft$(LinearSeq.scala:179)
	at scala.collection.immutable.List.foldLeft(List.scala:79)
	at at.forsyte.apalache.infra.passes.PassChainExecutor.runOnPasses(PassChainExecutor.scala:51)
	at at.forsyte.apalache.infra.passes.PassChainExecutor.run(PassChainExecutor.scala:42)
	at at.forsyte.apalache.tla.tooling.opt.CheckCmd.run(CheckCmd.scala:137)
	at at.forsyte.apalache.tla.Tool$.runCommand(Tool.scala:139)
	at at.forsyte.apalache.tla.Tool$.run(Tool.scala:119)
	at at.forsyte.apalache.tla.Tool$.main(Tool.scala:40)
	at at.forsyte.apalache.tla.Tool.main(Tool.scala)
2026-04-27T11:42:36,951 [main] ERROR a.f.a.t.Tool$ - <unknown>: type input error: Constant Bottom declared in the specification has the type tag Typed(Int), while the value defined in the .cfg file has the type tag Typed(Str).
Please make sure the values in the .cfg file have types matching those in the specification, or use --cinit instead.
2026-04-27T11:42:36,952 [main] INFO  a.f.a.t.Tool$ - It took me 0 days  0 hours  0 min 10 sec
2026-04-27T11:42:36,952 [main] INFO  a.f.a.t.Tool$ - Total time: 10.811 sec
