2026-04-27T11:34:33,204 [main] INFO  a.f.a.t.Tool$ - # APALACHE version: 0.56.1 | build: 70cdaf4
2026-04-27T11:34:33,223 [main] INFO  a.f.a.t.t.o.CheckCmd - Tuning: search.outputTraces=false
2026-04-27T11:34:33,417 [main] INFO  a.f.a.i.p.PassChainExecutor - PASS #0: SanyParser
2026-04-27T11:34:33,979 [main] DEBUG a.f.a.i.p.PassChainExecutor - PASS #0: SanyParser [OK]
2026-04-27T11:34:33,980 [main] INFO  a.f.a.i.p.PassChainExecutor - PASS #1: TypeCheckerSnowcat
2026-04-27T11:34:33,980 [main] INFO  a.f.a.t.p.t.EtcTypeCheckerPassImpl -  > Running Snowcat .::.
2026-04-27T11:34:43,176 [main] INFO  a.f.a.t.p.t.EtcTypeCheckerPassImpl -  > Your types are purrfect!
2026-04-27T11:34:43,176 [main] INFO  a.f.a.t.p.t.EtcTypeCheckerPassImpl -  > All expressions are typed
2026-04-27T11:34:43,176 [main] DEBUG a.f.a.i.p.PassChainExecutor - PASS #1: TypeCheckerSnowcat [OK]
2026-04-27T11:34:43,177 [main] INFO  a.f.a.i.p.PassChainExecutor - PASS #2: ConfigurationPass
2026-04-27T11:34:43,181 [main] INFO  a.f.a.t.p.p.ConfigurationPassImpl -   > Set the initialization predicate to Init
2026-04-27T11:34:43,182 [main] INFO  a.f.a.t.p.p.ConfigurationPassImpl -   > Set the transition predicate to Next
2026-04-27T11:34:43,182 [main] INFO  a.f.a.t.p.p.ConfigurationPassImpl -   > Set an invariant to Agreement
2026-04-27T11:34:43,189 [main] DEBUG a.f.a.i.p.PassChainExecutor - PASS #2: ConfigurationPass [OK]
2026-04-27T11:34:43,190 [main] INFO  a.f.a.i.p.PassChainExecutor - PASS #3: DesugarerPass
2026-04-27T11:34:43,190 [main] INFO  a.f.a.t.p.p.DesugarerPassImpl -   > Desugaring...
2026-04-27T11:34:43,387 [main] DEBUG a.f.a.i.p.PassChainExecutor - PASS #3: DesugarerPass [OK]
2026-04-27T11:34:43,387 [main] INFO  a.f.a.i.p.PassChainExecutor - PASS #4: InlinePass
2026-04-27T11:34:43,389 [main] INFO  a.f.a.t.p.p.InlinePassImpl - Leaving only relevant operators: Agreement, CInitPrimed, Init, InitPrimed, Next
2026-04-27T11:34:43,676 [main] DEBUG a.f.a.i.p.PassChainExecutor - PASS #4: InlinePass [OK]
2026-04-27T11:34:43,676 [main] INFO  a.f.a.i.p.PassChainExecutor - PASS #5: TemporalPass
2026-04-27T11:34:43,676 [main] INFO  a.f.a.t.p.p.TemporalPassImpl -   > Rewriting temporal operators...
2026-04-27T11:34:43,676 [main] INFO  a.f.a.t.p.p.TemporalPassImpl -   > No temporal property specified, nothing to encode
2026-04-27T11:34:43,677 [main] DEBUG a.f.a.i.p.PassChainExecutor - PASS #5: TemporalPass [OK]
2026-04-27T11:34:43,677 [main] INFO  a.f.a.i.p.PassChainExecutor - PASS #6: InlinePass
2026-04-27T11:34:43,677 [main] INFO  a.f.a.t.p.p.InlinePassImpl - Leaving only relevant operators: Agreement, CInitPrimed, Init, InitPrimed, Next
2026-04-27T11:34:43,727 [main] DEBUG a.f.a.i.p.PassChainExecutor - PASS #6: InlinePass [OK]
2026-04-27T11:34:43,727 [main] INFO  a.f.a.i.p.PassChainExecutor - PASS #7: PrimingPass
2026-04-27T11:34:43,730 [main] INFO  a.f.a.t.p.a.PrimingPassImpl -   > Introducing InitPrimed for Init'
2026-04-27T11:34:43,735 [main] DEBUG a.f.a.i.p.PassChainExecutor - PASS #7: PrimingPass [OK]
2026-04-27T11:34:43,735 [main] INFO  a.f.a.i.p.PassChainExecutor - PASS #8: VCGen
2026-04-27T11:34:43,736 [main] INFO  a.f.a.t.b.p.VCGenPassImpl -   > Producing verification conditions from the invariant Agreement
2026-04-27T11:34:43,739 [main] INFO  a.f.a.t.b.VCGenerator -   > VCGen produced 1 verification condition(s)
2026-04-27T11:34:43,740 [main] DEBUG a.f.a.i.p.PassChainExecutor - PASS #8: VCGen [OK]
2026-04-27T11:34:43,740 [main] INFO  a.f.a.i.p.PassChainExecutor - PASS #9: PreprocessingPass
2026-04-27T11:34:43,740 [main] INFO  a.f.a.t.p.p.PreproPassImpl -   > Before preprocessing: unique renaming
2026-04-27T11:34:43,744 [main] INFO  a.f.a.t.p.p.PreproPassImpl -  > Applying standard transformations:
2026-04-27T11:34:43,745 [main] INFO  a.f.a.t.p.p.PreproPassImpl -   > PrimePropagation
2026-04-27T11:34:43,753 [main] INFO  a.f.a.t.p.p.PreproPassImpl -   > Desugarer
2026-04-27T11:34:43,781 [main] INFO  a.f.a.t.p.p.PreproPassImpl -   > UniqueRenamer
2026-04-27T11:34:43,809 [main] INFO  a.f.a.t.p.p.PreproPassImpl -   > Normalizer
2026-04-27T11:34:43,828 [main] INFO  a.f.a.t.p.p.PreproPassImpl -   > Keramelizer
2026-04-27T11:34:43,862 [main] INFO  a.f.a.t.p.p.PreproPassImpl -   > After preprocessing: UniqueRenamer
2026-04-27T11:34:43,923 [main] DEBUG a.f.a.i.p.PassChainExecutor - PASS #9: PreprocessingPass [OK]
2026-04-27T11:34:43,924 [main] INFO  a.f.a.i.p.PassChainExecutor - PASS #10: TransitionFinderPass
2026-04-27T11:34:43,971 [main] INFO  a.f.a.t.p.a.TransitionPassImpl -   > Found 1 initializing transitions
2026-04-27T11:34:44,049 [main] INFO  a.f.a.t.p.a.TransitionPassImpl -   > Found 70 transitions
2026-04-27T11:34:44,050 [main] INFO  a.f.a.t.p.a.TransitionPassImpl -   > No constant initializer
2026-04-27T11:34:44,052 [main] INFO  a.f.a.t.p.a.TransitionPassImpl -   > Applying unique renaming
2026-04-27T11:34:44,145 [main] DEBUG a.f.a.i.p.PassChainExecutor - PASS #10: TransitionFinderPass [OK]
2026-04-27T11:34:44,146 [main] INFO  a.f.a.i.p.PassChainExecutor - PASS #11: OptimizationPass
2026-04-27T11:34:44,150 [main] INFO  a.f.a.t.p.p.OptPassImpl -  > Applying optimizations:
2026-04-27T11:34:44,151 [main] INFO  a.f.a.t.p.p.OptPassImpl -   > ConstSimplifier
2026-04-27T11:34:44,277 [main] INFO  a.f.a.t.p.p.OptPassImpl -   > ExprOptimizer
2026-04-27T11:34:44,346 [main] INFO  a.f.a.t.p.p.OptPassImpl -   > SetMembershipSimplifier
2026-04-27T11:34:44,374 [main] INFO  a.f.a.t.p.p.OptPassImpl -   > ConstSimplifier
2026-04-27T11:34:44,465 [main] DEBUG a.f.a.i.p.PassChainExecutor - PASS #11: OptimizationPass [OK]
2026-04-27T11:34:44,466 [main] INFO  a.f.a.i.p.PassChainExecutor - PASS #12: AnalysisPass
2026-04-27T11:34:44,468 [main] INFO  a.f.a.t.b.p.AnalysisPassImpl -  > Marking skolemizable existentials and sets to be expanded...
2026-04-27T11:34:44,468 [main] INFO  a.f.a.t.b.p.AnalysisPassImpl -   > Skolemization
2026-04-27T11:34:44,478 [main] INFO  a.f.a.t.b.p.AnalysisPassImpl -   > Expansion
2026-04-27T11:34:44,512 [main] INFO  a.f.a.t.b.p.AnalysisPassImpl -   > Remove unused let-in defs
2026-04-27T11:34:44,535 [main] INFO  a.f.a.t.b.p.AnalysisPassImpl -  > Running analyzers...
2026-04-27T11:34:44,541 [main] INFO  a.f.a.t.b.p.AnalysisPassImpl -   > Introduced expression grades
2026-04-27T11:34:44,541 [main] DEBUG a.f.a.i.p.PassChainExecutor - PASS #12: AnalysisPass [OK]
2026-04-27T11:34:44,542 [main] INFO  a.f.a.i.p.PassChainExecutor - PASS #13: BoundedChecker
2026-04-27T11:34:44,567 [main] DEBUG a.f.a.t.b.s.Z3SolverContext - Creating Z3 solver context 0
2026-04-27T11:34:44,800 [main] ERROR a.f.a.t.b.r.SubstRule - This error may show up when CONSTANTS are not initialized.
2026-04-27T11:34:44,801 [main] ERROR a.f.a.t.b.r.SubstRule - Check the manual: https://apalache-mc.org/docs/apalache/parameters.html
2026-04-27T11:34:44,801 [main] DEBUG a.f.a.i.p.PassChainExecutor - Adapted exception intercepted: 
at.forsyte.apalache.tla.pp.TlaInputError: SubstRule: Variable Proc is not assigned a value
	at at.forsyte.apalache.tla.bmcmt.rules.SubstRule.apply(SubstRule.scala:35)
	at at.forsyte.apalache.tla.bmcmt.SymbStateRewriterImpl.rewriteOnce(SymbStateRewriterImpl.scala:336)
	at at.forsyte.apalache.tla.bmcmt.SymbStateRewriterImpl.doRecursive$1(SymbStateRewriterImpl.scala:390)
	at at.forsyte.apalache.tla.bmcmt.SymbStateRewriterImpl.rewriteUntilDone(SymbStateRewriterImpl.scala:424)
	at at.forsyte.apalache.tla.bmcmt.rules.CardinalityRule.apply(CardinalityRule.scala:34)
	at at.forsyte.apalache.tla.bmcmt.SymbStateRewriterImpl.rewriteOnce(SymbStateRewriterImpl.scala:357)
	at at.forsyte.apalache.tla.bmcmt.SymbStateRewriterImpl.doRecursive$1(SymbStateRewriterImpl.scala:390)
	at at.forsyte.apalache.tla.bmcmt.SymbStateRewriterImpl.rewriteUntilDone(SymbStateRewriterImpl.scala:424)
	at at.forsyte.apalache.tla.bmcmt.rules.IntArithPacker.packArithExpr(IntArithPacker.scala:54)
	at at.forsyte.apalache.tla.bmcmt.rules.IntArithPacker.packArithExpr$(IntArithPacker.scala:29)
	at at.forsyte.apalache.tla.bmcmt.rules.IntCmpRule.packArithExpr(IntCmpRule.scala:15)
	at at.forsyte.apalache.tla.bmcmt.rules.IntCmpRule.rewritePacked(IntCmpRule.scala:41)
	at at.forsyte.apalache.tla.bmcmt.rules.IntCmpRule.apply(IntCmpRule.scala:32)
	at at.forsyte.apalache.tla.bmcmt.SymbStateRewriterImpl.rewriteOnce(SymbStateRewriterImpl.scala:357)
	at at.forsyte.apalache.tla.bmcmt.SymbStateRewriterImpl.doRecursive$1(SymbStateRewriterImpl.scala:390)
	at at.forsyte.apalache.tla.bmcmt.SymbStateRewriterImpl.rewriteUntilDone(SymbStateRewriterImpl.scala:424)
	at at.forsyte.apalache.tla.bmcmt.trex.TransitionExecutorImpl.assertState(TransitionExecutorImpl.scala:216)
	at at.forsyte.apalache.tla.bmcmt.trex.FilteredTransitionExecutor.assertState(FilteredTransitionExecutor.scala:137)
	at at.forsyte.apalache.tla.bmcmt.trex.ConstrainedTransitionExecutor.assertState(ConstrainedTransitionExecutor.scala:111)
	at at.forsyte.apalache.tla.bmcmt.SeqModelChecker.$anonfun$run$1(SeqModelChecker.scala:55)
	at at.forsyte.apalache.tla.bmcmt.SeqModelChecker.$anonfun$run$1$adapted(SeqModelChecker.scala:54)
	at scala.collection.immutable.List.foreach(List.scala:323)
	at at.forsyte.apalache.tla.bmcmt.SeqModelChecker.run(SeqModelChecker.scala:54)
	at at.forsyte.apalache.tla.bmcmt.passes.BoundedCheckerPassImpl.runIncrementalChecker(BoundedCheckerPassImpl.scala:164)
	at at.forsyte.apalache.tla.bmcmt.passes.BoundedCheckerPassImpl.execute(BoundedCheckerPassImpl.scala:116)
	at at.forsyte.apalache.infra.passes.PassChainExecutor.exec(PassChainExecutor.scala:71)
	at at.forsyte.apalache.infra.passes.PassChainExecutor.$anonfun$runPassOnModule$3(PassChainExecutor.scala:60)
	at scala.util.Either.flatMap(Either.scala:360)
	at at.forsyte.apalache.infra.passes.PassChainExecutor.$anonfun$runPassOnModule$1(PassChainExecutor.scala:58)
	at scala.collection.LinearSeqOps.foldLeft(LinearSeq.scala:183)
	at scala.collection.LinearSeqOps.foldLeft$(LinearSeq.scala:179)
	at scala.collection.immutable.List.foldLeft(List.scala:79)
	at at.forsyte.apalache.infra.passes.PassChainExecutor.runOnPasses(PassChainExecutor.scala:51)
	at at.forsyte.apalache.infra.passes.PassChainExecutor.run(PassChainExecutor.scala:42)
	at at.forsyte.apalache.tla.tooling.opt.CheckCmd.run(CheckCmd.scala:137)
	at at.forsyte.apalache.tla.Tool$.runCommand(Tool.scala:139)
	at at.forsyte.apalache.tla.Tool$.run(Tool.scala:119)
	at at.forsyte.apalache.tla.Tool$.main(Tool.scala:40)
	at at.forsyte.apalache.tla.Tool.main(Tool.scala)
2026-04-27T11:34:44,803 [main] ERROR a.f.a.t.Tool$ - Input error (see the manual): SubstRule: Variable Proc is not assigned a value
2026-04-27T11:34:44,803 [main] INFO  a.f.a.t.Tool$ - It took me 0 days  0 hours  0 min 11 sec
2026-04-27T11:34:44,804 [main] INFO  a.f.a.t.Tool$ - Total time: 11.597 sec
