2026-04-27T11:27:41,054 [main] INFO  a.f.a.t.Tool$ - # APALACHE version: 0.56.1 | build: 70cdaf4
2026-04-27T11:27:41,071 [main] INFO  a.f.a.t.t.o.CheckCmd - Tuning: search.outputTraces=false
2026-04-27T11:27:41,223 [main] INFO  a.f.a.i.p.PassChainExecutor - PASS #0: SanyParser
2026-04-27T11:27:41,694 [main] WARN  a.f.a.t.i.ModuleTranslator - WORKAROUND #130: labelling operator n as recursive, though SANY did not tell us so.
2026-04-27T11:27:41,694 [main] WARN  a.f.a.t.i.ModuleTranslator - WORKAROUND #130: labelling operator n as recursive, though SANY did not tell us so.
2026-04-27T11:27:41,694 [main] WARN  a.f.a.t.i.ModuleTranslator - WORKAROUND #130: labelling operator n as recursive, though SANY did not tell us so.
2026-04-27T11:27:41,695 [main] WARN  a.f.a.t.i.ModuleTranslator - WORKAROUND #130: labelling operator nMessage as recursive, though SANY did not tell us so.
2026-04-27T11:27:41,792 [main] DEBUG a.f.a.i.p.PassChainExecutor - PASS #0: SanyParser [OK]
2026-04-27T11:27:41,793 [main] INFO  a.f.a.i.p.PassChainExecutor - PASS #1: TypeCheckerSnowcat
2026-04-27T11:27:41,794 [main] INFO  a.f.a.t.p.t.EtcTypeCheckerPassImpl -  > Running Snowcat .::.
2026-04-27T11:27:50,296 [main] INFO  a.f.a.t.p.t.EtcTypeCheckerPassImpl -  > Your types are purrfect!
2026-04-27T11:27:50,296 [main] INFO  a.f.a.t.p.t.EtcTypeCheckerPassImpl -  > All expressions are typed
2026-04-27T11:27:50,296 [main] DEBUG a.f.a.i.p.PassChainExecutor - PASS #1: TypeCheckerSnowcat [OK]
2026-04-27T11:27:50,297 [main] INFO  a.f.a.i.p.PassChainExecutor - PASS #2: ConfigurationPass
2026-04-27T11:27:50,303 [main] DEBUG a.f.a.i.p.PassChainExecutor - Adapted exception intercepted: 
at.forsyte.apalache.tla.lir.LanguagePredError: Some declarations do not fit in the fragment NonrecursiveLanguagePred$
	at at.forsyte.apalache.tla.lir.transformations.LanguageWatchdog.check(LanguageWatchdog.scala:34)
	at at.forsyte.apalache.tla.passes.pp.ConfigurationPassImpl.execute(ConfigurationPassImpl.scala:46)
	at at.forsyte.apalache.infra.passes.PassChainExecutor.exec(PassChainExecutor.scala:71)
	at at.forsyte.apalache.infra.passes.PassChainExecutor.$anonfun$runPassOnModule$3(PassChainExecutor.scala:60)
	at scala.util.Either.flatMap(Either.scala:360)
	at at.forsyte.apalache.infra.passes.PassChainExecutor.$anonfun$runPassOnModule$1(PassChainExecutor.scala:58)
	at scala.collection.LinearSeqOps.foldLeft(LinearSeq.scala:183)
	at scala.collection.LinearSeqOps.foldLeft$(LinearSeq.scala:179)
	at scala.collection.immutable.List.foldLeft(List.scala:79)
	at at.forsyte.apalache.infra.passes.PassChainExecutor.runOnPasses(PassChainExecutor.scala:51)
	at at.forsyte.apalache.infra.passes.PassChainExecutor.run(PassChainExecutor.scala:42)
	at at.forsyte.apalache.tla.tooling.opt.CheckCmd.run(CheckCmd.scala:137)
	at at.forsyte.apalache.tla.Tool$.runCommand(Tool.scala:139)
	at at.forsyte.apalache.tla.Tool$.run(Tool.scala:119)
	at at.forsyte.apalache.tla.Tool$.main(Tool.scala:40)
	at at.forsyte.apalache.tla.Tool.main(Tool.scala)
2026-04-27T11:27:50,339 [main] ERROR a.f.a.t.b.c.CheckerExceptionAdapter - <unknown>: unexpected expression: RECURSIVE n(). Apalache does not support recursive operators.
2026-04-27T11:27:50,365 [main] ERROR a.f.a.t.b.c.CheckerExceptionAdapter - <unknown>: unexpected expression: RECURSIVE n(). Apalache does not support recursive operators.
2026-04-27T11:27:50,390 [main] ERROR a.f.a.t.b.c.CheckerExceptionAdapter - <unknown>: unexpected expression: RECURSIVE n(). Apalache does not support recursive operators.
2026-04-27T11:27:50,414 [main] ERROR a.f.a.t.b.c.CheckerExceptionAdapter - <unknown>: unexpected expression: RECURSIVE nMessage(). Apalache does not support recursive operators.
2026-04-27T11:27:50,415 [main] ERROR a.f.a.t.Tool$ - Unexpected expressions in the specification (see the error messages)
2026-04-27T11:27:50,415 [main] INFO  a.f.a.t.Tool$ - It took me 0 days  0 hours  0 min  9 sec
2026-04-27T11:27:50,415 [main] INFO  a.f.a.t.Tool$ - Total time: 9.359 sec
